Component: ARM Compiler 6.16 Tool: armlink [5dfeaa00]

==============================================================================

Section Cross References

    main.o(.ARM.exidx.text.init_DAC) refers to main.o(.text.init_DAC) for [Anonymous Symbol]
    main.o(.ARM.exidx.text.checkAnalog) refers to main.o(.text.checkAnalog) for [Anonymous Symbol]
    main.o(.text.main) refers to lights.o(.text.tpm_init) for tpm_init
    main.o(.text.main) refers to uart1.o(.text.uart1_init) for uart1_init
    main.o(.text.main) refers to tpm0.o(.text.timer0init) for timer0init
    main.o(.text.main) refers to uart1.o(.text.uart1_receive_string) for uart1_receive_string
    main.o(.text.main) refers to atoi.o(.text) for atoi
    main.o(.text.main) refers to dflti.o(.text) for __aeabi_i2d
    main.o(.text.main) refers to ddiv.o(.text) for __aeabi_ddiv
    main.o(.text.main) refers to dfixi.o(.text) for __aeabi_d2iz
    main.o(.text.main) refers to printf1.o(i.__0sprintf$1) for __2sprintf
    main.o(.text.main) refers to uart1.o(.text.uart1_send_string) for uart1_send_string
    main.o(.text.main) refers to lights.o(.text.color_pwmcontrol) for color_pwmcontrol
    main.o(.text.main) refers to lights.o(.text.fan_onoff) for fan_onoff
    main.o(.text.main) refers to lights.o(.text.heater_onoff) for heater_onoff
    main.o(.text.main) refers to lights.o(.text.color_onoff) for color_onoff
    main.o(.text.main) refers to uart1.o(.bss.receiveString) for receiveString
    main.o(.text.main) refers to main.o(.bss..L_MergedGlobals.4) for [Anonymous Symbol]
    main.o(.text.main) refers to main.o(.data..L_MergedGlobals) for [Anonymous Symbol]
    main.o(.text.main) refers to main.o(.bss..L_MergedGlobals.5) for [Anonymous Symbol]
    main.o(.text.main) refers to main.o(.rodata.str1.1) for [Anonymous Symbol]
    main.o(.ARM.exidx.text.main) refers to main.o(.text.main) for [Anonymous Symbol]
    main.o(.text.displayLCD) refers to lcd.o(.text.select) for select
    main.o(.text.displayLCD) refers to lcd.o(.text.mainScreen) for mainScreen
    main.o(.text.displayLCD) refers to lcd.o(.bss..L_MergedGlobals) for y
    main.o(.text.displayLCD) refers to main.o(.bss..L_MergedGlobals.4) for [Anonymous Symbol]
    main.o(.ARM.exidx.text.displayLCD) refers to main.o(.text.displayLCD) for [Anonymous Symbol]
    flags.o(.ARM.exidx.text.checkFlags) refers to flags.o(.text.checkFlags) for [Anonymous Symbol]
    sensor.o(.ARM.exidx.text.ADCinit) refers to sensor.o(.text.ADCinit) for [Anonymous Symbol]
    dht11.o(.text.checkResponse) refers to tpm0.o(.text.timerStart) for timerStart
    dht11.o(.text.checkResponse) refers to tpm0.o(.text.timerStop) for timerStop
    dht11.o(.text.checkResponse) refers to uart1.o(.text.uart1_send_string) for uart1_send_string
    dht11.o(.text.checkResponse) refers to dht11.o(.rodata.str1.1) for [Anonymous Symbol]
    dht11.o(.ARM.exidx.text.checkResponse) refers to dht11.o(.text.checkResponse) for [Anonymous Symbol]
    dht11.o(.text.getDataBit) refers to tpm0.o(.text.timerStart) for timerStart
    dht11.o(.text.getDataBit) refers to tpm0.o(.text.timerStop) for timerStop
    dht11.o(.text.getDataBit) refers to uart1.o(.text.uart1_send_string) for uart1_send_string
    dht11.o(.text.getDataBit) refers to dht11.o(.rodata.str1.1) for [Anonymous Symbol]
    dht11.o(.ARM.exidx.text.getDataBit) refers to dht11.o(.text.getDataBit) for [Anonymous Symbol]
    dht11.o(.text.dht_function) refers to tpm0.o(.text.timerStart) for timerStart
    dht11.o(.text.dht_function) refers to tpm0.o(.text.timerStop) for timerStop
    dht11.o(.text.dht_function) refers to uart1.o(.text.uart1_send_string) for uart1_send_string
    dht11.o(.text.dht_function) refers to dht11.o(.text.getDataBit) for getDataBit
    dht11.o(.text.dht_function) refers to dht11.o(.rodata.str1.1) for [Anonymous Symbol]
    dht11.o(.ARM.exidx.text.dht_function) refers to dht11.o(.text.dht_function) for [Anonymous Symbol]
    lights.o(.ARM.exidx.text.tpm_init) refers to lights.o(.text.tpm_init) for [Anonymous Symbol]
    lights.o(.ARM.exidx.text.color_pwmcontrol) refers to lights.o(.text.color_pwmcontrol) for [Anonymous Symbol]
    lights.o(.text.color_onoff) refers to main.o(.data.color) for color
    lights.o(.ARM.exidx.text.color_onoff) refers to lights.o(.text.color_onoff) for [Anonymous Symbol]
    lights.o(.ARM.exidx.text.water_pwmcontrol) refers to lights.o(.text.water_pwmcontrol) for [Anonymous Symbol]
    lights.o(.text.water_onoff) refers to main.o(.data.water) for water
    lights.o(.ARM.exidx.text.water_onoff) refers to lights.o(.text.water_onoff) for [Anonymous Symbol]
    lights.o(.ARM.exidx.text.fan_pwmcontrol) refers to lights.o(.text.fan_pwmcontrol) for [Anonymous Symbol]
    lights.o(.text.fan_onoff) refers to main.o(.data.fan) for fan
    lights.o(.ARM.exidx.text.fan_onoff) refers to lights.o(.text.fan_onoff) for [Anonymous Symbol]
    lights.o(.ARM.exidx.text.heater_onoff) refers to lights.o(.text.heater_onoff) for [Anonymous Symbol]
    tpm0.o(.ARM.exidx.text.timer0init) refers to tpm0.o(.text.timer0init) for [Anonymous Symbol]
    tpm0.o(.ARM.exidx.text.timerStart) refers to tpm0.o(.text.timerStart) for [Anonymous Symbol]
    tpm0.o(.ARM.exidx.text.timerStop) refers to tpm0.o(.text.timerStop) for [Anonymous Symbol]
    uart.o(.text.uart0_init) refers to queue.o(.text.q_init) for q_init
    uart.o(.text.uart0_init) refers to uart.o(.bss.TxQ) for [Anonymous Symbol]
    uart.o(.text.uart0_init) refers to uart.o(.bss.RxQ) for [Anonymous Symbol]
    uart.o(.ARM.exidx.text.uart0_init) refers to uart.o(.text.uart0_init) for [Anonymous Symbol]
    uart.o(.text.UART0_IRQHandler) refers to queue.o(.text.q_dequeue) for q_dequeue
    uart.o(.text.UART0_IRQHandler) refers to queue.o(.text.q_enqueue) for q_enqueue
    uart.o(.text.UART0_IRQHandler) refers to uart.o(.bss.TxQ) for [Anonymous Symbol]
    uart.o(.text.UART0_IRQHandler) refers to uart.o(.bss.RxQ) for [Anonymous Symbol]
    uart.o(.ARM.exidx.text.UART0_IRQHandler) refers to uart.o(.text.UART0_IRQHandler) for [Anonymous Symbol]
    uart.o(.text.uart0_send_string) refers to queue.o(.text.q_enqueue) for q_enqueue
    uart.o(.text.uart0_send_string) refers to uart.o(.bss.TxQ) for [Anonymous Symbol]
    uart.o(.ARM.exidx.text.uart0_send_string) refers to uart.o(.text.uart0_send_string) for [Anonymous Symbol]
    uart.o(.text.uart0_num_rx_chars_available) refers to queue.o(.text.q_size) for q_size
    uart.o(.text.uart0_num_rx_chars_available) refers to uart.o(.bss.RxQ) for [Anonymous Symbol]
    uart.o(.ARM.exidx.text.uart0_num_rx_chars_available) refers to uart.o(.text.uart0_num_rx_chars_available) for [Anonymous Symbol]
    uart.o(.text.uart0_get_char) refers to queue.o(.text.q_dequeue) for q_dequeue
    uart.o(.text.uart0_get_char) refers to uart.o(.bss.RxQ) for [Anonymous Symbol]
    uart.o(.ARM.exidx.text.uart0_get_char) refers to uart.o(.text.uart0_get_char) for [Anonymous Symbol]
    uart.o(.text.uart0_put_char) refers to queue.o(.text.q_enqueue) for q_enqueue
    uart.o(.text.uart0_put_char) refers to uart.o(.bss.TxQ) for [Anonymous Symbol]
    uart.o(.ARM.exidx.text.uart0_put_char) refers to uart.o(.text.uart0_put_char) for [Anonymous Symbol]
    queue.o(.text.q_init) refers to memseta.o(.text) for __aeabi_memclr
    queue.o(.ARM.exidx.text.q_init) refers to queue.o(.text.q_init) for [Anonymous Symbol]
    queue.o(.ARM.exidx.text.q_empty) refers to queue.o(.text.q_empty) for [Anonymous Symbol]
    queue.o(.ARM.exidx.text.q_full) refers to queue.o(.text.q_full) for [Anonymous Symbol]
    queue.o(.ARM.exidx.text.q_size) refers to queue.o(.text.q_size) for [Anonymous Symbol]
    queue.o(.ARM.exidx.text.q_enqueue) refers to queue.o(.text.q_enqueue) for [Anonymous Symbol]
    queue.o(.ARM.exidx.text.q_dequeue) refers to queue.o(.text.q_dequeue) for [Anonymous Symbol]
    uart1.o(.text.uart1_init) refers to queue.o(.text.q_init) for q_init
    uart1.o(.text.uart1_init) refers to uart1.o(.bss.TxQ) for TxQ
    uart1.o(.text.uart1_init) refers to uart1.o(.bss.RxQ) for RxQ
    uart1.o(.ARM.exidx.text.uart1_init) refers to uart1.o(.text.uart1_init) for [Anonymous Symbol]
    uart1.o(.text.UART1_IRQHandler) refers to queue.o(.text.q_dequeue) for q_dequeue
    uart1.o(.text.UART1_IRQHandler) refers to queue.o(.text.q_enqueue) for q_enqueue
    uart1.o(.text.UART1_IRQHandler) refers to uart1.o(.bss.TxQ) for TxQ
    uart1.o(.text.UART1_IRQHandler) refers to uart1.o(.bss.RxQ) for RxQ
    uart1.o(.ARM.exidx.text.UART1_IRQHandler) refers to uart1.o(.text.UART1_IRQHandler) for [Anonymous Symbol]
    uart1.o(.text.uart1_send_string) refers to queue.o(.text.q_enqueue) for q_enqueue
    uart1.o(.text.uart1_send_string) refers to uart1.o(.bss.TxQ) for TxQ
    uart1.o(.ARM.exidx.text.uart1_send_string) refers to uart1.o(.text.uart1_send_string) for [Anonymous Symbol]
    uart1.o(.text.uart1_num_rx_chars_available) refers to queue.o(.text.q_size) for q_size
    uart1.o(.text.uart1_num_rx_chars_available) refers to uart1.o(.bss.RxQ) for RxQ
    uart1.o(.ARM.exidx.text.uart1_num_rx_chars_available) refers to uart1.o(.text.uart1_num_rx_chars_available) for [Anonymous Symbol]
    uart1.o(.text.uart1_get_char) refers to queue.o(.text.q_dequeue) for q_dequeue
    uart1.o(.text.uart1_get_char) refers to uart1.o(.bss.RxQ) for RxQ
    uart1.o(.ARM.exidx.text.uart1_get_char) refers to uart1.o(.text.uart1_get_char) for [Anonymous Symbol]
    uart1.o(.text.uart1_put_char) refers to queue.o(.text.q_enqueue) for q_enqueue
    uart1.o(.text.uart1_put_char) refers to uart1.o(.bss.TxQ) for TxQ
    uart1.o(.ARM.exidx.text.uart1_put_char) refers to uart1.o(.text.uart1_put_char) for [Anonymous Symbol]
    uart1.o(.text.uart1_receive_string) refers to queue.o(.text.q_size) for q_size
    uart1.o(.text.uart1_receive_string) refers to queue.o(.text.q_dequeue) for q_dequeue
    uart1.o(.text.uart1_receive_string) refers to uart1.o(.bss.RxQ) for RxQ
    uart1.o(.ARM.exidx.text.uart1_receive_string) refers to uart1.o(.text.uart1_receive_string) for [Anonymous Symbol]
    lcd.o(.ARM.exidx.text.buttonInit) refers to lcd.o(.text.buttonInit) for [Anonymous Symbol]
    lcd.o(.text.callwrite) refers to printf1.o(i.__0sprintf$1) for __2sprintf
    lcd.o(.text.callwrite) refers to driver.o(.text.PCF8574T_displayString) for PCF8574T_displayString
    lcd.o(.text.callwrite) refers to lcd.o(.rodata.str1.1) for [Anonymous Symbol]
    lcd.o(.ARM.exidx.text.callwrite) refers to lcd.o(.text.callwrite) for [Anonymous Symbol]
    lcd.o(.text.select) refers to driver.o(.text.PCF8574T_displayString) for PCF8574T_displayString
    lcd.o(.text.select) refers to printf1.o(i.__0sprintf$1) for __2sprintf
    lcd.o(.text.select) refers to lcd.o(.bss..L_MergedGlobals) for [Anonymous Symbol]
    lcd.o(.text.select) refers to lcd.o(.rodata.str1.1) for [Anonymous Symbol]
    lcd.o(.ARM.exidx.text.select) refers to lcd.o(.text.select) for [Anonymous Symbol]
    lcd.o(.text.mainScreen) refers to printf1.o(i.__0sprintf$1) for __2sprintf
    lcd.o(.text.mainScreen) refers to driver.o(.text.PCF8574T_displayString) for PCF8574T_displayString
    lcd.o(.ARM.exidx.text.mainScreen) refers to lcd.o(.text.mainScreen) for [Anonymous Symbol]
    lcd.o(.text.Enter) refers to driver.o(.text.PCF8574T_sendCommand8bit) for PCF8574T_sendCommand8bit
    lcd.o(.text.Enter) refers to lcd.o(.bss..L_MergedGlobals) for [Anonymous Symbol]
    lcd.o(.text.Enter) refers to lcd.o(.data.maxY) for maxY
    lcd.o(.ARM.exidx.text.Enter) refers to lcd.o(.text.Enter) for [Anonymous Symbol]
    lcd.o(.text.Undo) refers to driver.o(.text.PCF8574T_sendCommand8bit) for PCF8574T_sendCommand8bit
    lcd.o(.text.Undo) refers to lcd.o(.bss..L_MergedGlobals) for [Anonymous Symbol]
    lcd.o(.ARM.exidx.text.Undo) refers to lcd.o(.text.Undo) for [Anonymous Symbol]
    lcd.o(.text.nextSlide) refers to driver.o(.text.PCF8574T_sendCommand8bit) for PCF8574T_sendCommand8bit
    lcd.o(.text.nextSlide) refers to lcd.o(.bss..L_MergedGlobals) for [Anonymous Symbol]
    lcd.o(.ARM.exidx.text.nextSlide) refers to lcd.o(.text.nextSlide) for [Anonymous Symbol]
    lcd.o(.text.prevSlide) refers to driver.o(.text.PCF8574T_sendCommand8bit) for PCF8574T_sendCommand8bit
    lcd.o(.text.prevSlide) refers to lcd.o(.bss..L_MergedGlobals) for [Anonymous Symbol]
    lcd.o(.ARM.exidx.text.prevSlide) refers to lcd.o(.text.prevSlide) for [Anonymous Symbol]
    lcd.o(.text.buttonFunc) refers to driver.o(.text.PCF8574T_sendCommand8bit) for PCF8574T_sendCommand8bit
    lcd.o(.text.buttonFunc) refers to lcd.o(.bss..L_MergedGlobals) for [Anonymous Symbol]
    lcd.o(.text.buttonFunc) refers to lcd.o(.data.maxY) for maxY
    lcd.o(.ARM.exidx.text.buttonFunc) refers to lcd.o(.text.buttonFunc) for [Anonymous Symbol]
    i2c.o(.ARM.exidx.text.i2c_Init) refers to i2c.o(.text.i2c_Init) for [Anonymous Symbol]
    i2c.o(.ARM.exidx.text.i2c_DisableAck) refers to i2c.o(.text.i2c_DisableAck) for [Anonymous Symbol]
    i2c.o(.ARM.exidx.text.i2c_EnableAck) refers to i2c.o(.text.i2c_EnableAck) for [Anonymous Symbol]
    i2c.o(.ARM.exidx.text.i2c_RepeatedStart) refers to i2c.o(.text.i2c_RepeatedStart) for [Anonymous Symbol]
    i2c.o(.ARM.exidx.text.i2c_EnterRxMode) refers to i2c.o(.text.i2c_EnterRxMode) for [Anonymous Symbol]
    i2c.o(.ARM.exidx.text.i2c_Start) refers to i2c.o(.text.i2c_Start) for [Anonymous Symbol]
    i2c.o(.ARM.exidx.text.i2c_Stop) refers to i2c.o(.text.i2c_Stop) for [Anonymous Symbol]
    i2c.o(.ARM.exidx.text.i2c_Wait) refers to i2c.o(.text.i2c_Wait) for [Anonymous Symbol]
    i2c.o(.ARM.exidx.text.i2c_WriteByte) refers to i2c.o(.text.i2c_WriteByte) for [Anonymous Symbol]
    i2c.o(.ARM.exidx.text.i2c_ReadByte) refers to i2c.o(.text.i2c_ReadByte) for [Anonymous Symbol]
    i2c.o(.ARM.exidx.text.i2c_WriteRegister) refers to i2c.o(.text.i2c_WriteRegister) for [Anonymous Symbol]
    i2c.o(.ARM.exidx.text.i2c_ReadRegister) refers to i2c.o(.text.i2c_ReadRegister) for [Anonymous Symbol]
    i2c.o(.ARM.exidx.text.i2c_ReadMultRegister) refers to i2c.o(.text.i2c_ReadMultRegister) for [Anonymous Symbol]
    i2c.o(.ARM.exidx.text.i2c_WriteMultRegister) refers to i2c.o(.text.i2c_WriteMultRegister) for [Anonymous Symbol]
    i2c.o(.ARM.exidx.text.i2c_WriteText) refers to i2c.o(.text.i2c_WriteText) for [Anonymous Symbol]
    driver.o(.text.PCF8574T_Init) refers to driver.o(.bss..L_MergedGlobals) for [Anonymous Symbol]
    driver.o(.text.PCF8574T_Init) refers to driver.o(.data.addr_) for [Anonymous Symbol]
    driver.o(.ARM.exidx.text.PCF8574T_Init) refers to driver.o(.text.PCF8574T_Init) for [Anonymous Symbol]
    driver.o(.text.PCF8574T_sendCommand8bit) refers to driver.o(.bss..L_MergedGlobals) for [Anonymous Symbol]
    driver.o(.text.PCF8574T_sendCommand8bit) refers to driver.o(.data.addr_) for [Anonymous Symbol]
    driver.o(.ARM.exidx.text.PCF8574T_sendCommand8bit) refers to driver.o(.text.PCF8574T_sendCommand8bit) for [Anonymous Symbol]
    driver.o(.text.PCF8574T_displayString) refers to driver.o(.bss..L_MergedGlobals) for [Anonymous Symbol]
    driver.o(.text.PCF8574T_displayString) refers to driver.o(.data.addr_) for [Anonymous Symbol]
    driver.o(.ARM.exidx.text.PCF8574T_displayString) refers to driver.o(.text.PCF8574T_displayString) for [Anonymous Symbol]
    startup_mkl25z4.o(RESET) refers to startup_mkl25z4.o(STACK) for __initial_sp
    startup_mkl25z4.o(RESET) refers to startup_mkl25z4.o(.text) for Reset_Handler
    startup_mkl25z4.o(RESET) refers to uart.o(.text.UART0_IRQHandler) for UART0_IRQHandler
    startup_mkl25z4.o(RESET) refers to uart1.o(.text.UART1_IRQHandler) for UART1_IRQHandler
    startup_mkl25z4.o(.text) refers to system_mkl25z4.o(.text.SystemInit) for SystemInit
    startup_mkl25z4.o(.text) refers to entry.o(.ARM.Collect$$$$00000000) for __main
    system_mkl25z4.o(.ARM.exidx.text.SystemInit) refers to system_mkl25z4.o(.text.SystemInit) for [Anonymous Symbol]
    system_mkl25z4.o(.text.SystemCoreClockUpdate) refers to uidiv_div0.o(.text) for __aeabi_uidiv
    system_mkl25z4.o(.text.SystemCoreClockUpdate) refers to system_mkl25z4.o(.data.SystemCoreClock) for SystemCoreClock
    system_mkl25z4.o(.ARM.exidx.text.SystemCoreClockUpdate) refers to system_mkl25z4.o(.text.SystemCoreClockUpdate) for [Anonymous Symbol]
    entry.o(.ARM.Collect$$$$00000000) refers (Special) to entry10a.o(.ARM.Collect$$$$0000000D) for __rt_final_cpp
    entry.o(.ARM.Collect$$$$00000000) refers (Special) to entry11a.o(.ARM.Collect$$$$0000000F) for __rt_final_exit
    entry.o(.ARM.Collect$$$$00000000) refers (Special) to entry7b.o(.ARM.Collect$$$$00000008) for _main_clock
    entry.o(.ARM.Collect$$$$00000000) refers (Special) to entry8b.o(.ARM.Collect$$$$0000000A) for _main_cpp_init
    entry.o(.ARM.Collect$$$$00000000) refers (Special) to entry9a.o(.ARM.Collect$$$$0000000B) for _main_init
    entry.o(.ARM.Collect$$$$00000000) refers (Special) to entry5.o(.ARM.Collect$$$$00000004) for _main_scatterload
    entry.o(.ARM.Collect$$$$00000000) refers (Special) to entry2.o(.ARM.Collect$$$$00000001) for _main_stk
    printfb.o(i.__0fprintf$bare) refers to printfb.o(i._printf_core) for _printf_core
    printfb.o(i.__0fprintf$bare) refers to fputc.o(i.fputc) for fputc
    printfb.o(i.__0printf$bare) refers to printfb.o(i._printf_core) for _printf_core
    printfb.o(i.__0printf$bare) refers to fputc.o(i.fputc) for fputc
    printfb.o(i.__0printf$bare) refers to stdout.o(.data) for __stdout
    printfb.o(i.__0snprintf$bare) refers to printfb.o(i._printf_core) for _printf_core
    printfb.o(i.__0snprintf$bare) refers to printfb.o(i._snputc) for _snputc
    printfb.o(i.__0sprintf$bare) refers to printfb.o(i._printf_core) for _printf_core
    printfb.o(i.__0sprintf$bare) refers to printfb.o(i._sputc) for _sputc
    printfb.o(i.__0vfprintf$bare) refers to printfb.o(i._printf_core) for _printf_core
    printfb.o(i.__0vfprintf$bare) refers to fputc.o(i.fputc) for fputc
    printfb.o(i.__0vprintf$bare) refers to printfb.o(i._printf_core) for _printf_core
    printfb.o(i.__0vprintf$bare) refers to fputc.o(i.fputc) for fputc
    printfb.o(i.__0vprintf$bare) refers to stdout.o(.data) for __stdout
    printfb.o(i.__0vsnprintf$bare) refers to printfb.o(i._printf_core) for _printf_core
    printfb.o(i.__0vsnprintf$bare) refers to printfb.o(i._snputc) for _snputc
    printfb.o(i.__0vsprintf$bare) refers to printfb.o(i._printf_core) for _printf_core
    printfb.o(i.__0vsprintf$bare) refers to printfb.o(i._sputc) for _sputc
    printf0.o(i.__0fprintf$0) refers to printf0.o(i._printf_core) for _printf_core
    printf0.o(i.__0fprintf$0) refers to fputc.o(i.fputc) for fputc
    printf0.o(i.__0printf$0) refers to printf0.o(i._printf_core) for _printf_core
    printf0.o(i.__0printf$0) refers to fputc.o(i.fputc) for fputc
    printf0.o(i.__0printf$0) refers to stdout.o(.data) for __stdout
    printf0.o(i.__0snprintf$0) refers to printf0.o(i._printf_core) for _printf_core
    printf0.o(i.__0snprintf$0) refers to printf0.o(i._snputc) for _snputc
    printf0.o(i.__0sprintf$0) refers to printf0.o(i._printf_core) for _printf_core
    printf0.o(i.__0sprintf$0) refers to printf0.o(i._sputc) for _sputc
    printf0.o(i.__0vfprintf$0) refers to printf0.o(i._printf_core) for _printf_core
    printf0.o(i.__0vfprintf$0) refers to fputc.o(i.fputc) for fputc
    printf0.o(i.__0vprintf$0) refers to printf0.o(i._printf_core) for _printf_core
    printf0.o(i.__0vprintf$0) refers to fputc.o(i.fputc) for fputc
    printf0.o(i.__0vprintf$0) refers to stdout.o(.data) for __stdout
    printf0.o(i.__0vsnprintf$0) refers to printf0.o(i._printf_core) for _printf_core
    printf0.o(i.__0vsnprintf$0) refers to printf0.o(i._snputc) for _snputc
    printf0.o(i.__0vsprintf$0) refers to printf0.o(i._printf_core) for _printf_core
    printf0.o(i.__0vsprintf$0) refers to printf0.o(i._sputc) for _sputc
    printf1.o(i.__0fprintf$1) refers to printf1.o(i._printf_core) for _printf_core
    printf1.o(i.__0fprintf$1) refers to fputc.o(i.fputc) for fputc
    printf1.o(i.__0printf$1) refers to printf1.o(i._printf_core) for _printf_core
    printf1.o(i.__0printf$1) refers to fputc.o(i.fputc) for fputc
    printf1.o(i.__0printf$1) refers to stdout.o(.data) for __stdout
    printf1.o(i.__0snprintf$1) refers to printf1.o(i._printf_core) for _printf_core
    printf1.o(i.__0snprintf$1) refers to printf1.o(i._snputc) for _snputc
    printf1.o(i.__0sprintf$1) refers to printf1.o(i._printf_core) for _printf_core
    printf1.o(i.__0sprintf$1) refers to printf1.o(i._sputc) for _sputc
    printf1.o(i.__0vfprintf$1) refers to printf1.o(i._printf_core) for _printf_core
    printf1.o(i.__0vfprintf$1) refers to fputc.o(i.fputc) for fputc
    printf1.o(i.__0vprintf$1) refers to printf1.o(i._printf_core) for _printf_core
    printf1.o(i.__0vprintf$1) refers to fputc.o(i.fputc) for fputc
    printf1.o(i.__0vprintf$1) refers to stdout.o(.data) for __stdout
    printf1.o(i.__0vsnprintf$1) refers to printf1.o(i._printf_core) for _printf_core
    printf1.o(i.__0vsnprintf$1) refers to printf1.o(i._snputc) for _snputc
    printf1.o(i.__0vsprintf$1) refers to printf1.o(i._printf_core) for _printf_core
    printf1.o(i.__0vsprintf$1) refers to printf1.o(i._sputc) for _sputc
    printf1.o(i._printf_core) refers to uidiv_div0.o(.text) for __aeabi_uidivmod
    printf2.o(i.__0fprintf$2) refers to printf2.o(i._printf_core) for _printf_core
    printf2.o(i.__0fprintf$2) refers to fputc.o(i.fputc) for fputc
    printf2.o(i.__0printf$2) refers to printf2.o(i._printf_core) for _printf_core
    printf2.o(i.__0printf$2) refers to fputc.o(i.fputc) for fputc
    printf2.o(i.__0printf$2) refers to stdout.o(.data) for __stdout
    printf2.o(i.__0snprintf$2) refers to printf2.o(i._printf_core) for _printf_core
    printf2.o(i.__0snprintf$2) refers to printf2.o(i._snputc) for _snputc
    printf2.o(i.__0sprintf$2) refers to printf2.o(i._printf_core) for _printf_core
    printf2.o(i.__0sprintf$2) refers to printf2.o(i._sputc) for _sputc
    printf2.o(i.__0vfprintf$2) refers to printf2.o(i._printf_core) for _printf_core
    printf2.o(i.__0vfprintf$2) refers to fputc.o(i.fputc) for fputc
    printf2.o(i.__0vprintf$2) refers to printf2.o(i._printf_core) for _printf_core
    printf2.o(i.__0vprintf$2) refers to fputc.o(i.fputc) for fputc
    printf2.o(i.__0vprintf$2) refers to stdout.o(.data) for __stdout
    printf2.o(i.__0vsnprintf$2) refers to printf2.o(i._printf_core) for _printf_core
    printf2.o(i.__0vsnprintf$2) refers to printf2.o(i._snputc) for _snputc
    printf2.o(i.__0vsprintf$2) refers to printf2.o(i._printf_core) for _printf_core
    printf2.o(i.__0vsprintf$2) refers to printf2.o(i._sputc) for _sputc
    printf3.o(i.__0fprintf$3) refers to printf3.o(i._printf_core) for _printf_core
    printf3.o(i.__0fprintf$3) refers to fputc.o(i.fputc) for fputc
    printf3.o(i.__0printf$3) refers to printf3.o(i._printf_core) for _printf_core
    printf3.o(i.__0printf$3) refers to fputc.o(i.fputc) for fputc
    printf3.o(i.__0printf$3) refers to stdout.o(.data) for __stdout
    printf3.o(i.__0snprintf$3) refers to printf3.o(i._printf_core) for _printf_core
    printf3.o(i.__0snprintf$3) refers to printf3.o(i._snputc) for _snputc
    printf3.o(i.__0sprintf$3) refers to printf3.o(i._printf_core) for _printf_core
    printf3.o(i.__0sprintf$3) refers to printf3.o(i._sputc) for _sputc
    printf3.o(i.__0vfprintf$3) refers to printf3.o(i._printf_core) for _printf_core
    printf3.o(i.__0vfprintf$3) refers to fputc.o(i.fputc) for fputc
    printf3.o(i.__0vprintf$3) refers to printf3.o(i._printf_core) for _printf_core
    printf3.o(i.__0vprintf$3) refers to fputc.o(i.fputc) for fputc
    printf3.o(i.__0vprintf$3) refers to stdout.o(.data) for __stdout
    printf3.o(i.__0vsnprintf$3) refers to printf3.o(i._printf_core) for _printf_core
    printf3.o(i.__0vsnprintf$3) refers to printf3.o(i._snputc) for _snputc
    printf3.o(i.__0vsprintf$3) refers to printf3.o(i._printf_core) for _printf_core
    printf3.o(i.__0vsprintf$3) refers to printf3.o(i._sputc) for _sputc
    printf3.o(i._printf_core) refers to uidiv_div0.o(.text) for __aeabi_uidivmod
    printf4.o(i.__0fprintf$4) refers to printf4.o(i._printf_core) for _printf_core
    printf4.o(i.__0fprintf$4) refers to fputc.o(i.fputc) for fputc
    printf4.o(i.__0printf$4) refers to printf4.o(i._printf_core) for _printf_core
    printf4.o(i.__0printf$4) refers to fputc.o(i.fputc) for fputc
    printf4.o(i.__0printf$4) refers to stdout.o(.data) for __stdout
    printf4.o(i.__0snprintf$4) refers to printf4.o(i._printf_core) for _printf_core
    printf4.o(i.__0snprintf$4) refers to printf4.o(i._snputc) for _snputc
    printf4.o(i.__0sprintf$4) refers to printf4.o(i._printf_core) for _printf_core
    printf4.o(i.__0sprintf$4) refers to printf4.o(i._sputc) for _sputc
    printf4.o(i.__0vfprintf$4) refers to printf4.o(i._printf_core) for _printf_core
    printf4.o(i.__0vfprintf$4) refers to fputc.o(i.fputc) for fputc
    printf4.o(i.__0vprintf$4) refers to printf4.o(i._printf_core) for _printf_core
    printf4.o(i.__0vprintf$4) refers to fputc.o(i.fputc) for fputc
    printf4.o(i.__0vprintf$4) refers to stdout.o(.data) for __stdout
    printf4.o(i.__0vsnprintf$4) refers to printf4.o(i._printf_core) for _printf_core
    printf4.o(i.__0vsnprintf$4) refers to printf4.o(i._snputc) for _snputc
    printf4.o(i.__0vsprintf$4) refers to printf4.o(i._printf_core) for _printf_core
    printf4.o(i.__0vsprintf$4) refers to printf4.o(i._sputc) for _sputc
    printf4.o(i._printf_core) refers to uldiv.o(.text) for __aeabi_uldivmod
    printf5.o(i.__0fprintf$5) refers to printf5.o(i._printf_core) for _printf_core
    printf5.o(i.__0fprintf$5) refers to fputc.o(i.fputc) for fputc
    printf5.o(i.__0printf$5) refers to printf5.o(i._printf_core) for _printf_core
    printf5.o(i.__0printf$5) refers to fputc.o(i.fputc) for fputc
    printf5.o(i.__0printf$5) refers to stdout.o(.data) for __stdout
    printf5.o(i.__0snprintf$5) refers to printf5.o(i._printf_core) for _printf_core
    printf5.o(i.__0snprintf$5) refers to printf5.o(i._snputc) for _snputc
    printf5.o(i.__0sprintf$5) refers to printf5.o(i._printf_core) for _printf_core
    printf5.o(i.__0sprintf$5) refers to printf5.o(i._sputc) for _sputc
    printf5.o(i.__0vfprintf$5) refers to printf5.o(i._printf_core) for _printf_core
    printf5.o(i.__0vfprintf$5) refers to fputc.o(i.fputc) for fputc
    printf5.o(i.__0vprintf$5) refers to printf5.o(i._printf_core) for _printf_core
    printf5.o(i.__0vprintf$5) refers to fputc.o(i.fputc) for fputc
    printf5.o(i.__0vprintf$5) refers to stdout.o(.data) for __stdout
    printf5.o(i.__0vsnprintf$5) refers to printf5.o(i._printf_core) for _printf_core
    printf5.o(i.__0vsnprintf$5) refers to printf5.o(i._snputc) for _snputc
    printf5.o(i.__0vsprintf$5) refers to printf5.o(i._printf_core) for _printf_core
    printf5.o(i.__0vsprintf$5) refers to printf5.o(i._sputc) for _sputc
    printf5.o(i._printf_core) refers to uldiv.o(.text) for __aeabi_uldivmod
    printf6.o(i.__0fprintf$6) refers to printf6.o(i._printf_core) for _printf_core
    printf6.o(i.__0fprintf$6) refers to fputc.o(i.fputc) for fputc
    printf6.o(i.__0printf$6) refers to printf6.o(i._printf_core) for _printf_core
    printf6.o(i.__0printf$6) refers to fputc.o(i.fputc) for fputc
    printf6.o(i.__0printf$6) refers to stdout.o(.data) for __stdout
    printf6.o(i.__0snprintf$6) refers to printf6.o(i._printf_core) for _printf_core
    printf6.o(i.__0snprintf$6) refers to printf6.o(i._snputc) for _snputc
    printf6.o(i.__0sprintf$6) refers to printf6.o(i._printf_core) for _printf_core
    printf6.o(i.__0sprintf$6) refers to printf6.o(i._sputc) for _sputc
    printf6.o(i.__0vfprintf$6) refers to printf6.o(i._printf_core) for _printf_core
    printf6.o(i.__0vfprintf$6) refers to fputc.o(i.fputc) for fputc
    printf6.o(i.__0vprintf$6) refers to printf6.o(i._printf_core) for _printf_core
    printf6.o(i.__0vprintf$6) refers to fputc.o(i.fputc) for fputc
    printf6.o(i.__0vprintf$6) refers to stdout.o(.data) for __stdout
    printf6.o(i.__0vsnprintf$6) refers to printf6.o(i._printf_core) for _printf_core
    printf6.o(i.__0vsnprintf$6) refers to printf6.o(i._snputc) for _snputc
    printf6.o(i.__0vsprintf$6) refers to printf6.o(i._printf_core) for _printf_core
    printf6.o(i.__0vsprintf$6) refers to printf6.o(i._sputc) for _sputc
    printf6.o(i._printf_core) refers to printf6.o(i._printf_pre_padding) for _printf_pre_padding
    printf6.o(i._printf_core) refers to printf6.o(i._printf_post_padding) for _printf_post_padding
    printf6.o(i._printf_core) refers to uidiv_div0.o(.text) for __aeabi_uidivmod
    printf7.o(i.__0fprintf$7) refers to printf7.o(i._printf_core) for _printf_core
    printf7.o(i.__0fprintf$7) refers to fputc.o(i.fputc) for fputc
    printf7.o(i.__0printf$7) refers to printf7.o(i._printf_core) for _printf_core
    printf7.o(i.__0printf$7) refers to fputc.o(i.fputc) for fputc
    printf7.o(i.__0printf$7) refers to stdout.o(.data) for __stdout
    printf7.o(i.__0snprintf$7) refers to printf7.o(i._printf_core) for _printf_core
    printf7.o(i.__0snprintf$7) refers to printf7.o(i._snputc) for _snputc
    printf7.o(i.__0sprintf$7) refers to printf7.o(i._printf_core) for _printf_core
    printf7.o(i.__0sprintf$7) refers to printf7.o(i._sputc) for _sputc
    printf7.o(i.__0vfprintf$7) refers to printf7.o(i._printf_core) for _printf_core
    printf7.o(i.__0vfprintf$7) refers to fputc.o(i.fputc) for fputc
    printf7.o(i.__0vprintf$7) refers to printf7.o(i._printf_core) for _printf_core
    printf7.o(i.__0vprintf$7) refers to fputc.o(i.fputc) for fputc
    printf7.o(i.__0vprintf$7) refers to stdout.o(.data) for __stdout
    printf7.o(i.__0vsnprintf$7) refers to printf7.o(i._printf_core) for _printf_core
    printf7.o(i.__0vsnprintf$7) refers to printf7.o(i._snputc) for _snputc
    printf7.o(i.__0vsprintf$7) refers to printf7.o(i._printf_core) for _printf_core
    printf7.o(i.__0vsprintf$7) refers to printf7.o(i._sputc) for _sputc
    printf7.o(i._printf_core) refers to printf7.o(i._printf_pre_padding) for _printf_pre_padding
    printf7.o(i._printf_core) refers to printf7.o(i._printf_post_padding) for _printf_post_padding
    printf7.o(i._printf_core) refers to uldiv.o(.text) for __aeabi_uldivmod
    printf8.o(i.__0fprintf$8) refers to printf8.o(i._printf_core) for _printf_core
    printf8.o(i.__0fprintf$8) refers to fputc.o(i.fputc) for fputc
    printf8.o(i.__0printf$8) refers to printf8.o(i._printf_core) for _printf_core
    printf8.o(i.__0printf$8) refers to fputc.o(i.fputc) for fputc
    printf8.o(i.__0printf$8) refers to stdout.o(.data) for __stdout
    printf8.o(i.__0snprintf$8) refers to printf8.o(i._printf_core) for _printf_core
    printf8.o(i.__0snprintf$8) refers to printf8.o(i._snputc) for _snputc
    printf8.o(i.__0sprintf$8) refers to printf8.o(i._printf_core) for _printf_core
    printf8.o(i.__0sprintf$8) refers to printf8.o(i._sputc) for _sputc
    printf8.o(i.__0vfprintf$8) refers to printf8.o(i._printf_core) for _printf_core
    printf8.o(i.__0vfprintf$8) refers to fputc.o(i.fputc) for fputc
    printf8.o(i.__0vprintf$8) refers to printf8.o(i._printf_core) for _printf_core
    printf8.o(i.__0vprintf$8) refers to fputc.o(i.fputc) for fputc
    printf8.o(i.__0vprintf$8) refers to stdout.o(.data) for __stdout
    printf8.o(i.__0vsnprintf$8) refers to printf8.o(i._printf_core) for _printf_core
    printf8.o(i.__0vsnprintf$8) refers to printf8.o(i._snputc) for _snputc
    printf8.o(i.__0vsprintf$8) refers to printf8.o(i._printf_core) for _printf_core
    printf8.o(i.__0vsprintf$8) refers to printf8.o(i._sputc) for _sputc
    printf8.o(i._printf_core) refers to printf8.o(i._printf_pre_padding) for _printf_pre_padding
    printf8.o(i._printf_core) refers to printf8.o(i._printf_post_padding) for _printf_post_padding
    printf8.o(i._printf_core) refers to uldiv.o(.text) for __aeabi_uldivmod
    printfa.o(i.__0fprintf) refers (Special) to iusefp.o(.text) for __I$use$fp
    printfa.o(i.__0fprintf) refers to printfa.o(i._printf_core) for _printf_core
    printfa.o(i.__0fprintf) refers to fputc.o(i.fputc) for fputc
    printfa.o(i.__0printf) refers (Special) to iusefp.o(.text) for __I$use$fp
    printfa.o(i.__0printf) refers to printfa.o(i._printf_core) for _printf_core
    printfa.o(i.__0printf) refers to fputc.o(i.fputc) for fputc
    printfa.o(i.__0printf) refers to stdout.o(.data) for __stdout
    printfa.o(i.__0snprintf) refers (Special) to iusefp.o(.text) for __I$use$fp
    printfa.o(i.__0snprintf) refers to printfa.o(i._printf_core) for _printf_core
    printfa.o(i.__0snprintf) refers to printfa.o(i._snputc) for _snputc
    printfa.o(i.__0sprintf) refers (Special) to iusefp.o(.text) for __I$use$fp
    printfa.o(i.__0sprintf) refers to printfa.o(i._printf_core) for _printf_core
    printfa.o(i.__0sprintf) refers to printfa.o(i._sputc) for _sputc
    printfa.o(i.__0vfprintf) refers (Special) to iusefp.o(.text) for __I$use$fp
    printfa.o(i.__0vfprintf) refers to printfa.o(i._printf_core) for _printf_core
    printfa.o(i.__0vfprintf) refers to fputc.o(i.fputc) for fputc
    printfa.o(i.__0vprintf) refers (Special) to iusefp.o(.text) for __I$use$fp
    printfa.o(i.__0vprintf) refers to printfa.o(i._printf_core) for _printf_core
    printfa.o(i.__0vprintf) refers to fputc.o(i.fputc) for fputc
    printfa.o(i.__0vprintf) refers to stdout.o(.data) for __stdout
    printfa.o(i.__0vsnprintf) refers (Special) to iusefp.o(.text) for __I$use$fp
    printfa.o(i.__0vsnprintf) refers to printfa.o(i._printf_core) for _printf_core
    printfa.o(i.__0vsnprintf) refers to printfa.o(i._snputc) for _snputc
    printfa.o(i.__0vsprintf) refers (Special) to iusefp.o(.text) for __I$use$fp
    printfa.o(i.__0vsprintf) refers to printfa.o(i._printf_core) for _printf_core
    printfa.o(i.__0vsprintf) refers to printfa.o(i._sputc) for _sputc
    printfa.o(i._fp_digits) refers (Special) to iusefp.o(.text) for __I$use$fp
    printfa.o(i._fp_digits) refers to dmul.o(.text) for __aeabi_dmul
    printfa.o(i._fp_digits) refers to ddiv.o(.text) for __aeabi_ddiv
    printfa.o(i._fp_digits) refers to cdrcmple.o(.text) for __aeabi_cdrcmple
    printfa.o(i._fp_digits) refers to dadd.o(.text) for __aeabi_dadd
    printfa.o(i._fp_digits) refers to dfixul.o(.text) for __aeabi_d2ulz
    printfa.o(i._fp_digits) refers to uldiv.o(.text) for __aeabi_uldivmod
    printfa.o(i._printf_core) refers (Special) to iusefp.o(.text) for __I$use$fp
    printfa.o(i._printf_core) refers to printfa.o(i._printf_pre_padding) for _printf_pre_padding
    printfa.o(i._printf_core) refers to uldiv.o(.text) for __aeabi_uldivmod
    printfa.o(i._printf_core) refers to printfa.o(i._printf_post_padding) for _printf_post_padding
    printfa.o(i._printf_core) refers to printfa.o(i._fp_digits) for _fp_digits
    printfa.o(i._printf_core) refers to uidiv_div0.o(.text) for __aeabi_uidivmod
    printfa.o(i._printf_post_padding) refers (Special) to iusefp.o(.text) for __I$use$fp
    printfa.o(i._printf_pre_padding) refers (Special) to iusefp.o(.text) for __I$use$fp
    printfa.o(i._snputc) refers (Special) to iusefp.o(.text) for __I$use$fp
    printfa.o(i._sputc) refers (Special) to iusefp.o(.text) for __I$use$fp
    atoi.o(.text) refers to errno.o(i.__aeabi_errno_addr) for __aeabi_errno_addr
    atoi.o(.text) refers to strtol.o(.text) for strtol
    ddiv.o(.text) refers (Special) to iusefp.o(.text) for __I$use$fp
    ddiv.o(.text) refers to depilogue.o(.text) for _double_round
    dflti.o(.text) refers (Special) to iusefp.o(.text) for __I$use$fp
    dflti.o(.text) refers to depilogue.o(.text) for _double_epilogue
    dfixi.o(.text) refers (Special) to iusefp.o(.text) for __I$use$fp
    dfixi.o(.text) refers to llushr.o(.text) for __aeabi_llsr
    entry2.o(.ARM.Collect$$$$00000001) refers to entry2.o(.ARM.Collect$$$$00002712) for __lit__00000000
    entry2.o(.ARM.Collect$$$$00002712) refers to startup_mkl25z4.o(STACK) for __initial_sp
    entry2.o(__vectab_stack_and_reset_area) refers to startup_mkl25z4.o(STACK) for __initial_sp
    entry2.o(__vectab_stack_and_reset_area) refers to entry.o(.ARM.Collect$$$$00000000) for __main
    entry5.o(.ARM.Collect$$$$00000004) refers to init.o(.text) for __scatterload
    entry9a.o(.ARM.Collect$$$$0000000B) refers to main.o(.text.main) for main
    entry9b.o(.ARM.Collect$$$$0000000C) refers to main.o(.text.main) for main
    fputc.o(i.fputc) refers (Special) to iusesemip.o(.text) for __I$use$semihosting$fputc
    fputc.o(i.fputc) refers (Special) to semi.o(.text) for __semihosting_library_function
    fputc_h.o(i._fputc$hlt) refers (Special) to iusesemip.o(.text) for __I$use$semihosting$fputc
    fputc_h.o(i._fputc$hlt) refers (Special) to semi.o(.text) for __semihosting_library_function
    idiv_div0.o(.text) refers to uidiv_div0.o(.text) for __aeabi_uidivmod
    uldiv.o(.text) refers to llushr.o(.text) for __aeabi_llsr
    uldiv.o(.text) refers to llshl.o(.text) for __aeabi_llsl
    errno.o(i.__aeabi_errno_addr) refers to errno.o(.data) for .data
    errno.o(i.__read_errno) refers to errno.o(.data) for .data
    errno.o(i.__set_errno) refers to errno.o(.data) for .data
    strtol.o(.text) refers to ctype_o.o(.text) for __rt_ctype_table
    strtol.o(.text) refers to _strtoul.o(.text) for _strtoul
    strtol.o(.text) refers to errno.o(i.__aeabi_errno_addr) for __aeabi_errno_addr
    depilogue.o(.text) refers (Special) to iusefp.o(.text) for __I$use$fp
    depilogue.o(.text) refers to depilogue.o(i.__ARM_clz) for __ARM_clz
    depilogue.o(.text) refers to llshl.o(.text) for __aeabi_llsl
    depilogue.o(.text) refers to llushr.o(.text) for __aeabi_llsr
    dadd.o(.text) refers (Special) to iusefp.o(.text) for __I$use$fp
    dadd.o(.text) refers to llshl.o(.text) for __aeabi_llsl
    dadd.o(.text) refers to llsshr.o(.text) for __aeabi_lasr
    dadd.o(.text) refers to depilogue.o(.text) for _double_epilogue
    dmul.o(.text) refers (Special) to iusefp.o(.text) for __I$use$fp
    dmul.o(.text) refers to depilogue.o(.text) for _double_epilogue
    dfixul.o(.text) refers (Special) to iusefp.o(.text) for __I$use$fp
    dfixul.o(.text) refers to llushr.o(.text) for __aeabi_llsr
    dfixul.o(.text) refers to llshl.o(.text) for __aeabi_llsl
    cdrcmple.o(.text) refers (Special) to iusefp.o(.text) for __I$use$fp
    init.o(.text) refers to entry5.o(.ARM.Collect$$$$00000004) for __main_after_scatterload
    ctype_o.o(.text) refers to ctype_o.o(.constdata) for .constdata
    ctype_o.o(.constdata) refers to ctype_o.o(.constdata) for __ctype_table
    isalnum_o.o(.text) refers to ctype_o.o(.text) for __rt_ctype_table
    isalpha_o.o(.text) refers to ctype_o.o(.text) for __rt_ctype_table
    isblank_o.o(.text) refers to ctype_o.o(.constdata) for __ctype_table
    iscntrl_o.o(.text) refers to ctype_o.o(.text) for __rt_ctype_table
    isdigit_o.o(.text) refers to ctype_o.o(.text) for __rt_ctype_table
    isgraph_o.o(.text) refers to ctype_o.o(.text) for __rt_ctype_table
    islower_o.o(.text) refers to ctype_o.o(.text) for __rt_ctype_table
    isprint_o.o(.text) refers to ctype_o.o(.text) for __rt_ctype_table
    ispunct_o.o(.text) refers to ctype_o.o(.text) for __rt_ctype_table
    isspace_o.o(.text) refers to ctype_o.o(.text) for __rt_ctype_table
    isupper_o.o(.text) refers to ctype_o.o(.text) for __rt_ctype_table
    isxdigit_o.o(.text) refers to ctype_o.o(.text) for __rt_ctype_table
    _strtoul.o(.text) refers to _chval.o(.text) for _chval
    _strtoul.o(.text) refers to errno.o(i.__aeabi_errno_addr) for __aeabi_errno_addr
    depilogue.o(i.__ARM_clz) refers (Special) to iusefp.o(.text) for __I$use$fp


==============================================================================

Removing Unused input sections from the image.

    Removing main.o(.text), (0 bytes).
    Removing main.o(.text.init_DAC), (36 bytes).
    Removing main.o(.ARM.exidx.text.init_DAC), (8 bytes).
    Removing main.o(.text.checkAnalog), (20 bytes).
    Removing main.o(.ARM.exidx.text.checkAnalog), (8 bytes).
    Removing main.o(.ARM.exidx.text.main), (8 bytes).
    Removing main.o(.text.displayLCD), (60 bytes).
    Removing main.o(.ARM.exidx.text.displayLCD), (8 bytes).
    Removing main.o(.data.water), (2 bytes).
    Removing main.o(.bss.trigger_flags), (8 bytes).
    Removing main.o(.ARM.use_no_argv), (4 bytes).
    Removing flags.o(.text), (0 bytes).
    Removing flags.o(.text.checkFlags), (2 bytes).
    Removing flags.o(.ARM.exidx.text.checkFlags), (8 bytes).
    Removing sensor.o(.text), (0 bytes).
    Removing sensor.o(.text.ADCinit), (60 bytes).
    Removing sensor.o(.ARM.exidx.text.ADCinit), (8 bytes).
    Removing dht11.o(.text), (0 bytes).
    Removing dht11.o(.text.checkResponse), (92 bytes).
    Removing dht11.o(.ARM.exidx.text.checkResponse), (8 bytes).
    Removing dht11.o(.text.getDataBit), (100 bytes).
    Removing dht11.o(.ARM.exidx.text.getDataBit), (8 bytes).
    Removing dht11.o(.text.dht_function), (784 bytes).
    Removing dht11.o(.ARM.exidx.text.dht_function), (8 bytes).
    Removing dht11.o(.rodata.str1.1), (23 bytes).
    Removing lights.o(.text), (0 bytes).
    Removing lights.o(.ARM.exidx.text.tpm_init), (8 bytes).
    Removing lights.o(.ARM.exidx.text.color_pwmcontrol), (8 bytes).
    Removing lights.o(.ARM.exidx.text.color_onoff), (8 bytes).
    Removing lights.o(.text.water_pwmcontrol), (12 bytes).
    Removing lights.o(.ARM.exidx.text.water_pwmcontrol), (8 bytes).
    Removing lights.o(.text.water_onoff), (28 bytes).
    Removing lights.o(.ARM.exidx.text.water_onoff), (8 bytes).
    Removing lights.o(.text.fan_pwmcontrol), (12 bytes).
    Removing lights.o(.ARM.exidx.text.fan_pwmcontrol), (8 bytes).
    Removing lights.o(.ARM.exidx.text.fan_onoff), (8 bytes).
    Removing lights.o(.ARM.exidx.text.heater_onoff), (8 bytes).
    Removing tpm0.o(.text), (0 bytes).
    Removing tpm0.o(.ARM.exidx.text.timer0init), (8 bytes).
    Removing tpm0.o(.text.timerStart), (20 bytes).
    Removing tpm0.o(.ARM.exidx.text.timerStart), (8 bytes).
    Removing tpm0.o(.text.timerStop), (20 bytes).
    Removing tpm0.o(.ARM.exidx.text.timerStop), (8 bytes).
    Removing uart.o(.text), (0 bytes).
    Removing uart.o(.text.uart0_init), (144 bytes).
    Removing uart.o(.ARM.exidx.text.uart0_init), (8 bytes).
    Removing uart.o(.ARM.exidx.text.UART0_IRQHandler), (8 bytes).
    Removing uart.o(.text.uart0_send_string), (76 bytes).
    Removing uart.o(.ARM.exidx.text.uart0_send_string), (8 bytes).
    Removing uart.o(.text.uart0_num_rx_chars_available), (16 bytes).
    Removing uart.o(.ARM.exidx.text.uart0_num_rx_chars_available), (8 bytes).
    Removing uart.o(.text.uart0_get_char), (36 bytes).
    Removing uart.o(.ARM.exidx.text.uart0_get_char), (8 bytes).
    Removing uart.o(.text.uart0_put_char), (48 bytes).
    Removing uart.o(.ARM.exidx.text.uart0_put_char), (8 bytes).
    Removing queue.o(.text), (0 bytes).
    Removing queue.o(.ARM.exidx.text.q_init), (8 bytes).
    Removing queue.o(.text.q_empty), (12 bytes).
    Removing queue.o(.ARM.exidx.text.q_empty), (8 bytes).
    Removing queue.o(.text.q_full), (20 bytes).
    Removing queue.o(.ARM.exidx.text.q_full), (8 bytes).
    Removing queue.o(.ARM.exidx.text.q_size), (8 bytes).
    Removing queue.o(.ARM.exidx.text.q_enqueue), (8 bytes).
    Removing queue.o(.ARM.exidx.text.q_dequeue), (8 bytes).
    Removing uart1.o(.text), (0 bytes).
    Removing uart1.o(.ARM.exidx.text.uart1_init), (8 bytes).
    Removing uart1.o(.ARM.exidx.text.UART1_IRQHandler), (8 bytes).
    Removing uart1.o(.ARM.exidx.text.uart1_send_string), (8 bytes).
    Removing uart1.o(.text.uart1_num_rx_chars_available), (16 bytes).
    Removing uart1.o(.ARM.exidx.text.uart1_num_rx_chars_available), (8 bytes).
    Removing uart1.o(.text.uart1_get_char), (36 bytes).
    Removing uart1.o(.ARM.exidx.text.uart1_get_char), (8 bytes).
    Removing uart1.o(.text.uart1_put_char), (48 bytes).
    Removing uart1.o(.ARM.exidx.text.uart1_put_char), (8 bytes).
    Removing uart1.o(.ARM.exidx.text.uart1_receive_string), (8 bytes).
    Removing lcd.o(.text), (0 bytes).
    Removing lcd.o(.text.buttonInit), (76 bytes).
    Removing lcd.o(.ARM.exidx.text.buttonInit), (8 bytes).
    Removing lcd.o(.text.callwrite), (28 bytes).
    Removing lcd.o(.ARM.exidx.text.callwrite), (8 bytes).
    Removing lcd.o(.text.select), (216 bytes).
    Removing lcd.o(.ARM.exidx.text.select), (8 bytes).
    Removing lcd.o(.text.mainScreen), (48 bytes).
    Removing lcd.o(.ARM.exidx.text.mainScreen), (8 bytes).
    Removing lcd.o(.text.Enter), (52 bytes).
    Removing lcd.o(.ARM.exidx.text.Enter), (8 bytes).
    Removing lcd.o(.text.Undo), (52 bytes).
    Removing lcd.o(.ARM.exidx.text.Undo), (8 bytes).
    Removing lcd.o(.text.nextSlide), (56 bytes).
    Removing lcd.o(.ARM.exidx.text.nextSlide), (8 bytes).
    Removing lcd.o(.text.prevSlide), (56 bytes).
    Removing lcd.o(.ARM.exidx.text.prevSlide), (8 bytes).
    Removing lcd.o(.text.buttonFunc), (240 bytes).
    Removing lcd.o(.ARM.exidx.text.buttonFunc), (8 bytes).
    Removing lcd.o(.data.maxY), (4 bytes).
    Removing lcd.o(.rodata.str1.1), (3 bytes).
    Removing lcd.o(.bss..L_MergedGlobals), (28 bytes).
    Removing i2c.o(.text), (0 bytes).
    Removing i2c.o(.text.i2c_Init), (296 bytes).
    Removing i2c.o(.ARM.exidx.text.i2c_Init), (8 bytes).
    Removing i2c.o(.text.i2c_DisableAck), (10 bytes).
    Removing i2c.o(.ARM.exidx.text.i2c_DisableAck), (8 bytes).
    Removing i2c.o(.text.i2c_EnableAck), (10 bytes).
    Removing i2c.o(.ARM.exidx.text.i2c_EnableAck), (8 bytes).
    Removing i2c.o(.text.i2c_RepeatedStart), (10 bytes).
    Removing i2c.o(.ARM.exidx.text.i2c_RepeatedStart), (8 bytes).
    Removing i2c.o(.text.i2c_EnterRxMode), (10 bytes).
    Removing i2c.o(.ARM.exidx.text.i2c_EnterRxMode), (8 bytes).
    Removing i2c.o(.text.i2c_Start), (18 bytes).
    Removing i2c.o(.ARM.exidx.text.i2c_Start), (8 bytes).
    Removing i2c.o(.text.i2c_Stop), (18 bytes).
    Removing i2c.o(.ARM.exidx.text.i2c_Stop), (8 bytes).
    Removing i2c.o(.text.i2c_Wait), (32 bytes).
    Removing i2c.o(.ARM.exidx.text.i2c_Wait), (8 bytes).
    Removing i2c.o(.text.i2c_WriteByte), (4 bytes).
    Removing i2c.o(.ARM.exidx.text.i2c_WriteByte), (8 bytes).
    Removing i2c.o(.text.i2c_ReadByte), (4 bytes).
    Removing i2c.o(.ARM.exidx.text.i2c_ReadByte), (8 bytes).
    Removing i2c.o(.text.i2c_WriteRegister), (152 bytes).
    Removing i2c.o(.ARM.exidx.text.i2c_WriteRegister), (8 bytes).
    Removing i2c.o(.text.i2c_ReadRegister), (204 bytes).
    Removing i2c.o(.ARM.exidx.text.i2c_ReadRegister), (8 bytes).
    Removing i2c.o(.text.i2c_ReadMultRegister), (300 bytes).
    Removing i2c.o(.ARM.exidx.text.i2c_ReadMultRegister), (8 bytes).
    Removing i2c.o(.text.i2c_WriteMultRegister), (176 bytes).
    Removing i2c.o(.ARM.exidx.text.i2c_WriteMultRegister), (8 bytes).
    Removing i2c.o(.text.i2c_WriteText), (148 bytes).
    Removing i2c.o(.ARM.exidx.text.i2c_WriteText), (8 bytes).
    Removing driver.o(.text), (0 bytes).
    Removing driver.o(.text.PCF8574T_Init), (476 bytes).
    Removing driver.o(.ARM.exidx.text.PCF8574T_Init), (8 bytes).
    Removing driver.o(.text.PCF8574T_sendCommand8bit), (124 bytes).
    Removing driver.o(.ARM.exidx.text.PCF8574T_sendCommand8bit), (8 bytes).
    Removing driver.o(.text.PCF8574T_displayString), (240 bytes).
    Removing driver.o(.ARM.exidx.text.PCF8574T_displayString), (8 bytes).
    Removing driver.o(.data.addr_), (1 bytes).
    Removing driver.o(.bss..L_MergedGlobals), (8 bytes).
    Removing startup_mkl25z4.o(HEAP), (0 bytes).
    Removing system_mkl25z4.o(.text), (0 bytes).
    Removing system_mkl25z4.o(.ARM.exidx.text.SystemInit), (8 bytes).
    Removing system_mkl25z4.o(.text.SystemCoreClockUpdate), (272 bytes).
    Removing system_mkl25z4.o(.ARM.exidx.text.SystemCoreClockUpdate), (8 bytes).
    Removing system_mkl25z4.o(.data.SystemCoreClock), (4 bytes).
    Removing dadd.o(.text), (356 bytes).
    Removing dmul.o(.text), (208 bytes).
    Removing dfixul.o(.text), (64 bytes).
    Removing cdrcmple.o(.text), (40 bytes).

147 unused section(s) (total 6323 bytes) removed from the image.

==============================================================================

Image Symbol Table

    Local Symbols

    Symbol Name                              Value     Ov Type        Size  Object(Section)

    ../clib/division.s                       0x00000000   Number         0  aeabi_sdivfast.o ABSOLUTE
    ../clib/division.s                       0x00000000   Number         0  aeabi_sdivfast_div0.o ABSOLUTE
    ../clib/microlib/ctype/ctype.c           0x00000000   Number         0  ctype_o.o ABSOLUTE
    ../clib/microlib/ctype/ctype.c           0x00000000   Number         0  isalnum_o.o ABSOLUTE
    ../clib/microlib/ctype/ctype.c           0x00000000   Number         0  isalpha_o.o ABSOLUTE
    ../clib/microlib/ctype/ctype.c           0x00000000   Number         0  isblank_o.o ABSOLUTE
    ../clib/microlib/ctype/ctype.c           0x00000000   Number         0  iscntrl_o.o ABSOLUTE
    ../clib/microlib/ctype/ctype.c           0x00000000   Number         0  isdigit_o.o ABSOLUTE
    ../clib/microlib/ctype/ctype.c           0x00000000   Number         0  isgraph_o.o ABSOLUTE
    ../clib/microlib/ctype/ctype.c           0x00000000   Number         0  islower_o.o ABSOLUTE
    ../clib/microlib/ctype/ctype.c           0x00000000   Number         0  isprint_o.o ABSOLUTE
    ../clib/microlib/ctype/ctype.c           0x00000000   Number         0  ispunct_o.o ABSOLUTE
    ../clib/microlib/ctype/ctype.c           0x00000000   Number         0  isspace_o.o ABSOLUTE
    ../clib/microlib/ctype/ctype.c           0x00000000   Number         0  isupper_o.o ABSOLUTE
    ../clib/microlib/ctype/ctype.c           0x00000000   Number         0  isxdigit_o.o ABSOLUTE
    ../clib/microlib/division.c              0x00000000   Number         0  uidiv.o ABSOLUTE
    ../clib/microlib/division.c              0x00000000   Number         0  uidiv_div0.o ABSOLUTE
    ../clib/microlib/division.c              0x00000000   Number         0  idiv_div0.o ABSOLUTE
    ../clib/microlib/division.c              0x00000000   Number         0  idiv0.o ABSOLUTE
    ../clib/microlib/division.c              0x00000000   Number         0  uldiv.o ABSOLUTE
    ../clib/microlib/errno.c                 0x00000000   Number         0  errno.o ABSOLUTE
    ../clib/microlib/init/entry.s            0x00000000   Number         0  entry.o ABSOLUTE
    ../clib/microlib/init/entry.s            0x00000000   Number         0  entry2.o ABSOLUTE
    ../clib/microlib/init/entry.s            0x00000000   Number         0  entry5.o ABSOLUTE
    ../clib/microlib/init/entry.s            0x00000000   Number         0  entry7a.o ABSOLUTE
    ../clib/microlib/init/entry.s            0x00000000   Number         0  entry7b.o ABSOLUTE
    ../clib/microlib/init/entry.s            0x00000000   Number         0  entry8a.o ABSOLUTE
    ../clib/microlib/init/entry.s            0x00000000   Number         0  entry8b.o ABSOLUTE
    ../clib/microlib/init/entry.s            0x00000000   Number         0  entry9a.o ABSOLUTE
    ../clib/microlib/init/entry.s            0x00000000   Number         0  entry9b.o ABSOLUTE
    ../clib/microlib/init/entry.s            0x00000000   Number         0  entry10a.o ABSOLUTE
    ../clib/microlib/init/entry.s            0x00000000   Number         0  entry10b.o ABSOLUTE
    ../clib/microlib/init/entry.s            0x00000000   Number         0  entry11a.o ABSOLUTE
    ../clib/microlib/init/entry.s            0x00000000   Number         0  entry11b.o ABSOLUTE
    ../clib/microlib/longlong.c              0x00000000   Number         0  llushr.o ABSOLUTE
    ../clib/microlib/longlong.c              0x00000000   Number         0  llshl.o ABSOLUTE
    ../clib/microlib/longlong.c              0x00000000   Number         0  llsshr.o ABSOLUTE
    ../clib/microlib/printf/printf.c         0x00000000   Number         0  printfb.o ABSOLUTE
    ../clib/microlib/printf/printf.c         0x00000000   Number         0  printf0.o ABSOLUTE
    ../clib/microlib/printf/printf.c         0x00000000   Number         0  printf1.o ABSOLUTE
    ../clib/microlib/printf/printf.c         0x00000000   Number         0  printf2.o ABSOLUTE
    ../clib/microlib/printf/printf.c         0x00000000   Number         0  printf3.o ABSOLUTE
    ../clib/microlib/printf/printf.c         0x00000000   Number         0  printf4.o ABSOLUTE
    ../clib/microlib/printf/printf.c         0x00000000   Number         0  printf5.o ABSOLUTE
    ../clib/microlib/printf/printf.c         0x00000000   Number         0  printf6.o ABSOLUTE
    ../clib/microlib/printf/printf.c         0x00000000   Number         0  printf7.o ABSOLUTE
    ../clib/microlib/printf/printf.c         0x00000000   Number         0  printf8.o ABSOLUTE
    ../clib/microlib/printf/printf.c         0x00000000   Number         0  printfa.o ABSOLUTE
    ../clib/microlib/printf/stubs.s          0x00000000   Number         0  printfstubs.o ABSOLUTE
    ../clib/microlib/stdio/fputc.c           0x00000000   Number         0  fputc.o ABSOLUTE
    ../clib/microlib/stdio/fputc.c           0x00000000   Number         0  fputc_h.o ABSOLUTE
    ../clib/microlib/stdio/semi.s            0x00000000   Number         0  semi.o ABSOLUTE
    ../clib/microlib/stdio/streams.c         0x00000000   Number         0  stdout.o ABSOLUTE
    ../clib/microlib/string/memset.c         0x00000000   Number         0  memseta.o ABSOLUTE
    ../clib/microlib/stubs.s                 0x00000000   Number         0  iusefp.o ABSOLUTE
    ../clib/microlib/stubs.s                 0x00000000   Number         0  iusesemip.o ABSOLUTE
    ../clib/scanf.c                          0x00000000   Number         0  atoi.o ABSOLUTE
    ../clib/scanf.c                          0x00000000   Number         0  strtol.o ABSOLUTE
    ../clib/scanf.c                          0x00000000   Number         0  _strtoul.o ABSOLUTE
    ../clib/scanf.c                          0x00000000   Number         0  _chval.o ABSOLUTE
    ../fplib/microlib/fpadd.c                0x00000000   Number         0  dadd.o ABSOLUTE
    ../fplib/microlib/fpdiv.c                0x00000000   Number         0  ddiv.o ABSOLUTE
    ../fplib/microlib/fpepilogue.c           0x00000000   Number         0  depilogue.o ABSOLUTE
    ../fplib/microlib/fpfix.c                0x00000000   Number         0  dfixi.o ABSOLUTE
    ../fplib/microlib/fpfix.c                0x00000000   Number         0  dfixul.o ABSOLUTE
    ../fplib/microlib/fpflt.c                0x00000000   Number         0  dflti.o ABSOLUTE
    ../fplib/microlib/fpmul.c                0x00000000   Number         0  dmul.o ABSOLUTE
    DHT11.c                                  0x00000000   Number         0  dht11.o ABSOLUTE
    LCD.c                                    0x00000000   Number         0  lcd.o ABSOLUTE
    RTE/Device/MKL25Z128xxx4/startup_MKL25Z4.s 0x00000000   Number         0  startup_mkl25z4.o ABSOLUTE
    TPM0.c                                   0x00000000   Number         0  tpm0.o ABSOLUTE
    cdrcmple.s                               0x00000000   Number         0  cdrcmple.o ABSOLUTE
    dc.s                                     0x00000000   Number         0  dc.o ABSOLUTE
    driver.c                                 0x00000000   Number         0  driver.o ABSOLUTE
    flags.c                                  0x00000000   Number         0  flags.o ABSOLUTE
    handlers.s                               0x00000000   Number         0  handlers.o ABSOLUTE
    i2c.c                                    0x00000000   Number         0  i2c.o ABSOLUTE
    init.s                                   0x00000000   Number         0  init.o ABSOLUTE
    lights.c                                 0x00000000   Number         0  lights.o ABSOLUTE
    main.c                                   0x00000000   Number         0  main.o ABSOLUTE
    queue.c                                  0x00000000   Number         0  queue.o ABSOLUTE
    sensor.c                                 0x00000000   Number         0  sensor.o ABSOLUTE
    system_MKL25Z4.c                         0x00000000   Number         0  system_mkl25z4.o ABSOLUTE
    uart.c                                   0x00000000   Number         0  uart.o ABSOLUTE
    uart1.c                                  0x00000000   Number         0  uart1.o ABSOLUTE
    RESET                                    0x00000000   Section      192  startup_mkl25z4.o(RESET)
    .ARM.Collect$$$$00000000                 0x000000c0   Section        0  entry.o(.ARM.Collect$$$$00000000)
    .ARM.Collect$$$$00000001                 0x000000c0   Section        4  entry2.o(.ARM.Collect$$$$00000001)
    .ARM.Collect$$$$00000004                 0x000000c4   Section        4  entry5.o(.ARM.Collect$$$$00000004)
    .ARM.Collect$$$$00000008                 0x000000c8   Section        0  entry7b.o(.ARM.Collect$$$$00000008)
    .ARM.Collect$$$$0000000A                 0x000000c8   Section        0  entry8b.o(.ARM.Collect$$$$0000000A)
    .ARM.Collect$$$$0000000B                 0x000000c8   Section        8  entry9a.o(.ARM.Collect$$$$0000000B)
    __lit__00000000                          0x000000d0   Data           4  entry2.o(.ARM.Collect$$$$00002712)
    .ARM.Collect$$$$0000000D                 0x000000d0   Section        0  entry10a.o(.ARM.Collect$$$$0000000D)
    .ARM.Collect$$$$0000000F                 0x000000d0   Section        0  entry11a.o(.ARM.Collect$$$$0000000F)
    .ARM.Collect$$$$00002712                 0x000000d0   Section        4  entry2.o(.ARM.Collect$$$$00002712)
    .text                                    0x000000d4   Section       40  startup_mkl25z4.o(.text)
    .text                                    0x000000fc   Section        0  memseta.o(.text)
    .text                                    0x00000120   Section        0  atoi.o(.text)
    .text                                    0x0000013c   Section        0  ddiv.o(.text)
    .text                                    0x0000022c   Section        0  dflti.o(.text)
    .text                                    0x00000254   Section        0  dfixi.o(.text)
    .text                                    0x0000029c   Section        0  uidiv_div0.o(.text)
    .text                                    0x000002da   Section        0  llushr.o(.text)
    .text                                    0x000002fc   Section        0  strtol.o(.text)
    .text                                    0x0000036c   Section        0  iusefp.o(.text)
    .text                                    0x0000036c   Section       36  init.o(.text)
    .text                                    0x00000390   Section        0  llshl.o(.text)
    .text                                    0x000003b0   Section        0  ctype_o.o(.text)
    .text                                    0x000003b8   Section        0  _chval.o(.text)
    [Anonymous Symbol]                       0x000003d8   Section        0  lights.o(.text.color_onoff)
    __arm_cp.2_0                             0x000003ec   Number         4  lights.o(.text.color_onoff)
    __arm_cp.2_1                             0x000003f0   Number         4  lights.o(.text.color_onoff)
    __arm_cp.2_3                             0x000003f4   Number         4  lights.o(.text.color_onoff)
    i.__scatterload_null                     0x000003f8   Section        2  handlers.o(i.__scatterload_null)
    table                                    0x000003fc   Data           4  ctype_o.o(.constdata)
    .constdata                               0x000003fc   Section        4  ctype_o.o(.constdata)
    .ARM.__at_0x400                          0x00000400   Section       16  startup_mkl25z4.o(.ARM.__at_0x400)
    .text                                    0x00000410   Section        0  depilogue.o(.text)
    .text                                    0x000004ce   Section        0  _strtoul.o(.text)
    [Anonymous Symbol]                       0x00000574   Section        0  system_mkl25z4.o(.text.SystemInit)
    __arm_cp.0_0                             0x00000630   Number         4  system_mkl25z4.o(.text.SystemInit)
    __arm_cp.0_1                             0x00000634   Number         4  system_mkl25z4.o(.text.SystemInit)
    __arm_cp.0_2                             0x00000638   Number         4  system_mkl25z4.o(.text.SystemInit)
    __arm_cp.0_3                             0x0000063c   Number         4  system_mkl25z4.o(.text.SystemInit)
    __arm_cp.0_4                             0x00000640   Number         4  system_mkl25z4.o(.text.SystemInit)
    __arm_cp.0_5                             0x00000644   Number         4  system_mkl25z4.o(.text.SystemInit)
    __arm_cp.0_6                             0x00000648   Number         4  system_mkl25z4.o(.text.SystemInit)
    __arm_cp.0_7                             0x0000064c   Number         4  system_mkl25z4.o(.text.SystemInit)
    __arm_cp.0_8                             0x00000650   Number         4  system_mkl25z4.o(.text.SystemInit)
    __arm_cp.0_9                             0x00000654   Number         4  system_mkl25z4.o(.text.SystemInit)
    __arm_cp.0_10                            0x00000658   Number         4  system_mkl25z4.o(.text.SystemInit)
    [Anonymous Symbol]                       0x0000065c   Section        0  uart.o(.text.UART0_IRQHandler)
    __arm_cp.1_1                             0x000006b8   Number         4  uart.o(.text.UART0_IRQHandler)
    __arm_cp.1_2                             0x000006bc   Number         4  uart.o(.text.UART0_IRQHandler)
    __arm_cp.1_3                             0x000006c0   Number         4  uart.o(.text.UART0_IRQHandler)
    [Anonymous Symbol]                       0x000006c4   Section        0  uart1.o(.text.UART1_IRQHandler)
    __arm_cp.1_0                             0x00000718   Number         4  uart1.o(.text.UART1_IRQHandler)
    __arm_cp.1_1                             0x0000071c   Number         4  uart1.o(.text.UART1_IRQHandler)
    __arm_cp.1_2                             0x00000720   Number         4  uart1.o(.text.UART1_IRQHandler)
    __arm_cp.1_3                             0x00000724   Number         4  uart1.o(.text.UART1_IRQHandler)
    [Anonymous Symbol]                       0x00000728   Section        0  lights.o(.text.color_pwmcontrol)
    __arm_cp.1_0                             0x00000730   Number         4  lights.o(.text.color_pwmcontrol)
    [Anonymous Symbol]                       0x00000734   Section        0  lights.o(.text.fan_onoff)
    __arm_cp.6_0                             0x00000748   Number         4  lights.o(.text.fan_onoff)
    __arm_cp.6_1                             0x0000074c   Number         4  lights.o(.text.fan_onoff)
    __arm_cp.6_2                             0x00000750   Number         4  lights.o(.text.fan_onoff)
    [Anonymous Symbol]                       0x00000754   Section        0  lights.o(.text.heater_onoff)
    __arm_cp.7_0                             0x00000770   Number         4  lights.o(.text.heater_onoff)
    [Anonymous Symbol]                       0x00000774   Section        0  main.o(.text.main)
    __arm_cp.2_0                             0x00000980   Number         4  main.o(.text.main)
    __arm_cp.2_1                             0x00000984   Number         4  main.o(.text.main)
    __arm_cp.2_2                             0x00000988   Number         4  main.o(.text.main)
    __arm_cp.2_3                             0x0000098c   Number         4  main.o(.text.main)
    __arm_cp.2_4                             0x00000990   Number         4  main.o(.text.main)
    __arm_cp.2_5                             0x00000994   Number         4  main.o(.text.main)
    __arm_cp.2_6                             0x00000998   Number         4  main.o(.text.main)
    __arm_cp.2_7                             0x0000099c   Number         4  main.o(.text.main)
    __arm_cp.2_8                             0x000009a0   Number         4  main.o(.text.main)
    __arm_cp.2_10                            0x000009ac   Number         4  main.o(.text.main)
    __arm_cp.2_12                            0x000009b8   Number         4  main.o(.text.main)
    [Anonymous Symbol]                       0x000009bc   Section        0  queue.o(.text.q_dequeue)
    [Anonymous Symbol]                       0x00000a00   Section        0  queue.o(.text.q_enqueue)
    __arm_cp.4_0                             0x00000a44   Number         4  queue.o(.text.q_enqueue)
    [Anonymous Symbol]                       0x00000a48   Section        0  queue.o(.text.q_init)
    [Anonymous Symbol]                       0x00000a54   Section        0  queue.o(.text.q_size)
    [Anonymous Symbol]                       0x00000a5c   Section        0  tpm0.o(.text.timer0init)
    __arm_cp.0_0                             0x00000a7c   Number         4  tpm0.o(.text.timer0init)
    __arm_cp.0_1                             0x00000a80   Number         4  tpm0.o(.text.timer0init)
    [Anonymous Symbol]                       0x00000a84   Section        0  lights.o(.text.tpm_init)
    __arm_cp.0_0                             0x00000af0   Number         4  lights.o(.text.tpm_init)
    __arm_cp.0_1                             0x00000af4   Number         4  lights.o(.text.tpm_init)
    __arm_cp.0_2                             0x00000af8   Number         4  lights.o(.text.tpm_init)
    __arm_cp.0_3                             0x00000afc   Number         4  lights.o(.text.tpm_init)
    __arm_cp.0_4                             0x00000b00   Number         4  lights.o(.text.tpm_init)
    __arm_cp.0_5                             0x00000b04   Number         4  lights.o(.text.tpm_init)
    __arm_cp.0_6                             0x00000b08   Number         4  lights.o(.text.tpm_init)
    [Anonymous Symbol]                       0x00000b0c   Section        0  uart1.o(.text.uart1_init)
    __arm_cp.0_0                             0x00000b88   Number         4  uart1.o(.text.uart1_init)
    __arm_cp.0_1                             0x00000b8c   Number         4  uart1.o(.text.uart1_init)
    __arm_cp.0_2                             0x00000b90   Number         4  uart1.o(.text.uart1_init)
    __arm_cp.0_4                             0x00000b94   Number         4  uart1.o(.text.uart1_init)
    __arm_cp.0_5                             0x00000b98   Number         4  uart1.o(.text.uart1_init)
    __arm_cp.0_6                             0x00000b9c   Number         4  uart1.o(.text.uart1_init)
    [Anonymous Symbol]                       0x00000ba0   Section        0  uart1.o(.text.uart1_receive_string)
    __arm_cp.6_0                             0x00000bd4   Number         4  uart1.o(.text.uart1_receive_string)
    [Anonymous Symbol]                       0x00000bd8   Section        0  uart1.o(.text.uart1_send_string)
    __arm_cp.2_0                             0x00000c1c   Number         4  uart1.o(.text.uart1_send_string)
    __arm_cp.2_1                             0x00000c20   Number         4  uart1.o(.text.uart1_send_string)
    i.__0sprintf$1                           0x00000c24   Section        0  printf1.o(i.__0sprintf$1)
    i.__ARM_clz                              0x00000c4c   Section        0  depilogue.o(i.__ARM_clz)
    i.__aeabi_errno_addr                     0x00000c7c   Section        0  errno.o(i.__aeabi_errno_addr)
    i.__scatterload_copy                     0x00000c84   Section       14  handlers.o(i.__scatterload_copy)
    i.__scatterload_zeroinit                 0x00000c92   Section       14  handlers.o(i.__scatterload_zeroinit)
    _printf_core                             0x00000ca1   Thumb Code   332  printf1.o(i._printf_core)
    i._printf_core                           0x00000ca0   Section        0  printf1.o(i._printf_core)
    _sputc                                   0x00000df1   Thumb Code    10  printf1.o(i._sputc)
    i._sputc                                 0x00000df0   Section        0  printf1.o(i._sputc)
    .constdata                               0x00000dfa   Section      129  ctype_o.o(.constdata)
    [Anonymous Symbol]                       0x00000e7b   Section        0  main.o(.rodata.str1.1)
    _errno                                   0x1ffff000   Data           4  errno.o(.data)
    .data                                    0x1ffff000   Section        4  errno.o(.data)
    [Anonymous Symbol]                       0x1ffff004   Section        0  main.o(.data..L_MergedGlobals)
    [Anonymous Symbol]                       0x1ffff018   Section        0  main.o(.bss..L_MergedGlobals.4)
    [Anonymous Symbol]                       0x1ffff078   Section        0  main.o(.bss..L_MergedGlobals.5)
    RxQ                                      0x1ffff0b8   Data         524  uart.o(.bss.RxQ)
    [Anonymous Symbol]                       0x1ffff0b8   Section        0  uart.o(.bss.RxQ)
    TxQ                                      0x1ffff4d0   Data         524  uart.o(.bss.TxQ)
    [Anonymous Symbol]                       0x1ffff4d0   Section        0  uart.o(.bss.TxQ)
    STACK                                    0x1ffff908   Section     4096  startup_mkl25z4.o(STACK)

    Global Symbols

    Symbol Name                              Value     Ov Type        Size  Object(Section)

    BuildAttributes$$THM_ISAv3M$S$PE$A:L22$X:L11$S22$IEEE1$IW$~IW$USESV6$~STKCKD$USESV7$~SHL$OTIME$ROPI$EBA8$MICROLIB$REQ8$PRES8$EABIv2 0x00000000   Number         0  anon$$obj.o ABSOLUTE
    __Vectors                                0x00000000   Data           4  startup_mkl25z4.o(RESET)
    _printf_a                                0x00000000   Number         0  printfstubs.o ABSOLUTE
    _printf_c                                0x00000000   Number         0  printfstubs.o ABSOLUTE
    _printf_charcount                        0x00000000   Number         0  printfstubs.o ABSOLUTE
    _printf_d                                0x00000000   Number         0  printfstubs.o ABSOLUTE
    _printf_e                                0x00000000   Number         0  printfstubs.o ABSOLUTE
    _printf_f                                0x00000000   Number         0  printfstubs.o ABSOLUTE
    _printf_flags                            0x00000000   Number         0  printfstubs.o ABSOLUTE
    _printf_fp_dec                           0x00000000   Number         0  printfstubs.o ABSOLUTE
    _printf_fp_hex                           0x00000000   Number         0  printfstubs.o ABSOLUTE
    _printf_g                                0x00000000   Number         0  printfstubs.o ABSOLUTE
    _printf_i                                0x00000000   Number         0  printfstubs.o ABSOLUTE
    _printf_int_dec                          0x00000000   Number         0  printfstubs.o ABSOLUTE
    _printf_l                                0x00000000   Number         0  printfstubs.o ABSOLUTE
    _printf_lc                               0x00000000   Number         0  printfstubs.o ABSOLUTE
    _printf_ll                               0x00000000   Number         0  printfstubs.o ABSOLUTE
    _printf_lld                              0x00000000   Number         0  printfstubs.o ABSOLUTE
    _printf_lli                              0x00000000   Number         0  printfstubs.o ABSOLUTE
    _printf_llo                              0x00000000   Number         0  printfstubs.o ABSOLUTE
    _printf_llu                              0x00000000   Number         0  printfstubs.o ABSOLUTE
    _printf_llx                              0x00000000   Number         0  printfstubs.o ABSOLUTE
    _printf_longlong_dec                     0x00000000   Number         0  printfstubs.o ABSOLUTE
    _printf_longlong_hex                     0x00000000   Number         0  printfstubs.o ABSOLUTE
    _printf_longlong_oct                     0x00000000   Number         0  printfstubs.o ABSOLUTE
    _printf_ls                               0x00000000   Number         0  printfstubs.o ABSOLUTE
    _printf_mbtowc                           0x00000000   Number         0  printfstubs.o ABSOLUTE
    _printf_n                                0x00000000   Number         0  printfstubs.o ABSOLUTE
    _printf_o                                0x00000000   Number         0  printfstubs.o ABSOLUTE
    _printf_p                                0x00000000   Number         0  printfstubs.o ABSOLUTE
    _printf_percent                          0x00000000   Number         0  printfstubs.o ABSOLUTE
    _printf_pre_padding                      0x00000000   Number         0  printfstubs.o ABSOLUTE
    _printf_return_value                     0x00000000   Number         0  printfstubs.o ABSOLUTE
    _printf_s                                0x00000000   Number         0  printfstubs.o ABSOLUTE
    _printf_sizespec                         0x00000000   Number         0  printfstubs.o ABSOLUTE
    _printf_str                              0x00000000   Number         0  printfstubs.o ABSOLUTE
    _printf_truncate_signed                  0x00000000   Number         0  printfstubs.o ABSOLUTE
    _printf_truncate_unsigned                0x00000000   Number         0  printfstubs.o ABSOLUTE
    _printf_u                                0x00000000   Number         0  printfstubs.o ABSOLUTE
    _printf_wc                               0x00000000   Number         0  printfstubs.o ABSOLUTE
    _printf_wctomb                           0x00000000   Number         0  printfstubs.o ABSOLUTE
    _printf_widthprec                        0x00000000   Number         0  printfstubs.o ABSOLUTE
    _printf_x                                0x00000000   Number         0  printfstubs.o ABSOLUTE
    __cpp_initialize__aeabi_                  - Undefined Weak Reference
    __cxa_finalize                            - Undefined Weak Reference
    __decompress                              - Undefined Weak Reference
    _clock_init                               - Undefined Weak Reference
    _microlib_exit                            - Undefined Weak Reference
    __Vectors_End                            0x000000c0   Data           0  startup_mkl25z4.o(RESET)
    __Vectors_Size                           0x000000c0   Number         0  startup_mkl25z4.o ABSOLUTE
    __main                                   0x000000c1   Thumb Code     0  entry.o(.ARM.Collect$$$$00000000)
    _main_stk                                0x000000c1   Thumb Code     0  entry2.o(.ARM.Collect$$$$00000001)
    _main_scatterload                        0x000000c5   Thumb Code     0  entry5.o(.ARM.Collect$$$$00000004)
    __main_after_scatterload                 0x000000c9   Thumb Code     0  entry5.o(.ARM.Collect$$$$00000004)
    _main_clock                              0x000000c9   Thumb Code     0  entry7b.o(.ARM.Collect$$$$00000008)
    _main_cpp_init                           0x000000c9   Thumb Code     0  entry8b.o(.ARM.Collect$$$$0000000A)
    _main_init                               0x000000c9   Thumb Code     0  entry9a.o(.ARM.Collect$$$$0000000B)
    __rt_final_cpp                           0x000000d1   Thumb Code     0  entry10a.o(.ARM.Collect$$$$0000000D)
    __rt_final_exit                          0x000000d1   Thumb Code     0  entry11a.o(.ARM.Collect$$$$0000000F)
    Reset_Handler                            0x000000d5   Thumb Code    12  startup_mkl25z4.o(.text)
    NMI_Handler                              0x000000e1   Thumb Code     2  startup_mkl25z4.o(.text)
    HardFault_Handler                        0x000000e3   Thumb Code     2  startup_mkl25z4.o(.text)
    SVC_Handler                              0x000000e5   Thumb Code     2  startup_mkl25z4.o(.text)
    PendSV_Handler                           0x000000e7   Thumb Code     2  startup_mkl25z4.o(.text)
    SysTick_Handler                          0x000000e9   Thumb Code     2  startup_mkl25z4.o(.text)
    ADC0_IRQHandler                          0x000000eb   Thumb Code     0  startup_mkl25z4.o(.text)
    CMP0_IRQHandler                          0x000000eb   Thumb Code     0  startup_mkl25z4.o(.text)
    DAC0_IRQHandler                          0x000000eb   Thumb Code     0  startup_mkl25z4.o(.text)
    DMA0_IRQHandler                          0x000000eb   Thumb Code     0  startup_mkl25z4.o(.text)
    DMA1_IRQHandler                          0x000000eb   Thumb Code     0  startup_mkl25z4.o(.text)
    DMA2_IRQHandler                          0x000000eb   Thumb Code     0  startup_mkl25z4.o(.text)
    DMA3_IRQHandler                          0x000000eb   Thumb Code     0  startup_mkl25z4.o(.text)
    DefaultISR                               0x000000eb   Thumb Code     0  startup_mkl25z4.o(.text)
    FTFA_IRQHandler                          0x000000eb   Thumb Code     0  startup_mkl25z4.o(.text)
    I2C0_IRQHandler                          0x000000eb   Thumb Code     0  startup_mkl25z4.o(.text)
    I2C1_IRQHandler                          0x000000eb   Thumb Code     0  startup_mkl25z4.o(.text)
    LLWU_IRQHandler                          0x000000eb   Thumb Code     0  startup_mkl25z4.o(.text)
    LPTMR0_IRQHandler                        0x000000eb   Thumb Code     0  startup_mkl25z4.o(.text)
    LVD_LVW_IRQHandler                       0x000000eb   Thumb Code     0  startup_mkl25z4.o(.text)
    MCG_IRQHandler                           0x000000eb   Thumb Code     0  startup_mkl25z4.o(.text)
    PIT_IRQHandler                           0x000000eb   Thumb Code     0  startup_mkl25z4.o(.text)
    PORTA_IRQHandler                         0x000000eb   Thumb Code     0  startup_mkl25z4.o(.text)
    PORTD_IRQHandler                         0x000000eb   Thumb Code     0  startup_mkl25z4.o(.text)
    RTC_IRQHandler                           0x000000eb   Thumb Code     0  startup_mkl25z4.o(.text)
    RTC_Seconds_IRQHandler                   0x000000eb   Thumb Code     0  startup_mkl25z4.o(.text)
    Reserved20_IRQHandler                    0x000000eb   Thumb Code     0  startup_mkl25z4.o(.text)
    Reserved39_IRQHandler                    0x000000eb   Thumb Code     0  startup_mkl25z4.o(.text)
    Reserved45_IRQHandler                    0x000000eb   Thumb Code     0  startup_mkl25z4.o(.text)
    SPI0_IRQHandler                          0x000000eb   Thumb Code     0  startup_mkl25z4.o(.text)
    SPI1_IRQHandler                          0x000000eb   Thumb Code     0  startup_mkl25z4.o(.text)
    TPM0_IRQHandler                          0x000000eb   Thumb Code     0  startup_mkl25z4.o(.text)
    TPM1_IRQHandler                          0x000000eb   Thumb Code     0  startup_mkl25z4.o(.text)
    TPM2_IRQHandler                          0x000000eb   Thumb Code     0  startup_mkl25z4.o(.text)
    TSI0_IRQHandler                          0x000000eb   Thumb Code     0  startup_mkl25z4.o(.text)
    UART2_IRQHandler                         0x000000eb   Thumb Code     0  startup_mkl25z4.o(.text)
    USB0_IRQHandler                          0x000000eb   Thumb Code     0  startup_mkl25z4.o(.text)
    __aeabi_memset                           0x000000fd   Thumb Code    14  memseta.o(.text)
    __aeabi_memset4                          0x000000fd   Thumb Code     0  memseta.o(.text)
    __aeabi_memset8                          0x000000fd   Thumb Code     0  memseta.o(.text)
    __aeabi_memclr                           0x0000010b   Thumb Code     4  memseta.o(.text)
    __aeabi_memclr4                          0x0000010b   Thumb Code     0  memseta.o(.text)
    __aeabi_memclr8                          0x0000010b   Thumb Code     0  memseta.o(.text)
    _memset$wrapper                          0x0000010f   Thumb Code    18  memseta.o(.text)
    atoi                                     0x00000121   Thumb Code    26  atoi.o(.text)
    __aeabi_ddiv                             0x0000013d   Thumb Code   234  ddiv.o(.text)
    __aeabi_i2d                              0x0000022d   Thumb Code    34  dflti.o(.text)
    __aeabi_d2iz                             0x00000255   Thumb Code    62  dfixi.o(.text)
    __aeabi_uidiv                            0x0000029d   Thumb Code     0  uidiv_div0.o(.text)
    __aeabi_uidivmod                         0x0000029d   Thumb Code    62  uidiv_div0.o(.text)
    __aeabi_llsr                             0x000002db   Thumb Code    34  llushr.o(.text)
    _ll_ushift_r                             0x000002db   Thumb Code     0  llushr.o(.text)
    strtol                                   0x000002fd   Thumb Code   108  strtol.o(.text)
    __I$use$fp                               0x0000036d   Thumb Code     0  iusefp.o(.text)
    __scatterload                            0x0000036d   Thumb Code    28  init.o(.text)
    __scatterload_rt2                        0x0000036d   Thumb Code     0  init.o(.text)
    __aeabi_llsl                             0x00000391   Thumb Code    32  llshl.o(.text)
    _ll_shift_l                              0x00000391   Thumb Code     0  llshl.o(.text)
    __rt_ctype_table                         0x000003b1   Thumb Code     4  ctype_o.o(.text)
    _chval                                   0x000003b9   Thumb Code    30  _chval.o(.text)
    color_onoff                              0x000003d9   Thumb Code    20  lights.o(.text.color_onoff)
    __scatterload_null                       0x000003f9   Thumb Code     2  handlers.o(i.__scatterload_null)
    _double_round                            0x00000411   Thumb Code    26  depilogue.o(.text)
    _double_epilogue                         0x0000042b   Thumb Code   164  depilogue.o(.text)
    _strtoul                                 0x000004cf   Thumb Code   166  _strtoul.o(.text)
    SystemInit                               0x00000575   Thumb Code   188  system_mkl25z4.o(.text.SystemInit)
    UART0_IRQHandler                         0x0000065d   Thumb Code    92  uart.o(.text.UART0_IRQHandler)
    UART1_IRQHandler                         0x000006c5   Thumb Code    84  uart1.o(.text.UART1_IRQHandler)
    color_pwmcontrol                         0x00000729   Thumb Code     8  lights.o(.text.color_pwmcontrol)
    fan_onoff                                0x00000735   Thumb Code    20  lights.o(.text.fan_onoff)
    heater_onoff                             0x00000755   Thumb Code    28  lights.o(.text.heater_onoff)
    main                                     0x00000775   Thumb Code   524  main.o(.text.main)
    q_dequeue                                0x000009bd   Thumb Code    68  queue.o(.text.q_dequeue)
    q_enqueue                                0x00000a01   Thumb Code    68  queue.o(.text.q_enqueue)
    q_init                                   0x00000a49   Thumb Code    12  queue.o(.text.q_init)
    q_size                                   0x00000a55   Thumb Code     8  queue.o(.text.q_size)
    timer0init                               0x00000a5d   Thumb Code    32  tpm0.o(.text.timer0init)
    tpm_init                                 0x00000a85   Thumb Code   108  lights.o(.text.tpm_init)
    uart1_init                               0x00000b0d   Thumb Code   124  uart1.o(.text.uart1_init)
    uart1_receive_string                     0x00000ba1   Thumb Code    52  uart1.o(.text.uart1_receive_string)
    uart1_send_string                        0x00000bd9   Thumb Code    68  uart1.o(.text.uart1_send_string)
    __0sprintf$1                             0x00000c25   Thumb Code    36  printf1.o(i.__0sprintf$1)
    __1sprintf$1                             0x00000c25   Thumb Code     0  printf1.o(i.__0sprintf$1)
    __2sprintf                               0x00000c25   Thumb Code     0  printf1.o(i.__0sprintf$1)
    __ARM_clz                                0x00000c4d   Thumb Code    46  depilogue.o(i.__ARM_clz)
    __aeabi_errno_addr                       0x00000c7d   Thumb Code     4  errno.o(i.__aeabi_errno_addr)
    __rt_errno_addr                          0x00000c7d   Thumb Code     0  errno.o(i.__aeabi_errno_addr)
    __scatterload_copy                       0x00000c85   Thumb Code    14  handlers.o(i.__scatterload_copy)
    __scatterload_zeroinit                   0x00000c93   Thumb Code    14  handlers.o(i.__scatterload_zeroinit)
    __ctype_table                            0x00000dfa   Data         129  ctype_o.o(.constdata)
    Region$$Table$$Base                      0x00000e80   Number         0  anon$$obj.o(Region$$Table)
    Region$$Table$$Limit                     0x00000ea0   Number         0  anon$$obj.o(Region$$Table)
    heaterTemp                               0x1ffff004   Data           4  main.o(.data..L_MergedGlobals)
    fanTemp                                  0x1ffff008   Data           4  main.o(.data..L_MergedGlobals)
    soilMoistTrigger                         0x1ffff00c   Data           4  main.o(.data..L_MergedGlobals)
    lightTrigger                             0x1ffff010   Data           4  main.o(.data..L_MergedGlobals)
    color                                    0x1ffff014   Data           2  main.o(.data.color)
    fan                                      0x1ffff016   Data           2  main.o(.data.fan)
    LDR_value                                0x1ffff018   Data           2  main.o(.bss..L_MergedGlobals.4)
    SoilMoisture                             0x1ffff01a   Data           2  main.o(.bss..L_MergedGlobals.4)
    dht11                                    0x1ffff01c   Data           2  main.o(.bss..L_MergedGlobals.4)
    loop_counter                             0x1ffff020   Data           4  main.o(.bss..L_MergedGlobals.4)
    status_flags                             0x1ffff024   Data          20  main.o(.bss..L_MergedGlobals.4)
    localReceive                             0x1ffff038   Data          32  main.o(.bss..L_MergedGlobals.4)
    str                                      0x1ffff058   Data          32  main.o(.bss..L_MergedGlobals.4)
    str2                                     0x1ffff078   Data          32  main.o(.bss..L_MergedGlobals.5)
    str3                                     0x1ffff098   Data          32  main.o(.bss..L_MergedGlobals.5)
    RxQ                                      0x1ffff2c4   Data         524  uart1.o(.bss.RxQ)
    TxQ                                      0x1ffff6dc   Data         524  uart1.o(.bss.TxQ)
    receiveString                            0x1ffff8e8   Data          32  uart1.o(.bss.receiveString)
    __initial_sp                             0x20000908   Data           0  startup_mkl25z4.o(STACK)



==============================================================================

Memory Map of the image

  Image Entry point : 0x000000c1

  Load Region LR_IROM1 (Base: 0x00000000, Size: 0x00000eb8, Max: 0x00020000, ABSOLUTE)

    Execution Region ER_IROM1 (Exec base: 0x00000000, Load base: 0x00000000, Size: 0x00000ea0, Max: 0x00020000, ABSOLUTE)

    Exec Addr    Load Addr    Size         Type   Attr      Idx    E Section Name        Object

    0x00000000   0x00000000   0x000000c0   Data   RO          246    RESET               startup_mkl25z4.o
    0x000000c0   0x000000c0   0x00000000   Code   RO          269  * .ARM.Collect$$$$00000000  mc_p.l(entry.o)
    0x000000c0   0x000000c0   0x00000004   Code   RO          549    .ARM.Collect$$$$00000001  mc_p.l(entry2.o)
    0x000000c4   0x000000c4   0x00000004   Code   RO          552    .ARM.Collect$$$$00000004  mc_p.l(entry5.o)
    0x000000c8   0x000000c8   0x00000000   Code   RO          554    .ARM.Collect$$$$00000008  mc_p.l(entry7b.o)
    0x000000c8   0x000000c8   0x00000000   Code   RO          556    .ARM.Collect$$$$0000000A  mc_p.l(entry8b.o)
    0x000000c8   0x000000c8   0x00000008   Code   RO          557    .ARM.Collect$$$$0000000B  mc_p.l(entry9a.o)
    0x000000d0   0x000000d0   0x00000000   Code   RO          559    .ARM.Collect$$$$0000000D  mc_p.l(entry10a.o)
    0x000000d0   0x000000d0   0x00000000   Code   RO          561    .ARM.Collect$$$$0000000F  mc_p.l(entry11a.o)
    0x000000d0   0x000000d0   0x00000004   Code   RO          550    .ARM.Collect$$$$00002712  mc_p.l(entry2.o)
    0x000000d4   0x000000d4   0x00000028   Code   RO          248    .text               startup_mkl25z4.o
    0x000000fc   0x000000fc   0x00000024   Code   RO          278    .text               mc_p.l(memseta.o)
    0x00000120   0x00000120   0x0000001a   Code   RO          541    .text               mc_p.l(atoi.o)
    0x0000013a   0x0000013a   0x00000002   PAD
    0x0000013c   0x0000013c   0x000000f0   Code   RO          543    .text               mf_p.l(ddiv.o)
    0x0000022c   0x0000022c   0x00000028   Code   RO          545    .text               mf_p.l(dflti.o)
    0x00000254   0x00000254   0x00000048   Code   RO          547    .text               mf_p.l(dfixi.o)
    0x0000029c   0x0000029c   0x0000003e   Code   RO          572    .text               mc_p.l(uidiv_div0.o)
    0x000002da   0x000002da   0x00000022   Code   RO          580    .text               mc_p.l(llushr.o)
    0x000002fc   0x000002fc   0x00000070   Code   RO          589    .text               mc_p.l(strtol.o)
    0x0000036c   0x0000036c   0x00000000   Code   RO          591    .text               mc_p.l(iusefp.o)
    0x0000036c   0x0000036c   0x00000024   Code   RO          604    .text               mc_p.l(init.o)
    0x00000390   0x00000390   0x00000020   Code   RO          607    .text               mc_p.l(llshl.o)
    0x000003b0   0x000003b0   0x00000008   Code   RO          611    .text               mc_p.l(ctype_o.o)
    0x000003b8   0x000003b8   0x0000001e   Code   RO          642    .text               mc_p.l(_chval.o)
    0x000003d6   0x000003d6   0x00000002   PAD
    0x000003d8   0x000003d8   0x00000020   Code   RO           62    .text.color_onoff   lights.o
    0x000003f8   0x000003f8   0x00000002   Code   RO          647    i.__scatterload_null  mc_p.l(handlers.o)
    0x000003fa   0x000003fa   0x00000002   PAD
    0x000003fc   0x000003fc   0x00000004   Data   RO          613    .constdata          mc_p.l(ctype_o.o)
    0x00000400   0x00000400   0x00000010   Code   RO          247    .ARM.__at_0x400     startup_mkl25z4.o
    0x00000410   0x00000410   0x000000be   Code   RO          592    .text               mf_p.l(depilogue.o)
    0x000004ce   0x000004ce   0x000000a6   Code   RO          639    .text               mc_p.l(_strtoul.o)
    0x00000574   0x00000574   0x000000e8   Code   RO          257    .text.SystemInit    system_mkl25z4.o
    0x0000065c   0x0000065c   0x00000068   Code   RO           97    .text.UART0_IRQHandler  uart.o
    0x000006c4   0x000006c4   0x00000064   Code   RO          139    .text.UART1_IRQHandler  uart1.o
    0x00000728   0x00000728   0x0000000c   Code   RO           60    .text.color_pwmcontrol  lights.o
    0x00000734   0x00000734   0x00000020   Code   RO           70    .text.fan_onoff     lights.o
    0x00000754   0x00000754   0x00000020   Code   RO           72    .text.heater_onoff  lights.o
    0x00000774   0x00000774   0x00000248   Code   RO            6    .text.main          main.o
    0x000009bc   0x000009bc   0x00000044   Code   RO          127    .text.q_dequeue     queue.o
    0x00000a00   0x00000a00   0x00000048   Code   RO          125    .text.q_enqueue     queue.o
    0x00000a48   0x00000a48   0x0000000c   Code   RO          117    .text.q_init        queue.o
    0x00000a54   0x00000a54   0x00000008   Code   RO          123    .text.q_size        queue.o
    0x00000a5c   0x00000a5c   0x00000028   Code   RO           82    .text.timer0init    tpm0.o
    0x00000a84   0x00000a84   0x00000088   Code   RO           58    .text.tpm_init      lights.o
    0x00000b0c   0x00000b0c   0x00000094   Code   RO          137    .text.uart1_init    uart1.o
    0x00000ba0   0x00000ba0   0x00000038   Code   RO          149    .text.uart1_receive_string  uart1.o
    0x00000bd8   0x00000bd8   0x0000004c   Code   RO          141    .text.uart1_send_string  uart1.o
    0x00000c24   0x00000c24   0x00000028   Code   RO          327    i.__0sprintf$1      mc_p.l(printf1.o)
    0x00000c4c   0x00000c4c   0x0000002e   Code   RO          594    i.__ARM_clz         mf_p.l(depilogue.o)
    0x00000c7a   0x00000c7a   0x00000002   PAD
    0x00000c7c   0x00000c7c   0x00000008   Code   RO          582    i.__aeabi_errno_addr  mc_p.l(errno.o)
    0x00000c84   0x00000c84   0x0000000e   Code   RO          646    i.__scatterload_copy  mc_p.l(handlers.o)
    0x00000c92   0x00000c92   0x0000000e   Code   RO          648    i.__scatterload_zeroinit  mc_p.l(handlers.o)
    0x00000ca0   0x00000ca0   0x00000150   Code   RO          332    i._printf_core      mc_p.l(printf1.o)
    0x00000df0   0x00000df0   0x0000000a   Code   RO          334    i._sputc            mc_p.l(printf1.o)
    0x00000dfa   0x00000dfa   0x00000081   Data   RO          612    .constdata          mc_p.l(ctype_o.o)
    0x00000e7b   0x00000e7b   0x00000004   Data   RO           14    .rodata.str1.1      main.o
    0x00000e7f   0x00000e7f   0x00000001   PAD
    0x00000e80   0x00000e80   0x00000020   Data   RO          645    Region$$Table       anon$$obj.o


    Execution Region RW_IRAM1 (Exec base: 0x1ffff000, Load base: 0x00000ea0, Size: 0x00001908, Max: 0x00004000, ABSOLUTE)

    Exec Addr    Load Addr    Size         Type   Attr      Idx    E Section Name        Object

    0x1ffff000   0x00000ea0   0x00000004   Data   RW          585    .data               mc_p.l(errno.o)
    0x1ffff004   0x00000ea4   0x00000010   Data   RW           16    .data..L_MergedGlobals  main.o
    0x1ffff014   0x00000eb4   0x00000002   Data   RW           10    .data.color         main.o
    0x1ffff016   0x00000eb6   0x00000002   Data   RW           12    .data.fan           main.o
    0x1ffff018        -       0x00000060   Zero   RW           17    .bss..L_MergedGlobals.4  main.o
    0x1ffff078        -       0x00000040   Zero   RW           18    .bss..L_MergedGlobals.5  main.o
    0x1ffff0b8        -       0x0000020c   Zero   RW          108    .bss.RxQ            uart.o
    0x1ffff2c4        -       0x0000020c   Zero   RW          152    .bss.RxQ            uart1.o
    0x1ffff4d0        -       0x0000020c   Zero   RW          107    .bss.TxQ            uart.o
    0x1ffff6dc        -       0x0000020c   Zero   RW          151    .bss.TxQ            uart1.o
    0x1ffff8e8        -       0x00000020   Zero   RW          153    .bss.receiveString  uart1.o
    0x1ffff908        -       0x00001000   Zero   RW          244    STACK               startup_mkl25z4.o


==============================================================================

Image component sizes


      Code (inc. data)   RO Data    RW Data    ZI Data      Debug   Object Name

       244         60          0          0          0       3103   lights.o
       584         60          4         20        160       5040   main.o
       160          4          0          0          0       2774   queue.o
        56         30        192          0       4096        936   startup_mkl25z4.o
       232         44          0          0          0       3265   system_mkl25z4.o
        40          8          0          0          0       1926   tpm0.o
       104         12          0          0       1048       4806   uart.o
       380         52          0          0       1080       5360   uart1.o

    ----------------------------------------------------------------------
      1800        270        229         20       6384      27210   Object Totals
         0          0         32          0          0          0   (incl. Generated)
         0          0          1          0          0          0   (incl. Padding)

    ----------------------------------------------------------------------

      Code (inc. data)   RO Data    RW Data    ZI Data      Debug   Library Member Name

        30          0          0          0          0         60   _chval.o
       166          0          0          0          0         84   _strtoul.o
        26          0          0          0          0         72   atoi.o
         8          4        133          0          0         60   ctype_o.o
         0          0          0          0          0          0   entry.o
         0          0          0          0          0          0   entry10a.o
         0          0          0          0          0          0   entry11a.o
         8          4          0          0          0          0   entry2.o
         4          0          0          0          0          0   entry5.o
         0          0          0          0          0          0   entry7b.o
         0          0          0          0          0          0   entry8b.o
         8          4          0          0          0          0   entry9a.o
         8          4          0          4          0         60   errno.o
        30          0          0          0          0          0   handlers.o
        36          8          0          0          0         68   init.o
         0          0          0          0          0          0   iusefp.o
        32          0          0          0          0         68   llshl.o
        34          0          0          0          0         68   llushr.o
        36          0          0          0          0        100   memseta.o
       386          8          0          0          0        228   printf1.o
       112          4          0          0          0         76   strtol.o
        62          0          0          0          0         72   uidiv_div0.o
       240          6          0          0          0         84   ddiv.o
       236          0          0          0          0        216   depilogue.o
        72         10          0          0          0         72   dfixi.o
        40          6          0          0          0         68   dflti.o

    ----------------------------------------------------------------------
      1582         58        133          4          0       1456   Library Totals
         8          0          0          0          0          0   (incl. Padding)

    ----------------------------------------------------------------------

      Code (inc. data)   RO Data    RW Data    ZI Data      Debug   Library Name

       986         36        133          4          0       1016   mc_p.l
       588         22          0          0          0        440   mf_p.l

    ----------------------------------------------------------------------
      1582         58        133          4          0       1456   Library Totals

    ----------------------------------------------------------------------

==============================================================================


      Code (inc. data)   RO Data    RW Data    ZI Data      Debug   

      3382        328        362         24       6384      27994   Grand Totals
      3382        328        362         24       6384      27994   ELF Image Totals
      3382        328        362         24          0          0   ROM Totals

==============================================================================

    Total RO  Size (Code + RO Data)                 3744 (   3.66kB)
    Total RW  Size (RW Data + ZI Data)              6408 (   6.26kB)
    Total ROM Size (Code + RO Data + RW Data)       3768 (   3.68kB)

==============================================================================

