Component: ARM Compiler 6.16 Tool: armlink [5dfeaa00]

==============================================================================

Section Cross References

    main.o(.ARM.exidx.text.init_DAC) refers to main.o(.text.init_DAC) for [Anonymous Symbol]
    main.o(.text.I2C_Write_byt) refers to i2c.o(.text.i2c_WriteText) for i2c_WriteText
    main.o(.ARM.exidx.text.I2C_Write_byt) refers to main.o(.text.I2C_Write_byt) for [Anonymous Symbol]
    main.o(.ARM.exidx.text.delay_MS) refers to main.o(.text.delay_MS) for [Anonymous Symbol]
    main.o(.text.main) refers to i2c.o(.text.i2c_Init) for i2c_Init
    main.o(.text.main) refers to driver.o(.text.PCF8574T_Init) for PCF8574T_Init
    main.o(.text.main) refers to lcd.o(.text.buttonInit) for buttonInit
    main.o(.text.main) refers to lights.o(.text.tpm_init) for tpm_init
    main.o(.text.main) refers to uart1.o(.text.uart1_init) for uart1_init
    main.o(.text.main) refers to tpm0.o(.text.timer0init) for timer0init
    main.o(.text.main) refers to uart1.o(.text.uart1_receive_string) for uart1_receive_string
    main.o(.text.main) refers to atoi.o(.text) for atoi
    main.o(.text.main) refers to dflti.o(.text) for __aeabi_i2d
    main.o(.text.main) refers to ddiv.o(.text) for __aeabi_ddiv
    main.o(.text.main) refers to dadd.o(.text) for __aeabi_dadd
    main.o(.text.main) refers to dfixi.o(.text) for __aeabi_d2iz
    main.o(.text.main) refers to dht11.o(.text.dht_function) for dht_function
    main.o(.text.main) refers to printf6.o(i.__0sprintf$6) for __2sprintf
    main.o(.text.main) refers to sensor.o(.text.checkAnalog) for checkAnalog
    main.o(.text.main) refers to dfltui.o(.text) for __aeabi_ui2d
    main.o(.text.main) refers to dmul.o(.text) for __aeabi_dmul
    main.o(.text.main) refers to sensor.o(.text.soil_Conv) for soil_Conv
    main.o(.text.main) refers to uart1.o(.text.uart1_send_string) for uart1_send_string
    main.o(.text.main) refers to lights.o(.text.color_pwmcontrol) for color_pwmcontrol
    main.o(.text.main) refers to lights.o(.text.fan_onoff) for fan_onoff
    main.o(.text.main) refers to lights.o(.text.heater_onoff) for heater_onoff
    main.o(.text.main) refers to lights.o(.text.color_onoff) for color_onoff
    main.o(.text.main) refers to lcd.o(.text.mainScreen) for mainScreen
    main.o(.text.main) refers to lcd.o(.text.select) for select
    main.o(.text.main) refers to main.o(.text.delay_MS) for delay_MS
    main.o(.text.main) refers to main.o(.text.I2C_Write_byt) for I2C_Write_byt
    main.o(.text.main) refers to uart1.o(.bss.receiveString) for receiveString
    main.o(.text.main) refers to main.o(.bss..L_MergedGlobals.8) for [Anonymous Symbol]
    main.o(.text.main) refers to main.o(.data..L_MergedGlobals) for [Anonymous Symbol]
    main.o(.text.main) refers to main.o(.bss..L_MergedGlobals.9) for [Anonymous Symbol]
    main.o(.text.main) refers to main.o(.bss..L_MergedGlobals.10) for [Anonymous Symbol]
    main.o(.text.main) refers to main.o(.rodata.str1.1) for [Anonymous Symbol]
    main.o(.text.main) refers to lcd.o(.bss..L_MergedGlobals) for y
    main.o(.ARM.exidx.text.main) refers to main.o(.text.main) for [Anonymous Symbol]
    main.o(.text.displayLCD) refers to printf6.o(i.__0sprintf$6) for __2sprintf
    main.o(.text.displayLCD) refers to lcd.o(.text.select) for select
    main.o(.text.displayLCD) refers to lcd.o(.text.mainScreen) for mainScreen
    main.o(.text.displayLCD) refers to main.o(.bss..L_MergedGlobals.10) for [Anonymous Symbol]
    main.o(.text.displayLCD) refers to main.o(.rodata.str1.1) for [Anonymous Symbol]
    main.o(.text.displayLCD) refers to lcd.o(.bss..L_MergedGlobals) for y
    main.o(.text.displayLCD) refers to main.o(.bss..L_MergedGlobals.8) for [Anonymous Symbol]
    main.o(.ARM.exidx.text.displayLCD) refers to main.o(.text.displayLCD) for [Anonymous Symbol]
    flags.o(.ARM.exidx.text.checkFlags) refers to flags.o(.text.checkFlags) for [Anonymous Symbol]
    sensor.o(.ARM.exidx.text.ADCinit) refers to sensor.o(.text.ADCinit) for [Anonymous Symbol]
    sensor.o(.ARM.exidx.text.checkAnalog) refers to sensor.o(.text.checkAnalog) for [Anonymous Symbol]
    sensor.o(.text.soil_Conv) refers to ffltui.o(.text) for __aeabi_ui2f
    sensor.o(.text.soil_Conv) refers to fmul.o(.text) for __aeabi_fmul
    sensor.o(.text.soil_Conv) refers to fadd.o(.text) for __aeabi_fadd
    sensor.o(.text.soil_Conv) refers to ffixi.o(.text) for __aeabi_f2iz
    sensor.o(.ARM.exidx.text.soil_Conv) refers to sensor.o(.text.soil_Conv) for [Anonymous Symbol]
    dht11.o(.text.checkResponse) refers to tpm0.o(.text.timerStart) for timerStart
    dht11.o(.text.checkResponse) refers to tpm0.o(.text.timerStop) for timerStop
    dht11.o(.text.checkResponse) refers to uart1.o(.text.uart1_send_string) for uart1_send_string
    dht11.o(.text.checkResponse) refers to dht11.o(.rodata.str1.1) for [Anonymous Symbol]
    dht11.o(.ARM.exidx.text.checkResponse) refers to dht11.o(.text.checkResponse) for [Anonymous Symbol]
[...]
    printf1.o(i.__0vfprintf$1) refers to fputc.o(i.fputc) for fputc
    printf1.o(i.__0vprintf$1) refers to printf1.o(i._printf_core) for _printf_core
    printf1.o(i.__0vprintf$1) refers to fputc.o(i.fputc) for fputc
    printf1.o(i.__0vprintf$1) refers to stdout.o(.data) for __stdout
    printf1.o(i.__0vsnprintf$1) refers to printf1.o(i._printf_core) for _printf_core
    printf1.o(i.__0vsnprintf$1) refers to printf1.o(i._snputc) for _snputc
    printf1.o(i.__0vsprintf$1) refers to printf1.o(i._printf_core) for _printf_core
    printf1.o(i.__0vsprintf$1) refers to printf1.o(i._sputc) for _sputc
    printf1.o(i._printf_core) refers to uidiv_div0.o(.text) for __aeabi_uidivmod
    printf2.o(i.__0fprintf$2) refers to printf2.o(i._printf_core) for _printf_core
    printf2.o(i.__0fprintf$2) refers to fputc.o(i.fputc) for fputc
    printf2.o(i.__0printf$2) refers to printf2.o(i._printf_core) for _printf_core
    printf2.o(i.__0printf$2) refers to fputc.o(i.fputc) for fputc
    printf2.o(i.__0printf$2) refers to stdout.o(.data) for __stdout
    printf2.o(i.__0snprintf$2) refers to printf2.o(i._printf_core) for _printf_core
    printf2.o(i.__0snprintf$2) refers to printf2.o(i._snputc) for _snputc
    printf2.o(i.__0sprintf$2) refers to printf2.o(i._printf_core) for _printf_core
    printf2.o(i.__0sprintf$2) refers to printf2.o(i._sputc) for _sputc
    printf2.o(i.__0vfprintf$2) refers to printf2.o(i._printf_core) for _printf_core
    printf2.o(i.__0vfprintf$2) refers to fputc.o(i.fputc) for fputc
    printf2.o(i.__0vprintf$2) refers to printf2.o(i._printf_core) for _printf_core
    printf2.o(i.__0vprintf$2) refers to fputc.o(i.fputc) for fputc
    printf2.o(i.__0vprintf$2) refers to stdout.o(.data) for __stdout
    printf2.o(i.__0vsnprintf$2) refers to printf2.o(i._printf_core) for _printf_core
    printf2.o(i.__0vsnprintf$2) refers to printf2.o(i._snputc) for _snputc
    printf2.o(i.__0vsprintf$2) refers to printf2.o(i._printf_core) for _printf_core
    printf2.o(i.__0vsprintf$2) refers to printf2.o(i._sputc) for _sputc
    printf3.o(i.__0fprintf$3) refers to printf3.o(i._printf_core) for _printf_core
    printf3.o(i.__0fprintf$3) refers to fputc.o(i.fputc) for fputc
    printf3.o(i.__0printf$3) refers to printf3.o(i._printf_core) for _printf_core
    printf3.o(i.__0printf$3) refers to fputc.o(i.fputc) for fputc
    printf3.o(i.__0printf$3) refers to stdout.o(.data) for __stdout
    printf3.o(i.__0snprintf$3) refers to printf3.o(i._printf_core) for _printf_core
    printf3.o(i.__0snprintf$3) refers to printf3.o(i._snputc) for _snputc
    printf3.o(i.__0sprintf$3) refers to printf3.o(i._printf_core) for _printf_core
    printf3.o(i.__0sprintf$3) refers to printf3.o(i._sputc) for _sputc
    printf3.o(i.__0vfprintf$3) refers to printf3.o(i._printf_core) for _printf_core
    printf3.o(i.__0vfprintf$3) refers to fputc.o(i.fputc) for fputc
    printf3.o(i.__0vprintf$3) refers to printf3.o(i._printf_core) for _printf_core
    printf3.o(i.__0vprintf$3) refers to fputc.o(i.fputc) for fputc
    printf3.o(i.__0vprintf$3) refers to stdout.o(.data) for __stdout
    printf3.o(i.__0vsnprintf$3) refers to printf3.o(i._printf_core) for _printf_core
    printf3.o(i.__0vsnprintf$3) refers to printf3.o(i._snputc) for _snputc
    printf3.o(i.__0vsprintf$3) refers to printf3.o(i._printf_core) for _printf_core
    printf3.o(i.__0vsprintf$3) refers to printf3.o(i._sputc) for _sputc
    printf3.o(i._printf_core) refers to uidiv_div0.o(.text) for __aeabi_uidivmod
    printf4.o(i.__0fprintf$4) refers to printf4.o(i._printf_core) for _printf_core
    printf4.o(i.__0fprintf$4) refers to fputc.o(i.fputc) for fputc
    printf4.o(i.__0printf$4) refers to printf4.o(i._printf_core) for _printf_core
    printf4.o(i.__0printf$4) refers to fputc.o(i.fputc) for fputc
    printf4.o(i.__0printf$4) refers to stdout.o(.data) for __stdout
    printf4.o(i.__0snprintf$4) refers to printf4.o(i._printf_core) for _printf_core
    printf4.o(i.__0snprintf$4) refers to printf4.o(i._snputc) for _snputc
    printf4.o(i.__0sprintf$4) refers to printf4.o(i._printf_core) for _printf_core
    printf4.o(i.__0sprintf$4) refers to printf4.o(i._sputc) for _sputc
    printf4.o(i.__0vfprintf$4) refers to printf4.o(i._printf_core) for _printf_core
    printf4.o(i.__0vfprintf$4) refers to fputc.o(i.fputc) for fputc
    printf4.o(i.__0vprintf$4) refers to printf4.o(i._printf_core) for _printf_core
    printf4.o(i.__0vprintf$4) refers to fputc.o(i.fputc) for fputc
    printf4.o(i.__0vprintf$4) refers to stdout.o(.data) for __stdout
    printf4.o(i.__0vsnprintf$4) refers to printf4.o(i._printf_core) for _printf_core
    printf4.o(i.__0vsnprintf$4) refers to printf4.o(i._snputc) for _snputc
    printf4.o(i.__0vsprintf$4) refers to printf4.o(i._printf_core) for _printf_core
    printf4.o(i.__0vsprintf$4) refers to printf4.o(i._sputc) for _sputc
    printf4.o(i._printf_core) refers to uldiv.o(.text) for __aeabi_uldivmod
    printf5.o(i.__0fprintf$5) refers to printf5.o(i._printf_core) for _printf_core
    printf5.o(i.__0fprintf$5) refers to fputc.o(i.fputc) for fputc
    printf5.o(i.__0printf$5) refers to printf5.o(i._printf_core) for _printf_core
    printf5.o(i.__0printf$5) refers to fputc.o(i.fputc) for fputc
    printf5.o(i.__0printf$5) refers to stdout.o(.data) for __stdout
    printf5.o(i.__0snprintf$5) refers to printf5.o(i._printf_core) for _printf_core
    printf5.o(i.__0snprintf$5) refers to printf5.o(i._snputc) for _snputc
    printf5.o(i.__0sprintf$5) refers to printf5.o(i._printf_core) for _printf_core
    printf5.o(i.__0sprintf$5) refers to printf5.o(i._sputc) for _sputc
    printf5.o(i.__0vfprintf$5) refers to printf5.o(i._printf_core) for _printf_core
    printf5.o(i.__0vfprintf$5) refers to fputc.o(i.fputc) for fputc
    printf5.o(i.__0vprintf$5) refers to printf5.o(i._printf_core) for _printf_core
    printf5.o(i.__0vprintf$5) refers to fputc.o(i.fputc) for fputc
    printf5.o(i.__0vprintf$5) refers to stdout.o(.data) for __stdout
    printf5.o(i.__0vsnprintf$5) refers to printf5.o(i._printf_core) for _printf_core
    printf5.o(i.__0vsnprintf$5) refers to printf5.o(i._snputc) for _snputc
    printf5.o(i.__0vsprintf$5) refers to printf5.o(i._printf_core) for _printf_core
    printf5.o(i.__0vsprintf$5) refers to printf5.o(i._sputc) for _sputc
    printf5.o(i._printf_core) refers to uldiv.o(.text) for __aeabi_uldivmod
    printf6.o(i.__0fprintf$6) refers to printf6.o(i._printf_core) for _printf_core
    printf6.o(i.__0fprintf$6) refers to fputc.o(i.fputc) for fputc
    printf6.o(i.__0printf$6) refers to printf6.o(i._printf_core) for _printf_core
    printf6.o(i.__0printf$6) refers to fputc.o(i.fputc) for fputc
    printf6.o(i.__0printf$6) refers to stdout.o(.data) for __stdout
    printf6.o(i.__0snprintf$6) refers to printf6.o(i._printf_core) for _printf_core
    printf6.o(i.__0snprintf$6) refers to printf6.o(i._snputc) for _snputc
    printf6.o(i.__0sprintf$6) refers to printf6.o(i._printf_core) for _printf_core
    printf6.o(i.__0sprintf$6) refers to printf6.o(i._sputc) for _sputc
    printf6.o(i.__0vfprintf$6) refers to printf6.o(i._printf_core) for _printf_core
    printf6.o(i.__0vfprintf$6) refers to fputc.o(i.fputc) for fputc
    printf6.o(i.__0vprintf$6) refers to printf6.o(i._printf_core) for _printf_core
    printf6.o(i.__0vprintf$6) refers to fputc.o(i.fputc) for fputc
    printf6.o(i.__0vprintf$6) refers to stdout.o(.data) for __stdout
    printf6.o(i.__0vsnprintf$6) refers to printf6.o(i._printf_core) for _printf_core
    printf6.o(i.__0vsnprintf$6) refers to printf6.o(i._snputc) for _snputc
    printf6.o(i.__0vsprintf$6) refers to printf6.o(i._printf_core) for _printf_core
    printf6.o(i.__0vsprintf$6) refers to printf6.o(i._sputc) for _sputc
    printf6.o(i._printf_core) refers to printf6.o(i._printf_pre_padding) for _printf_pre_padding
    printf6.o(i._printf_core) refers to printf6.o(i._printf_post_padding) for _printf_post_padding
    printf6.o(i._printf_core) refers to uidiv_div0.o(.text) for __aeabi_uidivmod
    printf7.o(i.__0fprintf$7) refers to printf7.o(i._printf_core) for _printf_core
    printf7.o(i.__0fprintf$7) refers to fputc.o(i.fputc) for fputc
    printf7.o(i.__0printf$7) refers to printf7.o(i._printf_core) for _printf_core
    printf7.o(i.__0printf$7) refers to fputc.o(i.fputc) for fputc
    printf7.o(i.__0printf$7) refers to stdout.o(.data) for __stdout
    printf7.o(i.__0snprintf$7) refers to printf7.o(i._printf_core) for _printf_core
    printf7.o(i.__0snprintf$7) refers to printf7.o(i._snputc) for _snputc
    printf7.o(i.__0sprintf$7) refers to printf7.o(i._printf_core) for _printf_core
    printf7.o(i.__0sprintf$7) refers to printf7.o(i._sputc) for _sputc
    printf7.o(i.__0vfprintf$7) refers to printf7.o(i._printf_core) for _printf_core
    printf7.o(i.__0vfprintf$7) refers to fputc.o(i.fputc) for fputc
    printf7.o(i.__0vprintf$7) refers to printf7.o(i._printf_core) for _printf_core
    printf7.o(i.__0vprintf$7) refers to fputc.o(i.fputc) for fputc
    printf7.o(i.__0vprintf$7) refers to stdout.o(.data) for __stdout
    printf7.o(i.__0vsnprintf$7) refers to printf7.o(i._printf_core) for _printf_core
    printf7.o(i.__0vsnprintf$7) refers to printf7.o(i._snputc) for _snputc
    printf7.o(i.__0vsprintf$7) refers to printf7.o(i._printf_core) for _printf_core
    printf7.o(i.__0vsprintf$7) refers to printf7.o(i._sputc) for _sputc
    printf7.o(i._printf_core) refers to printf7.o(i._printf_pre_padding) for _printf_pre_padding
    printf7.o(i._printf_core) refers to printf7.o(i._printf_post_padding) for _printf_post_padding
    printf7.o(i._printf_core) refers to uldiv.o(.text) for __aeabi_uldivmod
    printf8.o(i.__0fprintf$8) refers to printf8.o(i._printf_core) for _printf_core
    printf8.o(i.__0fprintf$8) refers to fputc.o(i.fputc) for fputc
    printf8.o(i.__0printf$8) refers to printf8.o(i._printf_core) for _printf_core
    printf8.o(i.__0printf$8) refers to fputc.o(i.fputc) for fputc
    printf8.o(i.__0printf$8) refers to stdout.o(.data) for __stdout
    printf8.o(i.__0snprintf$8) refers to printf8.o(i._printf_core) for _printf_core
    printf8.o(i.__0snprintf$8) refers to printf8.o(i._snputc) for _snputc
    printf8.o(i.__0sprintf$8) refers to printf8.o(i._printf_core) for _printf_core
    printf8.o(i.__0sprintf$8) refers to printf8.o(i._sputc) for _sputc
    printf8.o(i.__0vfprintf$8) refers to printf8.o(i._printf_core) for _printf_core
    printf8.o(i.__0vfprintf$8) refers to fputc.o(i.fputc) for fputc
    printf8.o(i.__0vprintf$8) refers to printf8.o(i._printf_core) for _printf_core
    printf8.o(i.__0vprintf$8) refers to fputc.o(i.fputc) for fputc
    printf8.o(i.__0vprintf$8) refers to stdout.o(.data) for __stdout
    printf8.o(i.__0vsnprintf$8) refers to printf8.o(i._printf_core) for _printf_core
    printf8.o(i.__0vsnprintf$8) refers to printf8.o(i._snputc) for _snputc
    printf8.o(i.__0vsprintf$8) refers to printf8.o(i._printf_core) for _printf_core
    printf8.o(i.__0vsprintf$8) refers to printf8.o(i._sputc) for _sputc
    printf8.o(i._printf_core) refers to printf8.o(i._printf_pre_padding) for _printf_pre_padding
    printf8.o(i._printf_core) refers to printf8.o(i._printf_post_padding) for _printf_post_padding
    printf8.o(i._printf_core) refers to uldiv.o(.text) for __aeabi_uldivmod
    printfa.o(i.__0fprintf) refers (Special) to iusefp.o(.text) for __I$use$fp
    printfa.o(i.__0fprintf) refers to printfa.o(i._printf_core) for _printf_core
    printfa.o(i.__0fprintf) refers to fputc.o(i.fputc) for fputc
    printfa.o(i.__0printf) refers (Special) to iusefp.o(.text) for __I$use$fp
    printfa.o(i.__0printf) refers to printfa.o(i._printf_core) for _printf_core
    printfa.o(i.__0printf) refers to fputc.o(i.fputc) for fputc
    printfa.o(i.__0printf) refers to stdout.o(.data) for __stdout
    printfa.o(i.__0snprintf) refers (Special) to iusefp.o(.text) for __I$use$fp
    printfa.o(i.__0snprintf) refers to printfa.o(i._printf_core) for _printf_core
    printfa.o(i.__0snprintf) refers to printfa.o(i._snputc) for _snputc
    printfa.o(i.__0sprintf) refers (Special) to iusefp.o(.text) for __I$use$fp
    printfa.o(i.__0sprintf) refers to printfa.o(i._printf_core) for _printf_core
    printfa.o(i.__0sprintf) refers to printfa.o(i._sputc) for _sputc
    printfa.o(i.__0vfprintf) refers (Special) to iusefp.o(.text) for __I$use$fp
    printfa.o(i.__0vfprintf) refers to printfa.o(i._printf_core) for _printf_core
    printfa.o(i.__0vfprintf) refers to fputc.o(i.fputc) for fputc
    printfa.o(i.__0vprintf) refers (Special) to iusefp.o(.text) for __I$use$fp
    printfa.o(i.__0vprintf) refers to printfa.o(i._printf_core) for _printf_core
    printfa.o(i.__0vprintf) refers to fputc.o(i.fputc) for fputc
    printfa.o(i.__0vprintf) refers to stdout.o(.data) for __stdout
    printfa.o(i.__0vsnprintf) refers (Special) to iusefp.o(.text) for __I$use$fp
    printfa.o(i.__0vsnprintf) refers to printfa.o(i._printf_core) for _printf_core
    printfa.o(i.__0vsnprintf) refers to printfa.o(i._snputc) for _snputc
    printfa.o(i.__0vsprintf) refers (Special) to iusefp.o(.text) for __I$use$fp
    printfa.o(i.__0vsprintf) refers to printfa.o(i._printf_core) for _printf_core
    printfa.o(i.__0vsprintf) refers to printfa.o(i._sputc) for _sputc
    printfa.o(i._fp_digits) refers (Special) to iusefp.o(.text) for __I$use$fp
    printfa.o(i._fp_digits) refers to dmul.o(.text) for __aeabi_dmul
    printfa.o(i._fp_digits) refers to ddiv.o(.text) for __aeabi_ddiv
    printfa.o(i._fp_digits) refers to cdrcmple.o(.text) for __aeabi_cdrcmple
    printfa.o(i._fp_digits) refers to dadd.o(.text) for __aeabi_dadd
    printfa.o(i._fp_digits) refers to dfixul.o(.text) for __aeabi_d2ulz
    printfa.o(i._fp_digits) refers to uldiv.o(.text) for __aeabi_uldivmod
    printfa.o(i._printf_core) refers (Special) to iusefp.o(.text) for __I$use$fp
    printfa.o(i._printf_core) refers to printfa.o(i._printf_pre_padding) for _printf_pre_padding
    printfa.o(i._printf_core) refers to uldiv.o(.text) for __aeabi_uldivmod
    printfa.o(i._printf_core) refers to printfa.o(i._printf_post_padding) for _printf_post_padding
    printfa.o(i._printf_core) refers to printfa.o(i._fp_digits) for _fp_digits
    printfa.o(i._printf_core) refers to uidiv_div0.o(.text) for __aeabi_uidivmod
    printfa.o(i._printf_post_padding) refers (Special) to iusefp.o(.text) for __I$use$fp
    printfa.o(i._printf_pre_padding) refers (Special) to iusefp.o(.text) for __I$use$fp
    printfa.o(i._snputc) refers (Special) to iusefp.o(.text) for __I$use$fp
    printfa.o(i._sputc) refers (Special) to iusefp.o(.text) for __I$use$fp
    atoi.o(.text) refers to errno.o(i.__aeabi_errno_addr) for __aeabi_errno_addr
    atoi.o(.text) refers to strtol.o(.text) for strtol
    fadd.o(.text) refers (Special) to iusefp.o(.text) for __I$use$fp
    fadd.o(.text) refers to fepilogue.o(.text) for _float_epilogue
    fmul.o(.text) refers (Special) to iusefp.o(.text) for __I$use$fp
    dadd.o(.text) refers (Special) to iusefp.o(.text) for __I$use$fp
    dadd.o(.text) refers to llshl.o(.text) for __aeabi_llsl
    dadd.o(.text) refers to llsshr.o(.text) for __aeabi_lasr
    dadd.o(.text) refers to depilogue.o(.text) for _double_epilogue
    dmul.o(.text) refers (Special) to iusefp.o(.text) for __I$use$fp
    dmul.o(.text) refers to depilogue.o(.text) for _double_epilogue
    ddiv.o(.text) refers (Special) to iusefp.o(.text) for __I$use$fp
    ddiv.o(.text) refers to depilogue.o(.text) for _double_round
    ffltui.o(.text) refers (Special) to iusefp.o(.text) for __I$use$fp
    ffltui.o(.text) refers to fepilogue.o(.text) for _float_epilogue
    dflti.o(.text) refers (Special) to iusefp.o(.text) for __I$use$fp
    dflti.o(.text) refers to depilogue.o(.text) for _double_epilogue
    dfltui.o(.text) refers (Special) to iusefp.o(.text) for __I$use$fp
    dfltui.o(.text) refers to depilogue.o(.text) for _double_epilogue
    ffixi.o(.text) refers (Special) to iusefp.o(.text) for __I$use$fp
    dfixi.o(.text) refers (Special) to iusefp.o(.text) for __I$use$fp
    dfixi.o(.text) refers to llushr.o(.text) for __aeabi_llsr
    entry2.o(.ARM.Collect$$$$00000001) refers to entry2.o(.ARM.Collect$$$$00002712) for __lit__00000000
    entry2.o(.ARM.Collect$$$$00002712) refers to startup_mkl25z4.o(STACK) for __initial_sp
    entry2.o(__vectab_stack_and_reset_area) refers to startup_mkl25z4.o(STACK) for __initial_sp
    entry2.o(__vectab_stack_and_reset_area) refers to entry.o(.ARM.Collect$$$$00000000) for __main
    entry5.o(.ARM.Collect$$$$00000004) refers to init.o(.text) for __scatterload
    entry9a.o(.ARM.Collect$$$$0000000B) refers to main.o(.text.main) for main
    entry9b.o(.ARM.Collect$$$$0000000C) refers to main.o(.text.main) for main
    fputc.o(i.fputc) refers (Special) to iusesemip.o(.text) for __I$use$semihosting$fputc
    fputc.o(i.fputc) refers (Special) to semi.o(.text) for __semihosting_library_function
    fputc_h.o(i._fputc$hlt) refers (Special) to iusesemip.o(.text) for __I$use$semihosting$fputc
    fputc_h.o(i._fputc$hlt) refers (Special) to semi.o(.text) for __semihosting_library_function
    idiv_div0.o(.text) refers to uidiv_div0.o(.text) for __aeabi_uidivmod
    uldiv.o(.text) refers to llushr.o(.text) for __aeabi_llsr
    uldiv.o(.text) refers to llshl.o(.text) for __aeabi_llsl
    errno.o(i.__aeabi_errno_addr) refers to errno.o(.data) for .data
    errno.o(i.__read_errno) refers to errno.o(.data) for .data
    errno.o(i.__set_errno) refers to errno.o(.data) for .data
    strtol.o(.text) refers to ctype_o.o(.text) for __rt_ctype_table
    strtol.o(.text) refers to _strtoul.o(.text) for _strtoul
    strtol.o(.text) refers to errno.o(i.__aeabi_errno_addr) for __aeabi_errno_addr
    fepilogue.o(.text) refers (Special) to iusefp.o(.text) for __I$use$fp
    depilogue.o(.text) refers (Special) to iusefp.o(.text) for __I$use$fp
    depilogue.o(.text) refers to depilogue.o(i.__ARM_clz) for __ARM_clz
    depilogue.o(.text) refers to llshl.o(.text) for __aeabi_llsl
    depilogue.o(.text) refers to llushr.o(.text) for __aeabi_llsr
    dfixul.o(.text) refers (Special) to iusefp.o(.text) for __I$use$fp
    dfixul.o(.text) refers to llushr.o(.text) for __aeabi_llsr
    dfixul.o(.text) refers to llshl.o(.text) for __aeabi_llsl
    cdrcmple.o(.text) refers (Special) to iusefp.o(.text) for __I$use$fp
    init.o(.text) refers to entry5.o(.ARM.Collect$$$$00000004) for __main_after_scatterload
    ctype_o.o(.text) refers to ctype_o.o(.constdata) for .constdata
    ctype_o.o(.constdata) refers to ctype_o.o(.constdata) for __ctype_table
    isalnum_o.o(.text) refers to ctype_o.o(.text) for __rt_ctype_table
    isalpha_o.o(.text) refers to ctype_o.o(.text) for __rt_ctype_table
    isblank_o.o(.text) refers to ctype_o.o(.constdata) for __ctype_table
    iscntrl_o.o(.text) refers to ctype_o.o(.text) for __rt_ctype_table
    isdigit_o.o(.text) refers to ctype_o.o(.text) for __rt_ctype_table
    isgraph_o.o(.text) refers to ctype_o.o(.text) for __rt_ctype_table
    islower_o.o(.text) refers to ctype_o.o(.text) for __rt_ctype_table
    isprint_o.o(.text) refers to ctype_o.o(.text) for __rt_ctype_table
    ispunct_o.o(.text) refers to ctype_o.o(.text) for __rt_ctype_table
    isspace_o.o(.text) refers to ctype_o.o(.text) for __rt_ctype_table
    isupper_o.o(.text) refers to ctype_o.o(.text) for __rt_ctype_table
    isxdigit_o.o(.text) refers to ctype_o.o(.text) for __rt_ctype_table
    _strtoul.o(.text) refers to _chval.o(.text) for _chval
    _strtoul.o(.text) refers to errno.o(i.__aeabi_errno_addr) for __aeabi_errno_addr
    depilogue.o(i.__ARM_clz) refers (Special) to iusefp.o(.text) for __I$use$fp


==============================================================================

Removing Unused input sections from the image.

    Removing main.o(.text), (0 bytes).
    Removing main.o(.text.init_DAC), (36 bytes).
    Removing main.o(.ARM.exidx.text.init_DAC), (8 bytes).
    Removing main.o(.ARM.exidx.text.I2C_Write_byt), (8 bytes).
    Removing main.o(.ARM.exidx.text.delay_MS), (8 bytes).
    Removing main.o(.ARM.exidx.text.main), (8 bytes).
    Removing main.o(.text.displayLCD), (96 bytes).
    Removing main.o(.ARM.exidx.text.displayLCD), (8 bytes).
    Removing main.o(.data.water), (2 bytes).
    Removing main.o(.bss.trigger_flags), (8 bytes).
    Removing main.o(.bss.SoilMoisture), (2 bytes).
    Removing main.o(.ARM.use_no_argv), (4 bytes).
    Removing flags.o(.text), (0 bytes).
    Removing flags.o(.text.checkFlags), (2 bytes).
    Removing flags.o(.ARM.exidx.text.checkFlags), (8 bytes).
    Removing sensor.o(.text), (0 bytes).
    Removing sensor.o(.text.ADCinit), (60 bytes).
    Removing sensor.o(.ARM.exidx.text.ADCinit), (8 bytes).
    Removing sensor.o(.ARM.exidx.text.checkAnalog), (8 bytes).
    Removing sensor.o(.ARM.exidx.text.soil_Conv), (8 bytes).
    Removing dht11.o(.text), (0 bytes).
    Removing dht11.o(.text.checkResponse), (92 bytes).
    Removing dht11.o(.ARM.exidx.text.checkResponse), (8 bytes).
    Removing dht11.o(.ARM.exidx.text.getDataBit), (8 bytes).
    Removing dht11.o(.ARM.exidx.text.dht_function), (8 bytes).
    Removing lights.o(.text), (0 bytes).
    Removing lights.o(.ARM.exidx.text.tpm_init), (8 bytes).
    Removing lights.o(.ARM.exidx.text.color_pwmcontrol), (8 bytes).
    Removing lights.o(.ARM.exidx.text.color_onoff), (8 bytes).
    Removing lights.o(.text.water_pwmcontrol), (12 bytes).
    Removing lights.o(.ARM.exidx.text.water_pwmcontrol), (8 bytes).
    Removing lights.o(.text.water_onoff), (28 bytes).
    Removing lights.o(.ARM.exidx.text.water_onoff), (8 bytes).
    Removing lights.o(.text.fan_pwmcontrol), (12 bytes).
    Removing lights.o(.ARM.exidx.text.fan_pwmcontrol), (8 bytes).
    Removing lights.o(.ARM.exidx.text.fan_onoff), (8 bytes).
    Removing lights.o(.ARM.exidx.text.heater_onoff), (8 bytes).
    Removing tpm0.o(.text), (0 bytes).
    Removing tpm0.o(.ARM.exidx.text.timer0init), (8 bytes).
    Removing tpm0.o(.ARM.exidx.text.timerStart), (8 bytes).
    Removing tpm0.o(.ARM.exidx.text.timerStop), (8 bytes).
    Removing uart.o(.text), (0 bytes).
    Removing uart.o(.text.uart0_init), (144 bytes).
    Removing uart.o(.ARM.exidx.text.uart0_init), (8 bytes).
    Removing uart.o(.ARM.exidx.text.UART0_IRQHandler), (8 bytes).
    Removing uart.o(.text.uart0_send_string), (76 bytes).
    Removing uart.o(.ARM.exidx.text.uart0_send_string), (8 bytes).
    Removing uart.o(.text.uart0_num_rx_chars_available), (16 bytes).
    Removing uart.o(.ARM.exidx.text.uart0_num_rx_chars_available), (8 bytes).
    Removing uart.o(.text.uart0_get_char), (36 bytes).
    Removing uart.o(.ARM.exidx.text.uart0_get_char), (8 bytes).
    Removing uart.o(.text.uart0_put_char), (48 bytes).
    Removing uart.o(.ARM.exidx.text.uart0_put_char), (8 bytes).
    Removing queue.o(.text), (0 bytes).
    Removing queue.o(.ARM.exidx.text.q_init), (8 bytes).
    Removing queue.o(.text.q_empty), (12 bytes).
    Removing queue.o(.ARM.exidx.text.q_empty), (8 bytes).
    Removing queue.o(.text.q_full), (20 bytes).
    Removing queue.o(.ARM.exidx.text.q_full), (8 bytes).
    Removing queue.o(.ARM.exidx.text.q_size), (8 bytes).
    Removing queue.o(.ARM.exidx.text.q_enqueue), (8 bytes).
    Removing queue.o(.ARM.exidx.text.q_dequeue), (8 bytes).
    Removing uart1.o(.text), (0 bytes).
    Removing uart1.o(.ARM.exidx.text.uart1_init), (8 bytes).
    Removing uart1.o(.ARM.exidx.text.UART1_IRQHandler), (8 bytes).
    Removing uart1.o(.ARM.exidx.text.uart1_send_string), (8 bytes).
    Removing uart1.o(.text.uart1_num_rx_chars_available), (16 bytes).
    Removing uart1.o(.ARM.exidx.text.uart1_num_rx_chars_available), (8 bytes).
    Removing uart1.o(.text.uart1_get_char), (36 bytes).
    Removing uart1.o(.ARM.exidx.text.uart1_get_char), (8 bytes).
    Removing uart1.o(.text.uart1_put_char), (48 bytes).
    Removing uart1.o(.ARM.exidx.text.uart1_put_char), (8 bytes).
    Removing uart1.o(.ARM.exidx.text.uart1_receive_string), (8 bytes).
    Removing lcd.o(.text), (0 bytes).
    Removing lcd.o(.ARM.exidx.text.buttonInit), (8 bytes).
    Removing lcd.o(.text.callwrite), (28 bytes).
    Removing lcd.o(.ARM.exidx.text.callwrite), (8 bytes).
    Removing lcd.o(.ARM.exidx.text.select), (8 bytes).
    Removing lcd.o(.ARM.exidx.text.mainScreen), (8 bytes).
    Removing lcd.o(.text.Enter), (52 bytes).
    Removing lcd.o(.ARM.exidx.text.Enter), (8 bytes).
    Removing lcd.o(.text.Undo), (52 bytes).
    Removing lcd.o(.ARM.exidx.text.Undo), (8 bytes).
    Removing lcd.o(.text.nextSlide), (56 bytes).
    Removing lcd.o(.ARM.exidx.text.nextSlide), (8 bytes).
    Removing lcd.o(.text.prevSlide), (56 bytes).
    Removing lcd.o(.ARM.exidx.text.prevSlide), (8 bytes).
    Removing lcd.o(.text.buttonFunc), (240 bytes).
    Removing lcd.o(.ARM.exidx.text.buttonFunc), (8 bytes).
    Removing lcd.o(.data.maxY), (4 bytes).
    Removing i2c.o(.text), (0 bytes).
    Removing i2c.o(.ARM.exidx.text.i2c_Init), (8 bytes).
    Removing i2c.o(.text.i2c_DisableAck), (10 bytes).
    Removing i2c.o(.ARM.exidx.text.i2c_DisableAck), (8 bytes).
    Removing i2c.o(.text.i2c_EnableAck), (10 bytes).
    Removing i2c.o(.ARM.exidx.text.i2c_EnableAck), (8 bytes).
    Removing i2c.o(.text.i2c_RepeatedStart), (10 bytes).
    Removing i2c.o(.ARM.exidx.text.i2c_RepeatedStart), (8 bytes).
    Removing i2c.o(.text.i2c_EnterRxMode), (10 bytes).
    Removing i2c.o(.ARM.exidx.text.i2c_EnterRxMode), (8 bytes).
    Removing i2c.o(.text.i2c_Start), (18 bytes).
    Removing i2c.o(.ARM.exidx.text.i2c_Start), (8 bytes).
    Removing i2c.o(.text.i2c_Stop), (18 bytes).
    Removing i2c.o(.ARM.exidx.text.i2c_Stop), (8 bytes).
    Removing i2c.o(.text.i2c_Wait), (32 bytes).
    Removing i2c.o(.ARM.exidx.text.i2c_Wait), (8 bytes).
    Removing i2c.o(.text.i2c_WriteByte), (4 bytes).
    Removing i2c.o(.ARM.exidx.text.i2c_WriteByte), (8 bytes).
    Removing i2c.o(.text.i2c_ReadByte), (4 bytes).
    Removing i2c.o(.ARM.exidx.text.i2c_ReadByte), (8 bytes).
    Removing i2c.o(.text.i2c_WriteRegister), (152 bytes).
    Removing i2c.o(.ARM.exidx.text.i2c_WriteRegister), (8 bytes).
    Removing i2c.o(.text.i2c_ReadRegister), (204 bytes).
    Removing i2c.o(.ARM.exidx.text.i2c_ReadRegister), (8 bytes).
    Removing i2c.o(.text.i2c_ReadMultRegister), (300 bytes).
    Removing i2c.o(.ARM.exidx.text.i2c_ReadMultRegister), (8 bytes).
    Removing i2c.o(.text.i2c_WriteMultRegister), (176 bytes).
    Removing i2c.o(.ARM.exidx.text.i2c_WriteMultRegister), (8 bytes).
    Removing i2c.o(.ARM.exidx.text.i2c_WriteText), (8 bytes).
    Removing driver.o(.text), (0 bytes).
    Removing driver.o(.ARM.exidx.text.PCF8574T_Init), (8 bytes).
    Removing driver.o(.text.PCF8574T_sendCommand8bit), (124 bytes).
    Removing driver.o(.ARM.exidx.text.PCF8574T_sendCommand8bit), (8 bytes).
    Removing driver.o(.ARM.exidx.text.PCF8574T_displayString), (8 bytes).
    Removing startup_mkl25z4.o(HEAP), (0 bytes).
    Removing system_mkl25z4.o(.text), (0 bytes).
    Removing system_mkl25z4.o(.ARM.exidx.text.SystemInit), (8 bytes).
    Removing system_mkl25z4.o(.text.SystemCoreClockUpdate), (272 bytes).
    Removing system_mkl25z4.o(.ARM.exidx.text.SystemCoreClockUpdate), (8 bytes).
    Removing system_mkl25z4.o(.data.SystemCoreClock), (4 bytes).
    Removing dfixul.o(.text), (64 bytes).
    Removing cdrcmple.o(.text), (40 bytes).

132 unused section(s) (total 3314 bytes) removed from the image.

==============================================================================

Image Symbol Table

    Local Symbols

    Symbol Name                              Value     Ov Type        Size  Object(Section)

    ../clib/division.s                       0x00000000   Number         0  aeabi_sdivfast.o ABSOLUTE
    ../clib/division.s                       0x00000000   Number         0  aeabi_sdivfast_div0.o ABSOLUTE
    ../clib/microlib/ctype/ctype.c           0x00000000   Number         0  ctype_o.o ABSOLUTE
    ../clib/microlib/ctype/ctype.c           0x00000000   Number         0  isalnum_o.o ABSOLUTE
    ../clib/microlib/ctype/ctype.c           0x00000000   Number         0  isalpha_o.o ABSOLUTE
    ../clib/microlib/ctype/ctype.c           0x00000000   Number         0  isblank_o.o ABSOLUTE
    ../clib/microlib/ctype/ctype.c           0x00000000   Number         0  iscntrl_o.o ABSOLUTE
    ../clib/microlib/ctype/ctype.c           0x00000000   Number         0  isdigit_o.o ABSOLUTE
    ../clib/microlib/ctype/ctype.c           0x00000000   Number         0  isgraph_o.o ABSOLUTE
    ../clib/microlib/ctype/ctype.c           0x00000000   Number         0  islower_o.o ABSOLUTE
    ../clib/microlib/ctype/ctype.c           0x00000000   Number         0  isprint_o.o ABSOLUTE
    ../clib/microlib/ctype/ctype.c           0x00000000   Number         0  ispunct_o.o ABSOLUTE
    ../clib/microlib/ctype/ctype.c           0x00000000   Number         0  isspace_o.o ABSOLUTE
    ../clib/microlib/ctype/ctype.c           0x00000000   Number         0  isupper_o.o ABSOLUTE
    ../clib/microlib/ctype/ctype.c           0x00000000   Number         0  isxdigit_o.o ABSOLUTE
    ../clib/microlib/division.c              0x00000000   Number         0  uidiv.o ABSOLUTE
    ../clib/microlib/division.c              0x00000000   Number         0  uidiv_div0.o ABSOLUTE
    ../clib/microlib/division.c              0x00000000   Number         0  idiv_div0.o ABSOLUTE
    ../clib/microlib/division.c              0x00000000   Number         0  idiv0.o ABSOLUTE
    ../clib/microlib/division.c              0x00000000   Number         0  uldiv.o ABSOLUTE
    ../clib/microlib/errno.c                 0x00000000   Number         0  errno.o ABSOLUTE
    ../clib/microlib/init/entry.s            0x00000000   Number         0  entry.o ABSOLUTE
    ../clib/microlib/init/entry.s            0x00000000   Number         0  entry2.o ABSOLUTE
    ../clib/microlib/init/entry.s            0x00000000   Number         0  entry5.o ABSOLUTE
    ../clib/microlib/init/entry.s            0x00000000   Number         0  entry7a.o ABSOLUTE
    ../clib/microlib/init/entry.s            0x00000000   Number         0  entry7b.o ABSOLUTE
    ../clib/microlib/init/entry.s            0x00000000   Number         0  entry8a.o ABSOLUTE
    ../clib/microlib/init/entry.s            0x00000000   Number         0  entry8b.o ABSOLUTE
    ../clib/microlib/init/entry.s            0x00000000   Number         0  entry9a.o ABSOLUTE
    ../clib/microlib/init/entry.s            0x00000000   Number         0  entry9b.o ABSOLUTE
    ../clib/microlib/init/entry.s            0x00000000   Number         0  entry10a.o ABSOLUTE
    ../clib/microlib/init/entry.s            0x00000000   Number         0  entry10b.o ABSOLUTE
    ../clib/microlib/init/entry.s            0x00000000   Number         0  entry11a.o ABSOLUTE
    ../clib/microlib/init/entry.s            0x00000000   Number         0  entry11b.o ABSOLUTE
    ../clib/microlib/longlong.c              0x00000000   Number         0  llshl.o ABSOLUTE
    ../clib/microlib/longlong.c              0x00000000   Number         0  llushr.o ABSOLUTE
    ../clib/microlib/longlong.c              0x00000000   Number         0  llsshr.o ABSOLUTE
    ../clib/microlib/printf/printf.c         0x00000000   Number         0  printfb.o ABSOLUTE
    ../clib/microlib/printf/printf.c         0x00000000   Number         0  printf0.o ABSOLUTE
    ../clib/microlib/printf/printf.c         0x00000000   Number         0  printf1.o ABSOLUTE
    ../clib/microlib/printf/printf.c         0x00000000   Number         0  printf2.o ABSOLUTE
    ../clib/microlib/printf/printf.c         0x00000000   Number         0  printf3.o ABSOLUTE
    ../clib/microlib/printf/printf.c         0x00000000   Number         0  printf4.o ABSOLUTE
    ../clib/microlib/printf/printf.c         0x00000000   Number         0  printf5.o ABSOLUTE
    ../clib/microlib/printf/printf.c         0x00000000   Number         0  printf6.o ABSOLUTE
    ../clib/microlib/printf/printf.c         0x00000000   Number         0  printf7.o ABSOLUTE
    ../clib/microlib/printf/printf.c         0x00000000   Number         0  printf8.o ABSOLUTE
    ../clib/microlib/printf/printf.c         0x00000000   Number         0  printfa.o ABSOLUTE
    ../clib/microlib/printf/stubs.s          0x00000000   Number         0  printfstubs.o ABSOLUTE
    ../clib/microlib/stdio/fputc.c           0x00000000   Number         0  fputc.o ABSOLUTE
    ../clib/microlib/stdio/fputc.c           0x00000000   Number         0  fputc_h.o ABSOLUTE
    ../clib/microlib/stdio/semi.s            0x00000000   Number         0  semi.o ABSOLUTE
    ../clib/microlib/stdio/streams.c         0x00000000   Number         0  stdout.o ABSOLUTE
    ../clib/microlib/string/memset.c         0x00000000   Number         0  memseta.o ABSOLUTE
    ../clib/microlib/stubs.s                 0x00000000   Number         0  iusefp.o ABSOLUTE
    ../clib/microlib/stubs.s                 0x00000000   Number         0  iusesemip.o ABSOLUTE
    ../clib/scanf.c                          0x00000000   Number         0  atoi.o ABSOLUTE
    ../clib/scanf.c                          0x00000000   Number         0  strtol.o ABSOLUTE
    ../clib/scanf.c                          0x00000000   Number         0  _strtoul.o ABSOLUTE
    ../clib/scanf.c                          0x00000000   Number         0  _chval.o ABSOLUTE
    ../fplib/microlib/fpadd.c                0x00000000   Number         0  fadd.o ABSOLUTE
    ../fplib/microlib/fpadd.c                0x00000000   Number         0  dadd.o ABSOLUTE
    ../fplib/microlib/fpdiv.c                0x00000000   Number         0  ddiv.o ABSOLUTE
    ../fplib/microlib/fpepilogue.c           0x00000000   Number         0  fepilogue.o ABSOLUTE
    ../fplib/microlib/fpepilogue.c           0x00000000   Number         0  depilogue.o ABSOLUTE
    ../fplib/microlib/fpfix.c                0x00000000   Number         0  ffixi.o ABSOLUTE
    ../fplib/microlib/fpfix.c                0x00000000   Number         0  dfixi.o ABSOLUTE
    ../fplib/microlib/fpfix.c                0x00000000   Number         0  dfixul.o ABSOLUTE
    ../fplib/microlib/fpflt.c                0x00000000   Number         0  ffltui.o ABSOLUTE
    ../fplib/microlib/fpflt.c                0x00000000   Number         0  dflti.o ABSOLUTE
    ../fplib/microlib/fpflt.c                0x00000000   Number         0  dfltui.o ABSOLUTE
    ../fplib/microlib/fpmul.c                0x00000000   Number         0  fmul.o ABSOLUTE
    ../fplib/microlib/fpmul.c                0x00000000   Number         0  dmul.o ABSOLUTE
    DHT11.c                                  0x00000000   Number         0  dht11.o ABSOLUTE
    LCD.c                                    0x00000000   Number         0  lcd.o ABSOLUTE
    RTE/Device/MKL25Z128xxx4/startup_MKL25Z4.s 0x00000000   Number         0  startup_mkl25z4.o ABSOLUTE
    TPM0.c                                   0x00000000   Number         0  tpm0.o ABSOLUTE
    cdrcmple.s                               0x00000000   Number         0  cdrcmple.o ABSOLUTE
    dc.s                                     0x00000000   Number         0  dc.o ABSOLUTE
    driver.c                                 0x00000000   Number         0  driver.o ABSOLUTE
    flags.c                                  0x00000000   Number         0  flags.o ABSOLUTE
    handlers.s                               0x00000000   Number         0  handlers.o ABSOLUTE
    i2c.c                                    0x00000000   Number         0  i2c.o ABSOLUTE
    init.s                                   0x00000000   Number         0  init.o ABSOLUTE
    lights.c                                 0x00000000   Number         0  lights.o ABSOLUTE
    main.c                                   0x00000000   Number         0  main.o ABSOLUTE
    queue.c                                  0x00000000   Number         0  queue.o ABSOLUTE
    sensor.c                                 0x00000000   Number         0  sensor.o ABSOLUTE
    system_MKL25Z4.c                         0x00000000   Number         0  system_mkl25z4.o ABSOLUTE
    uart.c                                   0x00000000   Number         0  uart.o ABSOLUTE
    uart1.c                                  0x00000000   Number         0  uart1.o ABSOLUTE
    RESET                                    0x00000000   Section      192  startup_mkl25z4.o(RESET)
    .ARM.Collect$$$$00000000                 0x000000c0   Section        0  entry.o(.ARM.Collect$$$$00000000)
    .ARM.Collect$$$$00000001                 0x000000c0   Section        4  entry2.o(.ARM.Collect$$$$00000001)
    .ARM.Collect$$$$00000004                 0x000000c4   Section        4  entry5.o(.ARM.Collect$$$$00000004)
    .ARM.Collect$$$$00000008                 0x000000c8   Section        0  entry7b.o(.ARM.Collect$$$$00000008)
    .ARM.Collect$$$$0000000A                 0x000000c8   Section        0  entry8b.o(.ARM.Collect$$$$0000000A)
    .ARM.Collect$$$$0000000B                 0x000000c8   Section        8  entry9a.o(.ARM.Collect$$$$0000000B)
    __lit__00000000                          0x000000d0   Data           4  entry2.o(.ARM.Collect$$$$00002712)
    .ARM.Collect$$$$0000000D                 0x000000d0   Section        0  entry10a.o(.ARM.Collect$$$$0000000D)
    .ARM.Collect$$$$0000000F                 0x000000d0   Section        0  entry11a.o(.ARM.Collect$$$$0000000F)
    .ARM.Collect$$$$00002712                 0x000000d0   Section        4  entry2.o(.ARM.Collect$$$$00002712)
    .text                                    0x000000d4   Section       40  startup_mkl25z4.o(.text)
    .text                                    0x000000fc   Section        0  memseta.o(.text)
    .text                                    0x00000120   Section        0  atoi.o(.text)
    .text                                    0x0000013a   Section        0  fadd.o(.text)
    .text                                    0x000001ec   Section        0  fmul.o(.text)
    .text                                    0x00000268   Section        0  dadd.o(.text)
    .text                                    0x000003cc   Section        0  ffltui.o(.text)
    .text                                    0x000003dc   Section        0  dfltui.o(.text)
    .text                                    0x000003f8   Section        0  iusefp.o(.text)
    .text                                    0x000003f8   Section        0  ctype_o.o(.text)
    .ARM.__at_0x400                          0x00000400   Section       16  startup_mkl25z4.o(.ARM.__at_0x400)
    .text                                    0x00000410   Section        0  dmul.o(.text)
    .text                                    0x000004e0   Section        0  ddiv.o(.text)
    .text                                    0x000005d0   Section        0  dflti.o(.text)
    .text                                    0x000005f8   Section        0  ffixi.o(.text)
    .text                                    0x0000062c   Section        0  dfixi.o(.text)
    .text                                    0x00000674   Section        0  uidiv_div0.o(.text)
    .text                                    0x000006b2   Section        0  llshl.o(.text)
    .text                                    0x000006d2   Section        0  llushr.o(.text)
    .text                                    0x000006f4   Section        0  llsshr.o(.text)
    .text                                    0x0000071c   Section        0  strtol.o(.text)
    .text                                    0x0000078c   Section        0  fepilogue.o(.text)
    .text                                    0x0000080e   Section        0  depilogue.o(.text)
    .text                                    0x000008cc   Section       36  init.o(.text)
    .text                                    0x000008f0   Section        0  _strtoul.o(.text)
    .text                                    0x00000996   Section        0  _chval.o(.text)
    [Anonymous Symbol]                       0x000009b4   Section        0  main.o(.text.I2C_Write_byt)
    __arm_cp.1_0                             0x000009c4   Number         4  main.o(.text.I2C_Write_byt)
    [Anonymous Symbol]                       0x000009c8   Section        0  driver.o(.text.PCF8574T_Init)
    [Anonymous Symbol]                       0x00000b9c   Section        0  driver.o(.text.PCF8574T_displayString)
    __arm_cp.2_0                             0x00000c7c   Number         4  driver.o(.text.PCF8574T_displayString)
    __arm_cp.2_1                             0x00000c80   Number         4  driver.o(.text.PCF8574T_displayString)
    __arm_cp.2_2                             0x00000c84   Number         4  driver.o(.text.PCF8574T_displayString)
    __arm_cp.2_3                             0x00000c88   Number         4  driver.o(.text.PCF8574T_displayString)
    [Anonymous Symbol]                       0x00000c8c   Section        0  system_mkl25z4.o(.text.SystemInit)
    __arm_cp.0_0                             0x00000d48   Number         4  system_mkl25z4.o(.text.SystemInit)
    __arm_cp.0_1                             0x00000d4c   Number         4  system_mkl25z4.o(.text.SystemInit)
    __arm_cp.0_2                             0x00000d50   Number         4  system_mkl25z4.o(.text.SystemInit)
    __arm_cp.0_3                             0x00000d54   Number         4  system_mkl25z4.o(.text.SystemInit)
    __arm_cp.0_4                             0x00000d58   Number         4  system_mkl25z4.o(.text.SystemInit)
    __arm_cp.0_5                             0x00000d5c   Number         4  system_mkl25z4.o(.text.SystemInit)
    __arm_cp.0_6                             0x00000d60   Number         4  system_mkl25z4.o(.text.SystemInit)
    __arm_cp.0_7                             0x00000d64   Number         4  system_mkl25z4.o(.text.SystemInit)
    __arm_cp.0_8                             0x00000d68   Number         4  system_mkl25z4.o(.text.SystemInit)
    __arm_cp.0_9                             0x00000d6c   Number         4  system_mkl25z4.o(.text.SystemInit)
    __arm_cp.0_10                            0x00000d70   Number         4  system_mkl25z4.o(.text.SystemInit)
    [Anonymous Symbol]                       0x00000d74   Section        0  uart.o(.text.UART0_IRQHandler)
    __arm_cp.1_1                             0x00000dd0   Number         4  uart.o(.text.UART0_IRQHandler)
    __arm_cp.1_2                             0x00000dd4   Number         4  uart.o(.text.UART0_IRQHandler)
    __arm_cp.1_3                             0x00000dd8   Number         4  uart.o(.text.UART0_IRQHandler)
    [Anonymous Symbol]                       0x00000ddc   Section        0  uart1.o(.text.UART1_IRQHandler)
    __arm_cp.1_0                             0x00000e30   Number         4  uart1.o(.text.UART1_IRQHandler)
    __arm_cp.1_1                             0x00000e34   Number         4  uart1.o(.text.UART1_IRQHandler)
    __arm_cp.1_2                             0x00000e38   Number         4  uart1.o(.text.UART1_IRQHandler)
    __arm_cp.1_3                             0x00000e3c   Number         4  uart1.o(.text.UART1_IRQHandler)
    [Anonymous Symbol]                       0x00000e40   Section        0  lcd.o(.text.buttonInit)
    __arm_cp.0_0                             0x00000e84   Number         4  lcd.o(.text.buttonInit)
    __arm_cp.0_1                             0x00000e88   Number         4  lcd.o(.text.buttonInit)
    [Anonymous Symbol]                       0x00000e8c   Section        0  sensor.o(.text.checkAnalog)
    __arm_cp.1_0                             0x00000e9c   Number         4  sensor.o(.text.checkAnalog)
    [Anonymous Symbol]                       0x00000ea0   Section        0  lights.o(.text.color_onoff)
    __arm_cp.2_0                             0x00000eb4   Number         4  lights.o(.text.color_onoff)
    __arm_cp.2_2                             0x00000eb8   Number         4  lights.o(.text.color_onoff)
    [Anonymous Symbol]                       0x00000ebc   Section        0  lights.o(.text.color_pwmcontrol)
    __arm_cp.1_0                             0x00000ec4   Number         4  lights.o(.text.color_pwmcontrol)
    [Anonymous Symbol]                       0x00000ec8   Section        0  main.o(.text.delay_MS)
    [Anonymous Symbol]                       0x00000eec   Section        0  dht11.o(.text.dht_function)
    __arm_cp.2_0                             0x000011e0   Number         4  dht11.o(.text.dht_function)
    __arm_cp.2_1                             0x000011e4   Number         4  dht11.o(.text.dht_function)
    __arm_cp.2_2                             0x000011e8   Number         4  dht11.o(.text.dht_function)
    __arm_cp.2_3                             0x000011ec   Number         4  dht11.o(.text.dht_function)
    __arm_cp.2_4                             0x000011f0   Number         4  dht11.o(.text.dht_function)
    [Anonymous Symbol]                       0x000011fc   Section        0  lights.o(.text.fan_onoff)
    __arm_cp.6_0                             0x00001210   Number         4  lights.o(.text.fan_onoff)
    __arm_cp.6_1                             0x00001214   Number         4  lights.o(.text.fan_onoff)
    __arm_cp.6_2                             0x00001218   Number         4  lights.o(.text.fan_onoff)
    [Anonymous Symbol]                       0x0000121c   Section        0  dht11.o(.text.getDataBit)
    __arm_cp.1_0                             0x00001274   Number         4  dht11.o(.text.getDataBit)
    __arm_cp.1_1                             0x00001278   Number         4  dht11.o(.text.getDataBit)
    __arm_cp.1_2                             0x0000127c   Number         4  dht11.o(.text.getDataBit)
    [Anonymous Symbol]                       0x00001280   Section        0  lights.o(.text.heater_onoff)
    __arm_cp.7_0                             0x0000129c   Number         4  lights.o(.text.heater_onoff)
    [Anonymous Symbol]                       0x000012a0   Section        0  i2c.o(.text.i2c_Init)
    __arm_cp.0_0                             0x000013ac   Number         4  i2c.o(.text.i2c_Init)
    __arm_cp.0_1                             0x000013b0   Number         4  i2c.o(.text.i2c_Init)
    __arm_cp.0_2                             0x000013b4   Number         4  i2c.o(.text.i2c_Init)
    __arm_cp.0_3                             0x000013b8   Number         4  i2c.o(.text.i2c_Init)
    __arm_cp.0_4                             0x000013bc   Number         4  i2c.o(.text.i2c_Init)
    __arm_cp.0_5                             0x000013c0   Number         4  i2c.o(.text.i2c_Init)
    __arm_cp.0_6                             0x000013c4   Number         4  i2c.o(.text.i2c_Init)
    [Anonymous Symbol]                       0x000013c8   Section        0  i2c.o(.text.i2c_WriteText)
    __arm_cp.14_0                            0x00001454   Number         4  i2c.o(.text.i2c_WriteText)
    __arm_cp.14_1                            0x00001458   Number         4  i2c.o(.text.i2c_WriteText)
    [Anonymous Symbol]                       0x0000145c   Section        0  main.o(.text.main)
    __arm_cp.3_0                             0x000017b4   Number         4  main.o(.text.main)
    __arm_cp.3_1                             0x000017b8   Number         4  main.o(.text.main)
    __arm_cp.3_2                             0x000017bc   Number         4  main.o(.text.main)
    __arm_cp.3_3                             0x000017c0   Number         4  main.o(.text.main)
    __arm_cp.3_4                             0x000017c4   Number         4  main.o(.text.main)
    __arm_cp.3_5                             0x000017c8   Number         4  main.o(.text.main)
    __arm_cp.3_6                             0x000017cc   Number         4  main.o(.text.main)
    __arm_cp.3_7                             0x000017d0   Number         4  main.o(.text.main)
    __arm_cp.3_8                             0x000017d4   Number         4  main.o(.text.main)
    __arm_cp.3_9                             0x000017d8   Number         4  main.o(.text.main)
    __arm_cp.3_10                            0x000017dc   Number         4  main.o(.text.main)
    __arm_cp.3_11                            0x000017e0   Number         4  main.o(.text.main)
    __arm_cp.3_12                            0x000017e4   Number         4  main.o(.text.main)
    __arm_cp.3_15                            0x000017f8   Number         4  main.o(.text.main)
    __arm_cp.3_16                            0x000017fc   Number         4  main.o(.text.main)
    __arm_cp.3_20                            0x00001814   Number         4  main.o(.text.main)
    __arm_cp.3_22                            0x00001818   Number         4  main.o(.text.main)
    __arm_cp.3_23                            0x0000181c   Number         4  main.o(.text.main)
    __arm_cp.3_24                            0x00001820   Number         4  main.o(.text.main)
    __arm_cp.3_25                            0x00001824   Number         4  main.o(.text.main)
    [Anonymous Symbol]                       0x00001828   Section        0  lcd.o(.text.mainScreen)
    [Anonymous Symbol]                       0x00001868   Section        0  queue.o(.text.q_dequeue)
    [Anonymous Symbol]                       0x000018ac   Section        0  queue.o(.text.q_enqueue)
    __arm_cp.4_0                             0x000018f0   Number         4  queue.o(.text.q_enqueue)
    [Anonymous Symbol]                       0x000018f4   Section        0  queue.o(.text.q_init)
    [Anonymous Symbol]                       0x00001900   Section        0  queue.o(.text.q_size)
    [Anonymous Symbol]                       0x00001908   Section        0  lcd.o(.text.select)
    __arm_cp.2_0                             0x000019b8   Number         4  lcd.o(.text.select)
    __arm_cp.2_4                             0x000019dc   Number         4  lcd.o(.text.select)
    [Anonymous Symbol]                       0x000019e0   Section        0  sensor.o(.text.soil_Conv)
    __arm_cp.2_0                             0x00001a34   Number         4  sensor.o(.text.soil_Conv)
    __arm_cp.2_1                             0x00001a38   Number         4  sensor.o(.text.soil_Conv)
    __arm_cp.2_2                             0x00001a3c   Number         4  sensor.o(.text.soil_Conv)
    __arm_cp.2_3                             0x00001a40   Number         4  sensor.o(.text.soil_Conv)
    [Anonymous Symbol]                       0x00001a44   Section        0  tpm0.o(.text.timer0init)
    __arm_cp.0_0                             0x00001a64   Number         4  tpm0.o(.text.timer0init)
    [Anonymous Symbol]                       0x00001a68   Section        0  tpm0.o(.text.timerStart)
    [Anonymous Symbol]                       0x00001a78   Section        0  tpm0.o(.text.timerStop)
    __arm_cp.2_0                             0x00001a88   Number         4  tpm0.o(.text.timerStop)
    [Anonymous Symbol]                       0x00001a8c   Section        0  lights.o(.text.tpm_init)
    __arm_cp.0_0                             0x00001af8   Number         4  lights.o(.text.tpm_init)
    __arm_cp.0_1                             0x00001afc   Number         4  lights.o(.text.tpm_init)
    __arm_cp.0_2                             0x00001b00   Number         4  lights.o(.text.tpm_init)
    __arm_cp.0_3                             0x00001b04   Number         4  lights.o(.text.tpm_init)
    __arm_cp.0_4                             0x00001b08   Number         4  lights.o(.text.tpm_init)
    __arm_cp.0_5                             0x00001b0c   Number         4  lights.o(.text.tpm_init)
    __arm_cp.0_6                             0x00001b10   Number         4  lights.o(.text.tpm_init)
    [Anonymous Symbol]                       0x00001b14   Section        0  uart1.o(.text.uart1_init)
    __arm_cp.0_0                             0x00001b90   Number         4  uart1.o(.text.uart1_init)
    __arm_cp.0_1                             0x00001b94   Number         4  uart1.o(.text.uart1_init)
    __arm_cp.0_2                             0x00001b98   Number         4  uart1.o(.text.uart1_init)
    __arm_cp.0_4                             0x00001b9c   Number         4  uart1.o(.text.uart1_init)
    __arm_cp.0_5                             0x00001ba0   Number         4  uart1.o(.text.uart1_init)
    __arm_cp.0_6                             0x00001ba4   Number         4  uart1.o(.text.uart1_init)
    [Anonymous Symbol]                       0x00001ba8   Section        0  uart1.o(.text.uart1_receive_string)
    __arm_cp.6_0                             0x00001bdc   Number         4  uart1.o(.text.uart1_receive_string)
    [Anonymous Symbol]                       0x00001be0   Section        0  uart1.o(.text.uart1_send_string)
    __arm_cp.2_0                             0x00001c24   Number         4  uart1.o(.text.uart1_send_string)
    __arm_cp.2_1                             0x00001c28   Number         4  uart1.o(.text.uart1_send_string)
    i.__0sprintf$6                           0x00001c2c   Section        0  printf6.o(i.__0sprintf$6)
    i.__ARM_clz                              0x00001c54   Section        0  depilogue.o(i.__ARM_clz)
    i.__aeabi_errno_addr                     0x00001c84   Section        0  errno.o(i.__aeabi_errno_addr)
    i.__scatterload_copy                     0x00001c8c   Section       14  handlers.o(i.__scatterload_copy)
    i.__scatterload_null                     0x00001c9a   Section        2  handlers.o(i.__scatterload_null)
    i.__scatterload_zeroinit                 0x00001c9c   Section       14  handlers.o(i.__scatterload_zeroinit)
    _printf_core                             0x00001cad   Thumb Code   768  printf6.o(i._printf_core)
    i._printf_core                           0x00001cac   Section        0  printf6.o(i._printf_core)
    _printf_post_padding                     0x00001fb1   Thumb Code    32  printf6.o(i._printf_post_padding)
    i._printf_post_padding                   0x00001fb0   Section        0  printf6.o(i._printf_post_padding)
    _printf_pre_padding                      0x00001fd1   Thumb Code    44  printf6.o(i._printf_pre_padding)
    i._printf_pre_padding                    0x00001fd0   Section        0  printf6.o(i._printf_pre_padding)
    _sputc                                   0x00001ffd   Thumb Code    10  printf6.o(i._sputc)
    i._sputc                                 0x00001ffc   Section        0  printf6.o(i._sputc)
    .constdata                               0x00002006   Section      129  ctype_o.o(.constdata)
    table                                    0x00002088   Data           4  ctype_o.o(.constdata)
    .constdata                               0x00002088   Section        4  ctype_o.o(.constdata)
    [Anonymous Symbol]                       0x0000208c   Section        0  main.o(.rodata.str1.1)
    [Anonymous Symbol]                       0x00002099   Section        0  dht11.o(.rodata.str1.1)
    _errno                                   0x1ffff000   Data           4  errno.o(.data)
    .data                                    0x1ffff000   Section        4  errno.o(.data)
    [Anonymous Symbol]                       0x1ffff004   Section        0  main.o(.data..L_MergedGlobals)
    addr_                                    0x1ffff034   Data           1  driver.o(.data.addr_)
    [Anonymous Symbol]                       0x1ffff034   Section        0  driver.o(.data.addr_)
    [Anonymous Symbol]                       0x1ffff040   Section        0  lcd.o(.bss..L_MergedGlobals)
    [Anonymous Symbol]                       0x1ffff05c   Section        0  driver.o(.bss..L_MergedGlobals)
    [Anonymous Symbol]                       0x1ffff064   Section        0  main.o(.bss..L_MergedGlobals.10)
    [Anonymous Symbol]                       0x1ffff0a4   Section        0  main.o(.bss..L_MergedGlobals.8)
    [Anonymous Symbol]                       0x1ffff120   Section        0  main.o(.bss..L_MergedGlobals.9)
    RxQ                                      0x1ffff180   Data         524  uart.o(.bss.RxQ)
    [Anonymous Symbol]                       0x1ffff180   Section        0  uart.o(.bss.RxQ)
    TxQ                                      0x1ffff598   Data         524  uart.o(.bss.TxQ)
    [Anonymous Symbol]                       0x1ffff598   Section        0  uart.o(.bss.TxQ)
    STACK                                    0x1ffff9d0   Section     4096  startup_mkl25z4.o(STACK)

    Global Symbols

    Symbol Name                              Value     Ov Type        Size  Object(Section)

    BuildAttributes$$THM_ISAv3M$S$PE$A:L22$X:L11$S22$IEEE1$IW$~IW$USESV6$~STKCKD$USESV7$~SHL$OTIME$ROPI$EBA8$MICROLIB$REQ8$PRES8$EABIv2 0x00000000   Number         0  anon$$obj.o ABSOLUTE
    __Vectors                                0x00000000   Data           4  startup_mkl25z4.o(RESET)
    _printf_a                                0x00000000   Number         0  printfstubs.o ABSOLUTE
    _printf_c                                0x00000000   Number         0  printfstubs.o ABSOLUTE
    _printf_charcount                        0x00000000   Number         0  printfstubs.o ABSOLUTE
    _printf_d                                0x00000000   Number         0  printfstubs.o ABSOLUTE
    _printf_e                                0x00000000   Number         0  printfstubs.o ABSOLUTE
    _printf_f                                0x00000000   Number         0  printfstubs.o ABSOLUTE
    _printf_flags                            0x00000000   Number         0  printfstubs.o ABSOLUTE
    _printf_fp_dec                           0x00000000   Number         0  printfstubs.o ABSOLUTE
    _printf_fp_hex                           0x00000000   Number         0  printfstubs.o ABSOLUTE
    _printf_g                                0x00000000   Number         0  printfstubs.o ABSOLUTE
    _printf_i                                0x00000000   Number         0  printfstubs.o ABSOLUTE
    _printf_int_dec                          0x00000000   Number         0  printfstubs.o ABSOLUTE
    _printf_l                                0x00000000   Number         0  printfstubs.o ABSOLUTE
    _printf_lc                               0x00000000   Number         0  printfstubs.o ABSOLUTE
    _printf_ll                               0x00000000   Number         0  printfstubs.o ABSOLUTE
    _printf_lld                              0x00000000   Number         0  printfstubs.o ABSOLUTE
    _printf_lli                              0x00000000   Number         0  printfstubs.o ABSOLUTE
    _printf_llo                              0x00000000   Number         0  printfstubs.o ABSOLUTE
    _printf_llu                              0x00000000   Number         0  printfstubs.o ABSOLUTE
    _printf_llx                              0x00000000   Number         0  printfstubs.o ABSOLUTE
    _printf_longlong_dec                     0x00000000   Number         0  printfstubs.o ABSOLUTE
    _printf_longlong_hex                     0x00000000   Number         0  printfstubs.o ABSOLUTE
    _printf_longlong_oct                     0x00000000   Number         0  printfstubs.o ABSOLUTE
    _printf_ls                               0x00000000   Number         0  printfstubs.o ABSOLUTE
    _printf_mbtowc                           0x00000000   Number         0  printfstubs.o ABSOLUTE
    _printf_n                                0x00000000   Number         0  printfstubs.o ABSOLUTE
    _printf_o                                0x00000000   Number         0  printfstubs.o ABSOLUTE
    _printf_p                                0x00000000   Number         0  printfstubs.o ABSOLUTE
    _printf_percent                          0x00000000   Number         0  printfstubs.o ABSOLUTE
    _printf_pre_padding                      0x00000000   Number         0  printfstubs.o ABSOLUTE
    _printf_return_value                     0x00000000   Number         0  printfstubs.o ABSOLUTE
    _printf_s                                0x00000000   Number         0  printfstubs.o ABSOLUTE
    _printf_sizespec                         0x00000000   Number         0  printfstubs.o ABSOLUTE
    _printf_str                              0x00000000   Number         0  printfstubs.o ABSOLUTE
    _printf_truncate_signed                  0x00000000   Number         0  printfstubs.o ABSOLUTE
    _printf_truncate_unsigned                0x00000000   Number         0  printfstubs.o ABSOLUTE
    _printf_u                                0x00000000   Number         0  printfstubs.o ABSOLUTE
    _printf_wc                               0x00000000   Number         0  printfstubs.o ABSOLUTE
    _printf_wctomb                           0x00000000   Number         0  printfstubs.o ABSOLUTE
    _printf_widthprec                        0x00000000   Number         0  printfstubs.o ABSOLUTE
    _printf_x                                0x00000000   Number         0  printfstubs.o ABSOLUTE
    __cpp_initialize__aeabi_                  - Undefined Weak Reference
    __cxa_finalize                            - Undefined Weak Reference
    __decompress                              - Undefined Weak Reference
    _clock_init                               - Undefined Weak Reference
    _microlib_exit                            - Undefined Weak Reference
    __Vectors_End                            0x000000c0   Data           0  startup_mkl25z4.o(RESET)
    __Vectors_Size                           0x000000c0   Number         0  startup_mkl25z4.o ABSOLUTE
    __main                                   0x000000c1   Thumb Code     0  entry.o(.ARM.Collect$$$$00000000)
    _main_stk                                0x000000c1   Thumb Code     0  entry2.o(.ARM.Collect$$$$00000001)
    _main_scatterload                        0x000000c5   Thumb Code     0  entry5.o(.ARM.Collect$$$$00000004)
    __main_after_scatterload                 0x000000c9   Thumb Code     0  entry5.o(.ARM.Collect$$$$00000004)
    _main_clock                              0x000000c9   Thumb Code     0  entry7b.o(.ARM.Collect$$$$00000008)
    _main_cpp_init                           0x000000c9   Thumb Code     0  entry8b.o(.ARM.Collect$$$$0000000A)
    _main_init                               0x000000c9   Thumb Code     0  entry9a.o(.ARM.Collect$$$$0000000B)
    __rt_final_cpp                           0x000000d1   Thumb Code     0  entry10a.o(.ARM.Collect$$$$0000000D)
    __rt_final_exit                          0x000000d1   Thumb Code     0  entry11a.o(.ARM.Collect$$$$0000000F)
    Reset_Handler                            0x000000d5   Thumb Code    12  startup_mkl25z4.o(.text)
    NMI_Handler                              0x000000e1   Thumb Code     2  startup_mkl25z4.o(.text)
    HardFault_Handler                        0x000000e3   Thumb Code     2  startup_mkl25z4.o(.text)
    SVC_Handler                              0x000000e5   Thumb Code     2  startup_mkl25z4.o(.text)
    PendSV_Handler                           0x000000e7   Thumb Code     2  startup_mkl25z4.o(.text)
    SysTick_Handler                          0x000000e9   Thumb Code     2  startup_mkl25z4.o(.text)
    ADC0_IRQHandler                          0x000000eb   Thumb Code     0  startup_mkl25z4.o(.text)
    CMP0_IRQHandler                          0x000000eb   Thumb Code     0  startup_mkl25z4.o(.text)
    DAC0_IRQHandler                          0x000000eb   Thumb Code     0  startup_mkl25z4.o(.text)
    DMA0_IRQHandler                          0x000000eb   Thumb Code     0  startup_mkl25z4.o(.text)
    DMA1_IRQHandler                          0x000000eb   Thumb Code     0  startup_mkl25z4.o(.text)
    DMA2_IRQHandler                          0x000000eb   Thumb Code     0  startup_mkl25z4.o(.text)
    DMA3_IRQHandler                          0x000000eb   Thumb Code     0  startup_mkl25z4.o(.text)
    DefaultISR                               0x000000eb   Thumb Code     0  startup_mkl25z4.o(.text)
    FTFA_IRQHandler                          0x000000eb   Thumb Code     0  startup_mkl25z4.o(.text)
    I2C0_IRQHandler                          0x000000eb   Thumb Code     0  startup_mkl25z4.o(.text)
    I2C1_IRQHandler                          0x000000eb   Thumb Code     0  startup_mkl25z4.o(.text)
    LLWU_IRQHandler                          0x000000eb   Thumb Code     0  startup_mkl25z4.o(.text)
    LPTMR0_IRQHandler                        0x000000eb   Thumb Code     0  startup_mkl25z4.o(.text)
    LVD_LVW_IRQHandler                       0x000000eb   Thumb Code     0  startup_mkl25z4.o(.text)
    MCG_IRQHandler                           0x000000eb   Thumb Code     0  startup_mkl25z4.o(.text)
    PIT_IRQHandler                           0x000000eb   Thumb Code     0  startup_mkl25z4.o(.text)
    PORTA_IRQHandler                         0x000000eb   Thumb Code     0  startup_mkl25z4.o(.text)
    PORTD_IRQHandler                         0x000000eb   Thumb Code     0  startup_mkl25z4.o(.text)
    RTC_IRQHandler                           0x000000eb   Thumb Code     0  startup_mkl25z4.o(.text)
    RTC_Seconds_IRQHandler                   0x000000eb   Thumb Code     0  startup_mkl25z4.o(.text)
    Reserved20_IRQHandler                    0x000000eb   Thumb Code     0  startup_mkl25z4.o(.text)
    Reserved39_IRQHandler                    0x000000eb   Thumb Code     0  startup_mkl25z4.o(.text)
    Reserved45_IRQHandler                    0x000000eb   Thumb Code     0  startup_mkl25z4.o(.text)
    SPI0_IRQHandler                          0x000000eb   Thumb Code     0  startup_mkl25z4.o(.text)
    SPI1_IRQHandler                          0x000000eb   Thumb Code     0  startup_mkl25z4.o(.text)
    TPM0_IRQHandler                          0x000000eb   Thumb Code     0  startup_mkl25z4.o(.text)
    TPM1_IRQHandler                          0x000000eb   Thumb Code     0  startup_mkl25z4.o(.text)
    TPM2_IRQHandler                          0x000000eb   Thumb Code     0  startup_mkl25z4.o(.text)
    TSI0_IRQHandler                          0x000000eb   Thumb Code     0  startup_mkl25z4.o(.text)
    UART2_IRQHandler                         0x000000eb   Thumb Code     0  startup_mkl25z4.o(.text)
    USB0_IRQHandler                          0x000000eb   Thumb Code     0  startup_mkl25z4.o(.text)
    __aeabi_memset                           0x000000fd   Thumb Code    14  memseta.o(.text)
    __aeabi_memset4                          0x000000fd   Thumb Code     0  memseta.o(.text)
    __aeabi_memset8                          0x000000fd   Thumb Code     0  memseta.o(.text)
    __aeabi_memclr                           0x0000010b   Thumb Code     4  memseta.o(.text)
    __aeabi_memclr4                          0x0000010b   Thumb Code     0  memseta.o(.text)
    __aeabi_memclr8                          0x0000010b   Thumb Code     0  memseta.o(.text)
    _memset$wrapper                          0x0000010f   Thumb Code    18  memseta.o(.text)
    atoi                                     0x00000121   Thumb Code    26  atoi.o(.text)
    __aeabi_fadd                             0x0000013b   Thumb Code   162  fadd.o(.text)
    __aeabi_fsub                             0x000001dd   Thumb Code     8  fadd.o(.text)
    __aeabi_frsub                            0x000001e5   Thumb Code     8  fadd.o(.text)
    __aeabi_fmul                             0x000001ed   Thumb Code   122  fmul.o(.text)
    __aeabi_dadd                             0x00000269   Thumb Code   328  dadd.o(.text)
    __aeabi_dsub                             0x000003b1   Thumb Code    12  dadd.o(.text)
    __aeabi_drsub                            0x000003bd   Thumb Code    12  dadd.o(.text)
    __aeabi_ui2f                             0x000003cd   Thumb Code    14  ffltui.o(.text)
    __aeabi_ui2d                             0x000003dd   Thumb Code    24  dfltui.o(.text)
    __I$use$fp                               0x000003f9   Thumb Code     0  iusefp.o(.text)
    __rt_ctype_table                         0x000003f9   Thumb Code     4  ctype_o.o(.text)
    __aeabi_dmul                             0x00000411   Thumb Code   202  dmul.o(.text)
    __aeabi_ddiv                             0x000004e1   Thumb Code   234  ddiv.o(.text)
    __aeabi_i2d                              0x000005d1   Thumb Code    34  dflti.o(.text)
    __aeabi_f2iz                             0x000005f9   Thumb Code    50  ffixi.o(.text)
    __aeabi_d2iz                             0x0000062d   Thumb Code    62  dfixi.o(.text)
    __aeabi_uidiv                            0x00000675   Thumb Code     0  uidiv_div0.o(.text)
    __aeabi_uidivmod                         0x00000675   Thumb Code    62  uidiv_div0.o(.text)
    __aeabi_llsl                             0x000006b3   Thumb Code    32  llshl.o(.text)
    _ll_shift_l                              0x000006b3   Thumb Code     0  llshl.o(.text)
    __aeabi_llsr                             0x000006d3   Thumb Code    34  llushr.o(.text)
    _ll_ushift_r                             0x000006d3   Thumb Code     0  llushr.o(.text)
    __aeabi_lasr                             0x000006f5   Thumb Code    38  llsshr.o(.text)
    _ll_sshift_r                             0x000006f5   Thumb Code     0  llsshr.o(.text)
    strtol                                   0x0000071d   Thumb Code   108  strtol.o(.text)
    _float_round                             0x0000078d   Thumb Code    16  fepilogue.o(.text)
    _float_epilogue                          0x0000079d   Thumb Code   114  fepilogue.o(.text)
    _double_round                            0x0000080f   Thumb Code    26  depilogue.o(.text)
    _double_epilogue                         0x00000829   Thumb Code   164  depilogue.o(.text)
    __scatterload                            0x000008cd   Thumb Code    28  init.o(.text)
    __scatterload_rt2                        0x000008cd   Thumb Code     0  init.o(.text)
    _strtoul                                 0x000008f1   Thumb Code   166  _strtoul.o(.text)
    _chval                                   0x00000997   Thumb Code    30  _chval.o(.text)
    I2C_Write_byt                            0x000009b5   Thumb Code    16  main.o(.text.I2C_Write_byt)
    PCF8574T_Init                            0x000009c9   Thumb Code   468  driver.o(.text.PCF8574T_Init)
    PCF8574T_displayString                   0x00000b9d   Thumb Code   224  driver.o(.text.PCF8574T_displayString)
    SystemInit                               0x00000c8d   Thumb Code   188  system_mkl25z4.o(.text.SystemInit)
    UART0_IRQHandler                         0x00000d75   Thumb Code    92  uart.o(.text.UART0_IRQHandler)
    UART1_IRQHandler                         0x00000ddd   Thumb Code    84  uart1.o(.text.UART1_IRQHandler)
    buttonInit                               0x00000e41   Thumb Code    68  lcd.o(.text.buttonInit)
    checkAnalog                              0x00000e8d   Thumb Code    16  sensor.o(.text.checkAnalog)
    color_onoff                              0x00000ea1   Thumb Code    20  lights.o(.text.color_onoff)
    color_pwmcontrol                         0x00000ebd   Thumb Code     8  lights.o(.text.color_pwmcontrol)
    delay_MS                                 0x00000ec9   Thumb Code    36  main.o(.text.delay_MS)
    dht_function                             0x00000eed   Thumb Code   756  dht11.o(.text.dht_function)
    fan_onoff                                0x000011fd   Thumb Code    20  lights.o(.text.fan_onoff)
    getDataBit                               0x0000121d   Thumb Code    88  dht11.o(.text.getDataBit)
    heater_onoff                             0x00001281   Thumb Code    28  lights.o(.text.heater_onoff)
    i2c_Init                                 0x000012a1   Thumb Code   268  i2c.o(.text.i2c_Init)
    i2c_WriteText                            0x000013c9   Thumb Code   140  i2c.o(.text.i2c_WriteText)
    main                                     0x0000145d   Thumb Code   856  main.o(.text.main)
    mainScreen                               0x00001829   Thumb Code    44  lcd.o(.text.mainScreen)
    q_dequeue                                0x00001869   Thumb Code    68  queue.o(.text.q_dequeue)
    q_enqueue                                0x000018ad   Thumb Code    68  queue.o(.text.q_enqueue)
    q_init                                   0x000018f5   Thumb Code    12  queue.o(.text.q_init)
    q_size                                   0x00001901   Thumb Code     8  queue.o(.text.q_size)
    select                                   0x00001909   Thumb Code   176  lcd.o(.text.select)
    soil_Conv                                0x000019e1   Thumb Code    84  sensor.o(.text.soil_Conv)
    timer0init                               0x00001a45   Thumb Code    32  tpm0.o(.text.timer0init)
    timerStart                               0x00001a69   Thumb Code    16  tpm0.o(.text.timerStart)
    timerStop                                0x00001a79   Thumb Code    16  tpm0.o(.text.timerStop)
    tpm_init                                 0x00001a8d   Thumb Code   108  lights.o(.text.tpm_init)
    uart1_init                               0x00001b15   Thumb Code   124  uart1.o(.text.uart1_init)
    uart1_receive_string                     0x00001ba9   Thumb Code    52  uart1.o(.text.uart1_receive_string)
    uart1_send_string                        0x00001be1   Thumb Code    68  uart1.o(.text.uart1_send_string)
    __0sprintf$6                             0x00001c2d   Thumb Code    36  printf6.o(i.__0sprintf$6)
    __1sprintf$6                             0x00001c2d   Thumb Code     0  printf6.o(i.__0sprintf$6)
    __2sprintf                               0x00001c2d   Thumb Code     0  printf6.o(i.__0sprintf$6)
    __ARM_clz                                0x00001c55   Thumb Code    46  depilogue.o(i.__ARM_clz)
    __aeabi_errno_addr                       0x00001c85   Thumb Code     4  errno.o(i.__aeabi_errno_addr)
    __rt_errno_addr                          0x00001c85   Thumb Code     0  errno.o(i.__aeabi_errno_addr)
    __scatterload_copy                       0x00001c8d   Thumb Code    14  handlers.o(i.__scatterload_copy)
    __scatterload_null                       0x00001c9b   Thumb Code     2  handlers.o(i.__scatterload_null)
    __scatterload_zeroinit                   0x00001c9d   Thumb Code    14  handlers.o(i.__scatterload_zeroinit)
    __ctype_table                            0x00002006   Data         129  ctype_o.o(.constdata)
    Region$$Table$$Base                      0x000020b0   Number         0  anon$$obj.o(Region$$Table)
    Region$$Table$$Limit                     0x000020d0   Number         0  anon$$obj.o(Region$$Table)
    heaterTemp                               0x1ffff004   Data           4  main.o(.data..L_MergedGlobals)
    fanTemp                                  0x1ffff008   Data           4  main.o(.data..L_MergedGlobals)
    soilMoistTrigger                         0x1ffff00c   Data           4  main.o(.data..L_MergedGlobals)
    lightTrigger                             0x1ffff010   Data           4  main.o(.data..L_MergedGlobals)
    flagLookup                               0x1ffff014   Data          32  main.o(.data..L_MergedGlobals)
    color                                    0x1ffff036   Data           2  main.o(.data.color)
    fan                                      0x1ffff038   Data           2  main.o(.data.fan)
    y                                        0x1ffff040   Data           4  lcd.o(.bss..L_MergedGlobals)
    minY                                     0x1ffff044   Data           4  lcd.o(.bss..L_MergedGlobals)
    maxX                                     0x1ffff048   Data           4  lcd.o(.bss..L_MergedGlobals)
    minX                                     0x1ffff04c   Data           4  lcd.o(.bss..L_MergedGlobals)
    x                                        0x1ffff050   Data          12  lcd.o(.bss..L_MergedGlobals)
    write_func_                              0x1ffff05c   Data           4  driver.o(.bss..L_MergedGlobals)
    delay_func_                              0x1ffff060   Data           4  driver.o(.bss..L_MergedGlobals)
    transferFlag                             0x1ffff064   Data          32  main.o(.bss..L_MergedGlobals.10)
    flagString                               0x1ffff084   Data          32  main.o(.bss..L_MergedGlobals.10)
    dht11                                    0x1ffff0a4   Data           2  main.o(.bss..L_MergedGlobals.8)
    LDR_value                                0x1ffff0a6   Data           2  main.o(.bss..L_MergedGlobals.8)
    loop_counter                             0x1ffff0a8   Data           4  main.o(.bss..L_MergedGlobals.8)
    soil_Perc                                0x1ffff0ac   Data           4  main.o(.bss..L_MergedGlobals.8)
    status_flags                             0x1ffff0b0   Data          16  main.o(.bss..L_MergedGlobals.8)
    localReceive                             0x1ffff0c0   Data          32  main.o(.bss..L_MergedGlobals.8)
    tempString                               0x1ffff0e0   Data          32  main.o(.bss..L_MergedGlobals.8)
    humString                                0x1ffff100   Data          32  main.o(.bss..L_MergedGlobals.8)
    str                                      0x1ffff120   Data          32  main.o(.bss..L_MergedGlobals.9)
    str2                                     0x1ffff140   Data          32  main.o(.bss..L_MergedGlobals.9)
    str3                                     0x1ffff160   Data          32  main.o(.bss..L_MergedGlobals.9)
    RxQ                                      0x1ffff38c   Data         524  uart1.o(.bss.RxQ)
    TxQ                                      0x1ffff7a4   Data         524  uart1.o(.bss.TxQ)
    receiveString                            0x1ffff9b0   Data          32  uart1.o(.bss.receiveString)
    __initial_sp                             0x200009d0   Data           0  startup_mkl25z4.o(STACK)



==============================================================================

Memory Map of the image

  Image Entry point : 0x000000c1

  Load Region LR_IROM1 (Base: 0x00000000, Size: 0x00002110, Max: 0x00020000, ABSOLUTE)

    Execution Region ER_IROM1 (Exec base: 0x00000000, Load base: 0x00000000, Size: 0x000020d0, Max: 0x00020000, ABSOLUTE)

    Exec Addr    Load Addr    Size         Type   Attr      Idx    E Section Name        Object

    0x00000000   0x00000000   0x000000c0   Data   RO          256    RESET               startup_mkl25z4.o
    0x000000c0   0x000000c0   0x00000000   Code   RO          279  * .ARM.Collect$$$$00000000  mc_p.l(entry.o)
    0x000000c0   0x000000c0   0x00000004   Code   RO          573    .ARM.Collect$$$$00000001  mc_p.l(entry2.o)
    0x000000c4   0x000000c4   0x00000004   Code   RO          576    .ARM.Collect$$$$00000004  mc_p.l(entry5.o)
    0x000000c8   0x000000c8   0x00000000   Code   RO          578    .ARM.Collect$$$$00000008  mc_p.l(entry7b.o)
    0x000000c8   0x000000c8   0x00000000   Code   RO          580    .ARM.Collect$$$$0000000A  mc_p.l(entry8b.o)
    0x000000c8   0x000000c8   0x00000008   Code   RO          581    .ARM.Collect$$$$0000000B  mc_p.l(entry9a.o)
    0x000000d0   0x000000d0   0x00000000   Code   RO          583    .ARM.Collect$$$$0000000D  mc_p.l(entry10a.o)
    0x000000d0   0x000000d0   0x00000000   Code   RO          585    .ARM.Collect$$$$0000000F  mc_p.l(entry11a.o)
    0x000000d0   0x000000d0   0x00000004   Code   RO          574    .ARM.Collect$$$$00002712  mc_p.l(entry2.o)
    0x000000d4   0x000000d4   0x00000028   Code   RO          258    .text               startup_mkl25z4.o
    0x000000fc   0x000000fc   0x00000024   Code   RO          288    .text               mc_p.l(memseta.o)
    0x00000120   0x00000120   0x0000001a   Code   RO          551    .text               mc_p.l(atoi.o)
    0x0000013a   0x0000013a   0x000000b2   Code   RO          553    .text               mf_p.l(fadd.o)
    0x000001ec   0x000001ec   0x0000007a   Code   RO          555    .text               mf_p.l(fmul.o)
    0x00000266   0x00000266   0x00000002   PAD
    0x00000268   0x00000268   0x00000164   Code   RO          557    .text               mf_p.l(dadd.o)
    0x000003cc   0x000003cc   0x0000000e   Code   RO          563    .text               mf_p.l(ffltui.o)
    0x000003da   0x000003da   0x00000002   PAD
    0x000003dc   0x000003dc   0x0000001c   Code   RO          567    .text               mf_p.l(dfltui.o)
    0x000003f8   0x000003f8   0x00000000   Code   RO          619    .text               mc_p.l(iusefp.o)
    0x000003f8   0x000003f8   0x00000008   Code   RO          633    .text               mc_p.l(ctype_o.o)
    0x00000400   0x00000400   0x00000010   Code   RO          257    .ARM.__at_0x400     startup_mkl25z4.o
    0x00000410   0x00000410   0x000000d0   Code   RO          559    .text               mf_p.l(dmul.o)
    0x000004e0   0x000004e0   0x000000f0   Code   RO          561    .text               mf_p.l(ddiv.o)
    0x000005d0   0x000005d0   0x00000028   Code   RO          565    .text               mf_p.l(dflti.o)
    0x000005f8   0x000005f8   0x00000032   Code   RO          569    .text               mf_p.l(ffixi.o)
    0x0000062a   0x0000062a   0x00000002   PAD
    0x0000062c   0x0000062c   0x00000048   Code   RO          571    .text               mf_p.l(dfixi.o)
    0x00000674   0x00000674   0x0000003e   Code   RO          596    .text               mc_p.l(uidiv_div0.o)
    0x000006b2   0x000006b2   0x00000020   Code   RO          604    .text               mc_p.l(llshl.o)
    0x000006d2   0x000006d2   0x00000022   Code   RO          606    .text               mc_p.l(llushr.o)
    0x000006f4   0x000006f4   0x00000026   Code   RO          608    .text               mc_p.l(llsshr.o)
    0x0000071a   0x0000071a   0x00000002   PAD
    0x0000071c   0x0000071c   0x00000070   Code   RO          617    .text               mc_p.l(strtol.o)
    0x0000078c   0x0000078c   0x00000082   Code   RO          620    .text               mf_p.l(fepilogue.o)
    0x0000080e   0x0000080e   0x000000be   Code   RO          622    .text               mf_p.l(depilogue.o)
    0x000008cc   0x000008cc   0x00000024   Code   RO          630    .text               mc_p.l(init.o)
    0x000008f0   0x000008f0   0x000000a6   Code   RO          661    .text               mc_p.l(_strtoul.o)
    0x00000996   0x00000996   0x0000001e   Code   RO          664    .text               mc_p.l(_chval.o)
    0x000009b4   0x000009b4   0x00000014   Code   RO            4    .text.I2C_Write_byt  main.o
    0x000009c8   0x000009c8   0x000001d4   Code   RO          239    .text.PCF8574T_Init  driver.o
    0x00000b9c   0x00000b9c   0x000000f0   Code   RO          243    .text.PCF8574T_displayString  driver.o
    0x00000c8c   0x00000c8c   0x000000e8   Code   RO          267    .text.SystemInit    system_mkl25z4.o
    0x00000d74   0x00000d74   0x00000068   Code   RO          107    .text.UART0_IRQHandler  uart.o
    0x00000ddc   0x00000ddc   0x00000064   Code   RO          149    .text.UART1_IRQHandler  uart1.o
    0x00000e40   0x00000e40   0x0000004c   Code   RO          172    .text.buttonInit    lcd.o
    0x00000e8c   0x00000e8c   0x00000014   Code   RO           41    .text.checkAnalog   sensor.o
    0x00000ea0   0x00000ea0   0x0000001c   Code   RO           72    .text.color_onoff   lights.o
    0x00000ebc   0x00000ebc   0x0000000c   Code   RO           70    .text.color_pwmcontrol  lights.o
    0x00000ec8   0x00000ec8   0x00000024   Code   RO            6    .text.delay_MS      main.o
    0x00000eec   0x00000eec   0x00000310   Code   RO           57    .text.dht_function  dht11.o
    0x000011fc   0x000011fc   0x00000020   Code   RO           80    .text.fan_onoff     lights.o
    0x0000121c   0x0000121c   0x00000064   Code   RO           55    .text.getDataBit    dht11.o
    0x00001280   0x00001280   0x00000020   Code   RO           82    .text.heater_onoff  lights.o
    0x000012a0   0x000012a0   0x00000128   Code   RO          201    .text.i2c_Init      i2c.o
    0x000013c8   0x000013c8   0x00000094   Code   RO          229    .text.i2c_WriteText  i2c.o
    0x0000145c   0x0000145c   0x000003cc   Code   RO            8    .text.main          main.o
    0x00001828   0x00001828   0x00000040   Code   RO          178    .text.mainScreen    lcd.o
    0x00001868   0x00001868   0x00000044   Code   RO          137    .text.q_dequeue     queue.o
    0x000018ac   0x000018ac   0x00000048   Code   RO          135    .text.q_enqueue     queue.o
    0x000018f4   0x000018f4   0x0000000c   Code   RO          127    .text.q_init        queue.o
    0x00001900   0x00001900   0x00000008   Code   RO          133    .text.q_size        queue.o
    0x00001908   0x00001908   0x000000d8   Code   RO          176    .text.select        lcd.o
    0x000019e0   0x000019e0   0x00000064   Code   RO           43    .text.soil_Conv     sensor.o
    0x00001a44   0x00001a44   0x00000024   Code   RO           92    .text.timer0init    tpm0.o
    0x00001a68   0x00001a68   0x00000010   Code   RO           94    .text.timerStart    tpm0.o
    0x00001a78   0x00001a78   0x00000014   Code   RO           96    .text.timerStop     tpm0.o
    0x00001a8c   0x00001a8c   0x00000088   Code   RO           68    .text.tpm_init      lights.o
    0x00001b14   0x00001b14   0x00000094   Code   RO          147    .text.uart1_init    uart1.o
    0x00001ba8   0x00001ba8   0x00000038   Code   RO          159    .text.uart1_receive_string  uart1.o
    0x00001be0   0x00001be0   0x0000004c   Code   RO          151    .text.uart1_send_string  uart1.o
    0x00001c2c   0x00001c2c   0x00000028   Code   RO          447    i.__0sprintf$6      mc_p.l(printf6.o)
    0x00001c54   0x00001c54   0x0000002e   Code   RO          624    i.__ARM_clz         mf_p.l(depilogue.o)
    0x00001c82   0x00001c82   0x00000002   PAD
    0x00001c84   0x00001c84   0x00000008   Code   RO          610    i.__aeabi_errno_addr  mc_p.l(errno.o)
    0x00001c8c   0x00001c8c   0x0000000e   Code   RO          668    i.__scatterload_copy  mc_p.l(handlers.o)
    0x00001c9a   0x00001c9a   0x00000002   Code   RO          669    i.__scatterload_null  mc_p.l(handlers.o)
    0x00001c9c   0x00001c9c   0x0000000e   Code   RO          670    i.__scatterload_zeroinit  mc_p.l(handlers.o)
    0x00001caa   0x00001caa   0x00000002   PAD
    0x00001cac   0x00001cac   0x00000304   Code   RO          452    i._printf_core      mc_p.l(printf6.o)
    0x00001fb0   0x00001fb0   0x00000020   Code   RO          453    i._printf_post_padding  mc_p.l(printf6.o)
    0x00001fd0   0x00001fd0   0x0000002c   Code   RO          454    i._printf_pre_padding  mc_p.l(printf6.o)
    0x00001ffc   0x00001ffc   0x0000000a   Code   RO          456    i._sputc            mc_p.l(printf6.o)
    0x00002006   0x00002006   0x00000081   Data   RO          634    .constdata          mc_p.l(ctype_o.o)
    0x00002087   0x00002087   0x00000001   PAD
    0x00002088   0x00002088   0x00000004   Data   RO          635    .constdata          mc_p.l(ctype_o.o)
    0x0000208c   0x0000208c   0x0000000d   Data   RO           16    .rodata.str1.1      main.o
    0x00002099   0x00002099   0x00000017   Data   RO           59    .rodata.str1.1      dht11.o
    0x000020b0   0x000020b0   0x00000020   Data   RO          667    Region$$Table       anon$$obj.o


    Execution Region RW_IRAM1 (Exec base: 0x1ffff000, Load base: 0x000020d0, Size: 0x000019d0, Max: 0x00004000, ABSOLUTE)

    Exec Addr    Load Addr    Size         Type   Attr      Idx    E Section Name        Object

    0x1ffff000   0x000020d0   0x00000004   Data   RW          613    .data               mc_p.l(errno.o)
    0x1ffff004   0x000020d4   0x00000030   Data   RW           19    .data..L_MergedGlobals  main.o
    0x1ffff034   0x00002104   0x00000001   Data   RW          245    .data.addr_         driver.o
    0x1ffff035   0x00002105   0x00000001   PAD
    0x1ffff036   0x00002106   0x00000002   Data   RW           12    .data.color         main.o
    0x1ffff038   0x00002108   0x00000002   Data   RW           14    .data.fan           main.o
    0x1ffff03a   0x0000210a   0x00000006   PAD
    0x1ffff040        -       0x0000001c   Zero   RW          192    .bss..L_MergedGlobals  lcd.o
    0x1ffff05c        -       0x00000008   Zero   RW          246    .bss..L_MergedGlobals  driver.o
    0x1ffff064        -       0x00000040   Zero   RW           22    .bss..L_MergedGlobals.10  main.o
    0x1ffff0a4        -       0x0000007c   Zero   RW           20    .bss..L_MergedGlobals.8  main.o
    0x1ffff120        -       0x00000060   Zero   RW           21    .bss..L_MergedGlobals.9  main.o
    0x1ffff180        -       0x0000020c   Zero   RW          118    .bss.RxQ            uart.o
    0x1ffff38c        -       0x0000020c   Zero   RW          162    .bss.RxQ            uart1.o
    0x1ffff598        -       0x0000020c   Zero   RW          117    .bss.TxQ            uart.o
    0x1ffff7a4        -       0x0000020c   Zero   RW          161    .bss.TxQ            uart1.o
    0x1ffff9b0        -       0x00000020   Zero   RW          163    .bss.receiveString  uart1.o
    0x1ffff9d0        -       0x00001000   Zero   RW          254    STACK               startup_mkl25z4.o


==============================================================================

Image component sizes


      Code (inc. data)   RO Data    RW Data    ZI Data      Debug   Object Name

       884         40         23          0          0      10110   dht11.o
       708         16          0          1          8       4747   driver.o
       444         68          0          0          0       9354   i2c.o
       356         68          0          0         28       3677   lcd.o
       240         56          0          0          0       3108   lights.o
      1028        140         13         52        284       6118   main.o
       160          4          0          0          0       2779   queue.o
       120         20          0          0          0       3034   sensor.o
        56         30        192          0       4096        936   startup_mkl25z4.o
       232         44          0          0          0       3270   system_mkl25z4.o
        72          8          0          0          0       1931   tpm0.o
       104         12          0          0       1048       4818   uart.o
       380         52          0          0       1080       5372   uart1.o

    ----------------------------------------------------------------------
      4784        558        260         56       6548      59254   Object Totals
         0          0         32          0          0          0   (incl. Generated)
         0          0          0          3          4          0   (incl. Padding)

    ----------------------------------------------------------------------

      Code (inc. data)   RO Data    RW Data    ZI Data      Debug   Library Member Name

        30          0          0          0          0         60   _chval.o
       166          0          0          0          0         84   _strtoul.o
        26          0          0          0          0         72   atoi.o
         8          4        133          0          0         60   ctype_o.o
         0          0          0          0          0          0   entry.o
         0          0          0          0          0          0   entry10a.o
         0          0          0          0          0          0   entry11a.o
         8          4          0          0          0          0   entry2.o
         4          0          0          0          0          0   entry5.o
         0          0          0          0          0          0   entry7b.o
         0          0          0          0          0          0   entry8b.o
         8          4          0          0          0          0   entry9a.o
         8          4          0          4          0         60   errno.o
        30          0          0          0          0          0   handlers.o
        36          8          0          0          0         68   init.o
         0          0          0          0          0          0   iusefp.o
        32          0          0          0          0         68   llshl.o
        38          0          0          0          0         68   llsshr.o
        34          0          0          0          0         68   llushr.o
        36          0          0          0          0        100   memseta.o
       898          8          0          0          0        384   printf6.o
       112          4          0          0          0         76   strtol.o
        62          0          0          0          0         72   uidiv_div0.o
       356          4          0          0          0        140   dadd.o
       240          6          0          0          0         84   ddiv.o
       236          0          0          0          0        216   depilogue.o
        72         10          0          0          0         72   dfixi.o
        40          6          0          0          0         68   dflti.o
        28          4          0          0          0         68   dfltui.o
       208          6          0          0          0         88   dmul.o
       178          0          0          0          0        108   fadd.o
       130          0          0          0          0        144   fepilogue.o
        50          0          0          0          0         60   ffixi.o
        14          0          0          0          0         68   ffltui.o
       122          0          0          0          0         72   fmul.o

    ----------------------------------------------------------------------
      3222         72        134          4          0       2428   Library Totals
        12          0          1          0          0          0   (incl. Padding)

    ----------------------------------------------------------------------

      Code (inc. data)   RO Data    RW Data    ZI Data      Debug   Library Name

      1536         36        133          4          0       1240   mc_p.l
      1674         36          0          0          0       1188   mf_p.l

    ----------------------------------------------------------------------
      3222         72        134          4          0       2428   Library Totals

    ----------------------------------------------------------------------

==============================================================================


      Code (inc. data)   RO Data    RW Data    ZI Data      Debug   

      8006        630        394         60       6548      60426   Grand Totals
      8006        630        394         60       6548      60426   ELF Image Totals
      8006        630        394         60          0          0   ROM Totals

==============================================================================

    Total RO  Size (Code + RO Data)                 8400 (   8.20kB)
    Total RW  Size (RW Data + ZI Data)              6608 (   6.45kB)
    Total ROM Size (Code + RO Data + RW Data)       8460 (   8.26kB)

==============================================================================

